Found 1 complete MyoPS cases under /input
Using CARE self-model overlay from /app/models/self_model/selection.json

#######################################################################
Please cite the following paper when using nnU-Net:
Isensee, F., Jaeger, P. F., Kohl, S. A., Petersen, J., & Maier-Hein, K. H. (2021). nnU-Net: a self-configuring method for deep learning-based biomedical image segmentation. Nature methods, 18(2), 203-211.
#######################################################################

perform_everything_on_device=True is only supported for cuda devices! Setting this to False
There are 1 cases in the source folder
I am processing 0 out of 1 (max process ID is 0, we start counting with 0!)
There are 1 cases that I would like to predict
WARNING! Not all input images have the same origin!
Origins:
[(81.45833587646484, 109.79167175292969, 40.0), (84.45833587646484, 109.79167175292969, 40.0), (81.45833587646484, 109.79167175292969, 40.0)]
Image files:
['/tmp/care_myops_nnunet_azmfvpzz/input/SS_Z1_SP4_0000.nii.gz', '/tmp/care_myops_nnunet_azmfvpzz/input/SS_Z1_SP4_0001.nii.gz', '/tmp/care_myops_nnunet_azmfvpzz/input/SS_Z1_SP4_0002.nii.gz']
It is up to you to decide whether that's a problem. You should run nnUNetv2_plot_overlay_pngs to verify that segmentations and data overlap.

Predicting SS_Z1_SP4:
perform_everything_on_device: False
sending off prediction to background worker for resampling and export
done with SS_Z1_SP4
perform_everything_on_device=True is only supported for cuda devices! Setting this to False
WARNING! Not all input images have the same origin!
Origins:
[(81.45833587646484, 109.79167175292969, 40.0), (84.45833587646484, 109.79167175292969, 40.0), (81.45833587646484, 109.79167175292969, 40.0)]
Image files:
['/input/myops/SS_Z1_SP4_LGE.nii.gz', '/input/myops/SS_Z1_SP4_T2.nii.gz', '/input/myops/SS_Z1_SP4_C0.nii.gz']
It is up to you to decide whether that's a problem. You should run nnUNetv2_plot_overlay_pngs to verify that segmentations and data overlap.
SS_Z1_SP4: wrote /output/myops/SS_Z1_SP4_pred.nii.gz
