{
  "case_ids": [
    "Case2002",
    "Case1002"
  ],
  "checkpoint_path": "results/20260721_srr_batch6_final_objective_alignment/runtime/fixed_batch_overfit/checkpoint_step_60.pt",
  "checks": {
    "all_losses_finite": true,
    "combined_final_pathology_loss_relative_decrease": 0.11770158808967707,
    "edema_final_pathology_loss_relative_decrease": 0.18389766826259923,
    "final_logits_max_abs_change_from_step0": 5.747633457183838,
    "gate_loss_relative_decrease": 0.8519875748209685,
    "no_t2_edema_exact_zero": true,
    "production_gate_repair_gradient_l2_max": 1.9535696480439348,
    "save_reload_final_logits_max_abs_delta": 0.0,
    "scar_final_pathology_loss_relative_decrease": 0.030228780550660146
  },
  "final_losses": {
    "combined_final_pathology_loss": 0.60162752866745,
    "edema_final_pathology_loss": 0.316770076751709,
    "gate_repair_preserve_loss": 0.32347750663757324,
    "scar_final_pathology_loss": 0.28485745191574097
  },
  "formal_training_credit": 0,
  "frozen_scope": [
    "encoders",
    "retrieval",
    "evidence_heads",
    "scar_dictionary",
    "edema_dictionary",
    "prototype_memory"
  ],
  "initial_losses": {
    "combined_final_pathology_loss": 0.6818866729736328,
    "edema_final_pathology_loss": 0.3881499469280243,
    "gate_repair_preserve_loss": 2.1854753494262695,
    "scar_final_pathology_loss": 0.2937367558479309
  },
  "learning_rate": 0.01,
  "optimizer_steps": 60,
  "parameter_hash_after": "bf2d24c1d089c57fcac7e28cdf6e60fa158bb12c4d34c915bd570f9bdd3e08e4",
  "production_gate_migration": {
    "applied": true,
    "copied_input_channels": [
      0,
      1,
      2,
      3
    ],
    "key": "production_correction_gate.weight",
    "non_gate_parameters_loaded_strict": true,
    "source_shape": [
      2,
      4,
      1,
      1,
      1
    ],
    "target_shape": [
      2,
      13,
      1,
      1,
      1
    ],
    "zero_initialized_input_channels": [
      4,
      5,
      6,
      7,
      8,
      9,
      10,
      11,
      12
    ]
  },
  "source_checkpoint_path": "results/20260721_srr_batch4_forced_fold0_training/runtime/attempts/srr_batch4_m10d3_full4scale_fold0_seed20260721_htzhulab_59682067/variants/srr_batch4_m10d3_full4scale_fold0_seed20260721_htzhulab_59682067/checkpoints/fold_0/propref_config/checkpoint_validation_step_1800.pt",
  "source_checkpoint_sha256": "bc325754202d5cf0aa59aa8fab0306b38c2665640339afa3f8d06a13c70009f6",
  "status": "FAIL",
  "trainable_parameter_names": [
    "edema_refine.refine.0.weight",
    "edema_refine.refine.1.bias",
    "edema_refine.refine.1.weight",
    "edema_refine.refine.3.weight",
    "edema_refine.refine.4.bias",
    "edema_refine.refine.4.weight",
    "edema_refine.refine.6.bias",
    "edema_refine.refine.6.weight",
    "production_correction_gate.bias",
    "production_correction_gate.weight",
    "scar_refine.refine.0.weight",
    "scar_refine.refine.1.bias",
    "scar_refine.refine.1.weight",
    "scar_refine.refine.3.weight",
    "scar_refine.refine.4.bias",
    "scar_refine.refine.4.weight",
    "scar_refine.refine.6.bias",
    "scar_refine.refine.6.weight"
  ]
}
