{
  "case_ids": [
    "Case2002",
    "Case1002"
  ],
  "checkpoint_path": "results/20260721_srr_batch6_final_objective_alignment/runtime/fixed_batch_overfit/checkpoint_step_60.pt",
  "checks": {
    "all_losses_finite": true,
    "combined_final_pathology_loss_relative_decrease": 0.0275602788772185,
    "edema_final_pathology_loss_relative_decrease": 0.0335953568105898,
    "final_logits_max_abs_change_from_step0": 4.2791008949279785,
    "gate_loss_relative_decrease": 0.08527004931409293,
    "no_t2_edema_exact_zero": true,
    "production_gate_repair_gradient_l2_max": 1.9535696480439348,
    "save_reload_final_logits_max_abs_delta": 0.0,
    "scar_final_pathology_loss_relative_decrease": 0.019585396761622416
  },
  "final_losses": {
    "combined_final_pathology_loss": 0.6630936861038208,
    "edema_final_pathology_loss": 0.3751099109649658,
    "gate_repair_preserve_loss": 1.999119758605957,
    "scar_final_pathology_loss": 0.28798380494117737
  },
  "formal_training_credit": 0,
  "frozen_scope": [
    "encoders",
    "retrieval",
    "evidence_heads",
    "scar_dictionary",
    "edema_dictionary",
    "prototype_memory"
  ],
  "initial_losses": {
    "combined_final_pathology_loss": 0.6818866729736328,
    "edema_final_pathology_loss": 0.3881499469280243,
    "gate_repair_preserve_loss": 2.1854753494262695,
    "scar_final_pathology_loss": 0.2937367558479309
  },
  "optimizer_steps": 60,
  "parameter_hash_after": "805c7426637be7101998506b013dc8955c9c01bdc2459e71d5fe9308fda4f67b",
  "production_gate_migration": {
    "applied": true,
    "copied_input_channels": [
      0,
      1,
      2,
      3
    ],
    "key": "production_correction_gate.weight",
    "non_gate_parameters_loaded_strict": true,
    "source_shape": [
      2,
      4,
      1,
      1,
      1
    ],
    "target_shape": [
      2,
      13,
      1,
      1,
      1
    ],
    "zero_initialized_input_channels": [
      4,
      5,
      6,
      7,
      8,
      9,
      10,
      11,
      12
    ]
  },
  "source_checkpoint_path": "results/20260721_srr_batch4_forced_fold0_training/runtime/attempts/srr_batch4_m10d3_full4scale_fold0_seed20260721_htzhulab_59682067/variants/srr_batch4_m10d3_full4scale_fold0_seed20260721_htzhulab_59682067/checkpoints/fold_0/propref_config/checkpoint_validation_step_1800.pt",
  "source_checkpoint_sha256": "bc325754202d5cf0aa59aa8fab0306b38c2665640339afa3f8d06a13c70009f6",
  "status": "FAIL",
  "trainable_parameter_names": [
    "edema_refine.refine.0.weight",
    "edema_refine.refine.1.bias",
    "edema_refine.refine.1.weight",
    "edema_refine.refine.3.weight",
    "edema_refine.refine.4.bias",
    "edema_refine.refine.4.weight",
    "edema_refine.refine.6.bias",
    "edema_refine.refine.6.weight",
    "production_correction_gate.bias",
    "production_correction_gate.weight",
    "scar_refine.refine.0.weight",
    "scar_refine.refine.1.bias",
    "scar_refine.refine.1.weight",
    "scar_refine.refine.3.weight",
    "scar_refine.refine.4.bias",
    "scar_refine.refine.4.weight",
    "scar_refine.refine.6.bias",
    "scar_refine.refine.6.weight"
  ]
}
