\BOOKMARK [1][-]{section.1}{\376\377\0001\000.\000\040\116\072\116\300\116\110\163\260\127\050\137\305\230\173\120\132\131\061\215\045\123\326\213\301}{}% 1
\BOOKMARK [1][-]{section.2}{\376\377\0002\000.\000\040\000C\000A\000R\000E\000\040\145\160\143\156\060\001\116\055\137\303\060\001\152\041\140\001\124\214\150\007\173\176\167\037\120\074}{}% 2
\BOOKMARK [1][-]{section.3}{\376\377\0003\000.\000\040\133\230\145\271\116\016\121\205\220\350\143\007\150\007\213\355\116\111}{}% 3
\BOOKMARK [1][-]{section.4}{\376\377\0004\000.\000\040\137\123\122\115\213\304\116\367\116\343\170\001\116\055\166\204\135\362\170\156\213\244\225\356\230\230}{}% 4
\BOOKMARK [1][-]{section.5}{\376\377\0005\000.\000\040\000n\000n\000U\000-\000N\000e\000t\000\040\137\072\127\372\176\277\122\060\136\225\137\072\127\050\124\352\221\314}{}% 5
\BOOKMARK [1][-]{section.6}{\376\377\0006\000.\000\040\000S\000R\000R\000\040\000v\0002\000-\000v\0003\000\040\166\204\213\276\213\241\141\017\126\376\116\016\204\075\127\060\135\356\215\335}{}% 6
\BOOKMARK [1][-]{section.7}{\376\377\0007\000.\000\040\000B\000a\000t\000c\000h\000\040\0000\000-\0007\000\040\123\206\123\362\213\301\143\156}{}% 7
\BOOKMARK [1][-]{section.8}{\376\377\0008\000.\000\040\000M\000M\000R\000D\000\040\166\204\213\276\213\241\060\001\133\236\163\260\124\214\131\061\215\045}{}% 8
\BOOKMARK [1][-]{section.9}{\376\377\0009\000.\000\040\000C\000a\000s\000c\000a\000d\000e\000/\000D\000G\000\040\166\204\213\276\213\241\060\001\133\236\163\260\124\214\131\061\215\045}{}% 9
\BOOKMARK [1][-]{section.10}{\376\377\0001\0000\000.\000\040\000A\000R\000C\000\040\166\204\213\276\213\241\060\001\133\236\163\260\124\214\131\061\215\045}{}% 10
\BOOKMARK [1][-]{section.11}{\376\377\0001\0001\000.\000\040\000P\000R\000I\000S\000M\000\040\000W\0001\000-\000W\0003\000\040\166\204\133\214\145\164\131\015\166\330}{}% 11
\BOOKMARK [1][-]{section.12}{\376\377\0001\0002\000.\000\040\000M\000o\000S\000A\000I\000C\000\040\000c\000l\000e\000a\000n\060\001\000f\000u\000l\000l\000-\000d\000a\000t\000a\000\040\124\214\000\040\000h\000o\000s\000t\000e\000d\000\040\000r\000e\000c\000i\000p\000e}{}% 12
\BOOKMARK [1][-]{section.13}{\376\377\0001\0003\000.\000\040\142\100\147\011\152\041\127\213\176\337\116\000\165\305\117\213\176\247\153\324\217\203}{}% 13
\BOOKMARK [1][-]{section.14}{\376\377\0001\0004\000.\000\040\126\360\226\276\133\120\176\304}{}% 14
\BOOKMARK [1][-]{section.15}{\376\377\0001\0005\000.\000\040\000c\000a\000s\000e\000-\000w\000i\000s\000e\000\040\000h\000e\000l\000p\000/\000h\000a\000r\000m}{}% 15
\BOOKMARK [1][-]{section.16}{\376\377\0001\0006\000.\000\040\131\061\215\045\165\305\117\213\211\306\211\311\126\376\121\214}{}% 16
\BOOKMARK [1][-]{section.17}{\376\377\0001\0007\000.\000\040\225\031\213\357\221\315\124\010\124\214\152\041\127\213\116\222\210\145\116\012\226\120}{}% 17
\BOOKMARK [1][-]{section.18}{\376\377\0001\0008\000.\000\040\000s\000e\000l\000e\000c\000t\000o\000r\000\040\000f\000e\000a\000s\000i\000b\000i\000l\000i\000t\000y}{}% 18
\BOOKMARK [1][-]{section.19}{\376\377\0001\0009\000.\000\040\121\273\176\323\162\171\137\201\123\357\122\006\140\047\000\040\000p\000r\000o\000b\000e}{}% 19
\BOOKMARK [1][-]{section.20}{\376\377\0002\0000\000.\000\040\000d\000e\000c\000o\000d\000e\000r\000-\000r\000e\000s\000e\000t\000\040\213\312\145\255\133\371\161\147}{}% 20
\BOOKMARK [1][-]{section.21}{\376\377\0002\0001\000.\000\040\131\032\136\217\122\027\225\031\117\115\146\057\124\046\116\072\116\073\126\340}{}% 21
\BOOKMARK [1][-]{section.22}{\376\377\0002\0002\000.\000\040\000s\000c\000a\000r\000\040\166\204\167\037\133\236\164\366\230\210}{}% 22
\BOOKMARK [1][-]{section.23}{\376\377\0002\0003\000.\000\040\000p\000u\000r\000e\000\040\000e\000d\000e\000m\000a\000\040\166\204\167\037\133\236\164\366\230\210}{}% 23
\BOOKMARK [1][-]{section.24}{\376\377\0002\0004\000.\000\040\000C\000i\000n\000e\000\040\166\204\167\037\133\236\164\366\230\210}{}% 24
\BOOKMARK [1][-]{section.25}{\376\377\0002\0005\000.\000\040\116\072\116\300\116\110\217\307\123\273\131\032\153\041\121\105\122\006\213\276\213\241\116\315\161\066\131\061\215\045}{}% 25
\BOOKMARK [1][-]{section.26}{\376\377\0002\0006\000.\000\040\150\071\126\340\143\222\136\217\116\016\213\301\143\156\126\376}{}% 26
\BOOKMARK [1][-]{section.27}{\376\377\0002\0007\000.\000\040\137\123\122\115\200\375\116\013\166\204\176\323\213\272}{}% 27
\BOOKMARK [1][-]{section.28}{\376\377\0002\0008\000.\000\040\137\123\122\115\116\015\200\375\116\013\166\204\176\323\213\272}{}% 28
\BOOKMARK [1][-]{section.29}{\376\377\0002\0009\000.\000\040\131\026\220\350\000\040\000D\000e\000e\000p\000\040\000R\000e\000s\000e\000a\000r\000c\000h\000\040\137\305\230\173\126\336\173\124\166\204\225\356\230\230}{}% 29
\BOOKMARK [1][-]{section.30}{\376\377\0003\0000\000.\000\040\116\013\116\000\217\156\121\263\173\126\150\021}{}% 30
\BOOKMARK [1][-]{appendix.A}{\376\377\152\041\127\213\124\214\000\040\000c\000h\000e\000c\000k\000p\000o\000i\000n\000t\000\040\000p\000r\000o\000v\000e\000n\000a\000n\000c\000e}{}% 31
\BOOKMARK [1][-]{appendix.B}{\376\377\143\007\150\007\121\154\137\017\124\214\000\040\000k\000n\000o\000w\000n\000-\000b\000a\000d}{}% 32
\BOOKMARK [1][-]{appendix.C}{\376\377\213\301\143\156\177\072\123\343}{}% 33
