This is XeTeX, Version 3.14159265-2.6-0.999992 (TeX Live 2020) (preloaded format=xelatex 2026.7.29)  29 JUL 2026 22:57
entering extended mode
 restricted \write18 enabled.
 %&-line parsing enabled.
**CARE_failure_forensics_20260730.tex
(./CARE_failure_forensics_20260730.tex
LaTeX2e <2020-10-01> patch level 4
L3 programming layer <2021-02-18>
(/usr/share/texlive/texmf-dist/tex/latex/base/article.cls
Document Class: article 2020/04/10 v1.4m Standard LaTeX document class
(/usr/share/texlive/texmf-dist/tex/latex/base/size11.clo
File: size11.clo 2020/04/10 v1.4m Standard LaTeX file (size option)
)
\c@part=\count175
\c@section=\count176
\c@subsection=\count177
\c@subsubsection=\count178
\c@paragraph=\count179
\c@subparagraph=\count180
\c@figure=\count181
\c@table=\count182
\abovecaptionskip=\skip47
\belowcaptionskip=\skip48
\bibindent=\dimen138
)
(/usr/share/texlive/texmf-dist/tex/latex/geometry/geometry.sty
Package: geometry 2020/01/02 v5.9 Page Geometry

(/usr/share/texlive/texmf-dist/tex/latex/graphics/keyval.sty
Package: keyval 2014/10/28 v1.15 key=value parser (DPC)
\KV@toks@=\toks15
)
(/usr/share/texlive/texmf-dist/tex/generic/iftex/ifvtex.sty
Package: ifvtex 2019/10/25 v1.7 ifvtex legacy package. Use iftex instead.

(/usr/share/texlive/texmf-dist/tex/generic/iftex/iftex.sty
Package: iftex 2020/03/06 v1.0d TeX engine tests
))
\Gm@cnth=\count183
\Gm@cntv=\count184
\c@Gm@tempcnt=\count185
\Gm@bindingoffset=\dimen139
\Gm@wd@mp=\dimen140
\Gm@odd@mp=\dimen141
\Gm@even@mp=\dimen142
\Gm@layoutwidth=\dimen143
\Gm@layoutheight=\dimen144
\Gm@layouthoffset=\dimen145
\Gm@layoutvoffset=\dimen146
\Gm@dimlist=\toks16
)
(/usr/share/texlive/texmf-dist/tex/latex/fontspec/fontspec.sty
(/usr/share/texlive/texmf-dist/tex/latex/l3packages/xparse/xparse.sty
(/usr/share/texlive/texmf-dist/tex/latex/l3kernel/expl3.sty
Package: expl3 2021-02-18 L3 programming layer (loader)

(/usr/share/texlive/texmf-dist/tex/latex/l3backend/l3backend-xetex.def
File: l3backend-xetex.def 2021-03-18 L3 backend support: XeTeX

(|extractbb --version)
\c__kernel_sys_dvipdfmx_version_int=\count186
\l__color_backend_stack_int=\count187
\g__graphics_track_int=\count188
\l__pdf_internal_box=\box47
\g__pdf_backend_object_int=\count189
\g__pdf_backend_annotation_int=\count190
\g__pdf_backend_link_int=\count191
))
(/usr/share/texlive/texmf-dist/tex/latex/l3packages/xparse/xparse-2020-10-01.st
y (/usr/share/texlive/texmf-dist/tex/latex/l3packages/xparse/xparse-generic.tex
)))
Package: fontspec 2020/02/21 v2.7i Font selection for XeLaTeX and LuaLaTeX
 (/usr/share/texlive/texmf-dist/tex/latex/fontspec/fontspec-xetex.sty
Package: fontspec-xetex 2020/02/21 v2.7i Font selection for XeLaTeX and LuaLaTe
X
\l__fontspec_script_int=\count192
\l__fontspec_language_int=\count193
\l__fontspec_strnum_int=\count194
\l__fontspec_tmp_int=\count195
\l__fontspec_tmpa_int=\count196
\l__fontspec_tmpb_int=\count197
\l__fontspec_tmpc_int=\count198
\l__fontspec_em_int=\count199
\l__fontspec_emdef_int=\count266
\l__fontspec_strong_int=\count267
\l__fontspec_strongdef_int=\count268
\l__fontspec_tmpa_dim=\dimen147
\l__fontspec_tmpb_dim=\dimen148
\l__fontspec_tmpc_dim=\dimen149

(/usr/share/texlive/texmf-dist/tex/latex/base/fontenc.sty
Package: fontenc 2020/08/10 v2.0s Standard LaTeX package
)
(/usr/share/texlive/texmf-dist/tex/latex/fontspec/fontspec.cfg)))
(/users/a/e/aereinh/render_resources/chinese_math_pdf/texmf/tex/xelatex/xecjk/x
eCJK.sty
Package: xeCJK 2020/10/19 v3.8.6 Typesetting CJK scripts with XeLaTeX

(/usr/share/texlive/texmf-dist/tex/latex/l3packages/l3keys2e/l3keys2e.sty
Package: l3keys2e 2021-03-12 LaTeX2e option processing using LaTeX3 keys
)
(/usr/share/texlive/texmf-dist/tex/latex/l3packages/xtemplate/xtemplate.sty
Package: xtemplate 2021-03-12 L3 Experimental prototype document functions
\l__xtemplate_tmp_dim=\dimen150
\l__xtemplate_tmp_int=\count269
\l__xtemplate_tmp_muskip=\muskip16
\l__xtemplate_tmp_skip=\skip49
)
\l__xeCJK_tmp_int=\count270
\l__xeCJK_tmp_box=\box48
\l__xeCJK_tmp_dim=\dimen151
\l__xeCJK_tmp_skip=\skip50

(/users/a/e/aereinh/render_resources/chinese_math_pdf/texmf/tex/latex/ctex/ctex
hook.sty
Package: ctexhook 2021/03/14 v2.5.6 Document and package hooks (CTEX)
)
\g__xeCJK_space_factor_int=\count271
\l__xeCJK_begin_int=\count272
\l__xeCJK_end_int=\count273
\c__xeCJK_CJK_class_int=\XeTeXcharclass1
\c__xeCJK_FullLeft_class_int=\XeTeXcharclass2
\c__xeCJK_FullRight_class_int=\XeTeXcharclass3
\c__xeCJK_HalfLeft_class_int=\XeTeXcharclass4
\c__xeCJK_HalfRight_class_int=\XeTeXcharclass5
\c__xeCJK_NormalSpace_class_int=\XeTeXcharclass6
\c__xeCJK_CM_class_int=\XeTeXcharclass7
\c__xeCJK_HangulJamo_class_int=\XeTeXcharclass8
\l__xeCJK_last_skip=\skip51
\g__xeCJK_node_int=\count274
\c__xeCJK_CJK_node_dim=\dimen152
\c__xeCJK_CJK-space_node_dim=\dimen153
\c__xeCJK_default_node_dim=\dimen154
\c__xeCJK_default-space_node_dim=\dimen155
\c__xeCJK_CJK-widow_node_dim=\dimen156
\c__xeCJK_normalspace_node_dim=\dimen157
\l__xeCJK_ccglue_skip=\skip52
\l__xeCJK_ecglue_skip=\skip53
\l__xeCJK_punct_kern_skip=\skip54
\l__xeCJK_last_penalty_int=\count275
\l__xeCJK_last_bound_dim=\dimen158
\l__xeCJK_last_kern_dim=\dimen159
\l__xeCJK_widow_penalty_int=\count276

Package xtemplate Info: Declaring object type 'xeCJK/punctuation' taking 0
(xtemplate)             argument(s) on line 2341.

\l__xeCJK_fixed_punct_width_dim=\dimen160
\l__xeCJK_mixed_punct_width_dim=\dimen161
\l__xeCJK_middle_punct_width_dim=\dimen162
\l__xeCJK_fixed_margin_width_dim=\dimen163
\l__xeCJK_mixed_margin_width_dim=\dimen164
\l__xeCJK_middle_margin_width_dim=\dimen165
\l__xeCJK_bound_punct_width_dim=\dimen166
\l__xeCJK_bound_margin_width_dim=\dimen167
\l__xeCJK_margin_minimum_dim=\dimen168
\l__xeCJK_kerning_total_width_dim=\dimen169
\l__xeCJK_same_align_margin_dim=\dimen170
\l__xeCJK_different_align_margin_dim=\dimen171
\l__xeCJK_kerning_margin_width_dim=\dimen172
\l__xeCJK_kerning_margin_minimum_dim=\dimen173
\l__xeCJK_bound_dim=\dimen174
\l__xeCJK_reverse_bound_dim=\dimen175
\l__xeCJK_margin_dim=\dimen176
\l__xeCJK_minimum_bound_dim=\dimen177
\l__xeCJK_kerning_margin_dim=\dimen178
\g__xeCJK_family_int=\count277
\l__xeCJK_fam_int=\count278
\g__xeCJK_fam_allocation_int=\count279
\l__xeCJK_verb_case_int=\count280
\l__xeCJK_verb_exspace_skip=\skip55

(/users/a/e/aereinh/render_resources/chinese_math_pdf/texmf/tex/xelatex/xecjk/x
eCJK.cfg
File: xeCJK.cfg 2020/10/19 v3.8.6 Configuration file for xeCJK package
))
(/usr/share/texlive/texmf-dist/tex/latex/unicode-math/unicode-math.sty
Package: unicode-math 2020/01/31 v0.8q Unicode maths in XeLaTeX and LuaLaTeX

(/usr/share/texlive/texmf-dist/tex/latex/unicode-math/unicode-math-xetex.sty
Package: unicode-math-xetex 2020/01/31 v0.8q Unicode maths in XeLaTeX and LuaLa
TeX

(/usr/share/texlive/texmf-dist/tex/latex/base/fix-cm.sty
Package: fix-cm 2015/01/14 v1.1t fixes to LaTeX

(/usr/share/texlive/texmf-dist/tex/latex/base/ts1enc.def
File: ts1enc.def 2001/06/05 v3.0e (jk/car/fm) Standard LaTeX file
LaTeX Font Info:    Redeclaring font encoding TS1 on input line 47.
))
(/usr/share/texlive/texmf-dist/tex/latex/amsmath/amsmath.sty
Package: amsmath 2020/09/23 v2.17i AMS math features
\@mathmargin=\skip56

For additional information on amsmath, use the `?' option.
(/usr/share/texlive/texmf-dist/tex/latex/amsmath/amstext.sty
Package: amstext 2000/06/29 v2.01 AMS text

(/usr/share/texlive/texmf-dist/tex/latex/amsmath/amsgen.sty
File: amsgen.sty 1999/11/30 v2.0 generic functions
\@emptytoks=\toks17
\ex@=\dimen179
))
(/usr/share/texlive/texmf-dist/tex/latex/amsmath/amsbsy.sty
Package: amsbsy 1999/11/29 v1.2d Bold Symbols
\pmbraise@=\dimen180
)
(/usr/share/texlive/texmf-dist/tex/latex/amsmath/amsopn.sty
Package: amsopn 2016/03/08 v2.02 operator names
)
\inf@bad=\count281
LaTeX Info: Redefining \frac on input line 234.
\uproot@=\count282
\leftroot@=\count283
LaTeX Info: Redefining \overline on input line 399.
\classnum@=\count284
\DOTSCASE@=\count285
LaTeX Info: Redefining \ldots on input line 496.
LaTeX Info: Redefining \dots on input line 499.
LaTeX Info: Redefining \cdots on input line 620.
\Mathstrutbox@=\box49
\strutbox@=\box50
\big@size=\dimen181
LaTeX Font Info:    Redeclaring font encoding OML on input line 743.
LaTeX Font Info:    Redeclaring font encoding OMS on input line 744.
\macc@depth=\count286
\c@MaxMatrixCols=\count287
\dotsspace@=\muskip17
\c@parentequation=\count288
\dspbrk@lvl=\count289
\tag@help=\toks18
\row@=\count290
\column@=\count291
\maxfields@=\count292
\andhelp@=\toks19
\eqnshift@=\dimen182
\alignsep@=\dimen183
\tagshift@=\dimen184
\tagwidth@=\dimen185
\totwidth@=\dimen186
\lineht@=\dimen187
\@envbody=\toks20
\multlinegap=\skip57
\multlinetaggap=\skip58
\mathdisplay@stack=\toks21
LaTeX Info: Redefining \[ on input line 2923.
LaTeX Info: Redefining \] on input line 2924.
)
\g__um_fam_int=\count293
\g__um_fonts_used_int=\count294
\l__um_primecount_int=\count295
\g__um_primekern_muskip=\muskip18

(/usr/share/texlive/texmf-dist/tex/latex/unicode-math/unicode-math-table.tex)))

Package fontspec Info: Font family 'texgyretermes-regular.otf(0)' created for
(fontspec)             font 'texgyretermes-regular.otf' with options
(fontspec)             [Ligatures=TeX,Path=/usr/share/texlive/texmf-dist/fonts/
opentype/public/tex-gyre/,BoldFont=texgyretermes-bold.otf,ItalicFont=texgyreter
mes-italic.otf,BoldItalicFont=texgyretermes-bolditalic.otf].
(fontspec)
(fontspec)              This font family consists of the following NFSS
(fontspec)             series/shapes:
(fontspec)
(fontspec)             - 'normal' (m/n) with NFSS spec.:
(fontspec)             <->"[/usr/share/texlive/texmf-dist/fonts/opentype/public
/tex-gyre/texgyretermes-regular.otf]/OT:script=latn;language=dflt;mapping=tex-t
ext;"
(fontspec)             - 'small caps'  (m/sc) with NFSS spec.:
(fontspec)             <->"[/usr/share/texlive/texmf-dist/fonts/opentype/public
/tex-gyre/texgyretermes-regular.otf]/OT:script=latn;language=dflt;+smcp;mapping
=tex-text;"
(fontspec)             - 'bold' (b/n) with NFSS spec.:
(fontspec)             <->"[/usr/share/texlive/texmf-dist/fonts/opentype/public
/tex-gyre/texgyretermes-bold.otf]/OT:script=latn;language=dflt;mapping=tex-text
;"
(fontspec)             - 'bold small caps'  (b/sc) with NFSS spec.:
(fontspec)             <->"[/usr/share/texlive/texmf-dist/fonts/opentype/public
/tex-gyre/texgyretermes-bold.otf]/OT:script=latn;language=dflt;+smcp;mapping=te
x-text;"
(fontspec)             - 'italic' (m/it) with NFSS spec.:
(fontspec)             <->"[/usr/share/texlive/texmf-dist/fonts/opentype/public
/tex-gyre/texgyretermes-italic.otf]/OT:script=latn;language=dflt;mapping=tex-te
xt;"
(fontspec)             - 'italic small caps'  (m/scit) with NFSS spec.:
(fontspec)             <->"[/usr/share/texlive/texmf-dist/fonts/opentype/public
/tex-gyre/texgyretermes-italic.otf]/OT:script=latn;language=dflt;+smcp;mapping=
tex-text;"
(fontspec)             - 'bold italic' (b/it) with NFSS spec.:
(fontspec)             <->"[/usr/share/texlive/texmf-dist/fonts/opentype/public
/tex-gyre/texgyretermes-bolditalic.otf]/OT:script=latn;language=dflt;mapping=te
x-text;"
(fontspec)             - 'bold italic small caps'  (b/scit) with NFSS spec.:
(fontspec)             <->"[/usr/share/texlive/texmf-dist/fonts/opentype/public
/tex-gyre/texgyretermes-bolditalic.otf]/OT:script=latn;language=dflt;+smcp;mapp
ing=tex-text;"


Package fontspec Info: Font family 'texgyretermes-regular.otf(1)' created for
(fontspec)             font 'texgyretermes-regular.otf' with options
(fontspec)             [Path=/usr/share/texlive/texmf-dist/fonts/opentype/publi
c/tex-gyre/,BoldFont=texgyretermes-bold.otf,ItalicFont=texgyretermes-italic.otf
,BoldItalicFont=texgyretermes-bolditalic.otf].
(fontspec)
(fontspec)              This font family consists of the following NFSS
(fontspec)             series/shapes:
(fontspec)
(fontspec)             - 'normal' (m/n) with NFSS spec.:
(fontspec)             <->"[/usr/share/texlive/texmf-dist/fonts/opentype/public
/tex-gyre/texgyretermes-regular.otf]/OT:script=latn;language=dflt;"
(fontspec)             - 'small caps'  (m/sc) with NFSS spec.:
(fontspec)             <->"[/usr/share/texlive/texmf-dist/fonts/opentype/public
/tex-gyre/texgyretermes-regular.otf]/OT:script=latn;language=dflt;+smcp;"
(fontspec)             - 'bold' (b/n) with NFSS spec.:
(fontspec)             <->"[/usr/share/texlive/texmf-dist/fonts/opentype/public
/tex-gyre/texgyretermes-bold.otf]/OT:script=latn;language=dflt;"
(fontspec)             - 'bold small caps'  (b/sc) with NFSS spec.:
(fontspec)             <->"[/usr/share/texlive/texmf-dist/fonts/opentype/public
/tex-gyre/texgyretermes-bold.otf]/OT:script=latn;language=dflt;+smcp;"
(fontspec)             - 'italic' (m/it) with NFSS spec.:
(fontspec)             <->"[/usr/share/texlive/texmf-dist/fonts/opentype/public
/tex-gyre/texgyretermes-italic.otf]/OT:script=latn;language=dflt;"
(fontspec)             - 'italic small caps'  (m/scit) with NFSS spec.:
(fontspec)             <->"[/usr/share/texlive/texmf-dist/fonts/opentype/public
/tex-gyre/texgyretermes-italic.otf]/OT:script=latn;language=dflt;+smcp;"
(fontspec)             - 'bold italic' (b/it) with NFSS spec.:
(fontspec)             <->"[/usr/share/texlive/texmf-dist/fonts/opentype/public
/tex-gyre/texgyretermes-bolditalic.otf]/OT:script=latn;language=dflt;"
(fontspec)             - 'bold italic small caps'  (b/scit) with NFSS spec.:
(fontspec)             <->"[/usr/share/texlive/texmf-dist/fonts/opentype/public
/tex-gyre/texgyretermes-bolditalic.otf]/OT:script=latn;language=dflt;+smcp;"

LaTeX Font Info:    Overwriting math alphabet `\mathrm' in version `normal'
(Font)                  OT1/cmr/m/n --> TU/texgyretermes-regular.otf(1)/m/n on
input line 11.
LaTeX Font Info:    Overwriting math alphabet `\mathit' in version `normal'
(Font)                  OT1/cmr/m/it --> TU/texgyretermes-regular.otf(1)/m/it o
n input line 11.
LaTeX Font Info:    Overwriting math alphabet `\mathbf' in version `normal'
(Font)                  OT1/cmr/bx/n --> TU/texgyretermes-regular.otf(1)/b/n on
 input line 11.

Package fontspec Info: Font family 'texgyreheros-regular.otf(0)' created for
(fontspec)             font 'texgyreheros-regular.otf' with options
(fontspec)             [Ligatures=TeX,Path=/usr/share/texlive/texmf-dist/fonts/
opentype/public/tex-gyre/,BoldFont=texgyreheros-bold.otf,ItalicFont=texgyrehero
s-italic.otf,BoldItalicFont=texgyreheros-bolditalic.otf].
(fontspec)
(fontspec)              This font family consists of the following NFSS
(fontspec)             series/shapes:
(fontspec)
(fontspec)             - 'normal' (m/n) with NFSS spec.:
(fontspec)             <->"[/usr/share/texlive/texmf-dist/fonts/opentype/public
/tex-gyre/texgyreheros-regular.otf]/OT:script=latn;language=dflt;mapping=tex-te
xt;"
(fontspec)             - 'small caps'  (m/sc) with NFSS spec.:
(fontspec)             <->"[/usr/share/texlive/texmf-dist/fonts/opentype/public
/tex-gyre/texgyreheros-regular.otf]/OT:script=latn;language=dflt;+smcp;mapping=
tex-text;"
(fontspec)             - 'bold' (b/n) with NFSS spec.:
(fontspec)             <->"[/usr/share/texlive/texmf-dist/fonts/opentype/public
/tex-gyre/texgyreheros-bold.otf]/OT:script=latn;language=dflt;mapping=tex-text;
"
(fontspec)             - 'bold small caps'  (b/sc) with NFSS spec.:
(fontspec)             <->"[/usr/share/texlive/texmf-dist/fonts/opentype/public
/tex-gyre/texgyreheros-bold.otf]/OT:script=latn;language=dflt;+smcp;mapping=tex
-text;"
(fontspec)             - 'italic' (m/it) with NFSS spec.:
(fontspec)             <->"[/usr/share/texlive/texmf-dist/fonts/opentype/public
/tex-gyre/texgyreheros-italic.otf]/OT:script=latn;language=dflt;mapping=tex-tex
t;"
(fontspec)             - 'italic small caps'  (m/scit) with NFSS spec.:
(fontspec)             <->"[/usr/share/texlive/texmf-dist/fonts/opentype/public
/tex-gyre/texgyreheros-italic.otf]/OT:script=latn;language=dflt;+smcp;mapping=t
ex-text;"
(fontspec)             - 'bold italic' (b/it) with NFSS spec.:
(fontspec)             <->"[/usr/share/texlive/texmf-dist/fonts/opentype/public
/tex-gyre/texgyreheros-bolditalic.otf]/OT:script=latn;language=dflt;mapping=tex
-text;"
(fontspec)             - 'bold italic small caps'  (b/scit) with NFSS spec.:
(fontspec)             <->"[/usr/share/texlive/texmf-dist/fonts/opentype/public
/tex-gyre/texgyreheros-bolditalic.otf]/OT:script=latn;language=dflt;+smcp;mappi
ng=tex-text;"


Package fontspec Info: Font family 'texgyreheros-regular.otf(1)' created for
(fontspec)             font 'texgyreheros-regular.otf' with options
(fontspec)             [Path=/usr/share/texlive/texmf-dist/fonts/opentype/publi
c/tex-gyre/,BoldFont=texgyreheros-bold.otf,ItalicFont=texgyreheros-italic.otf,B
oldItalicFont=texgyreheros-bolditalic.otf].
(fontspec)
(fontspec)              This font family consists of the following NFSS
(fontspec)             series/shapes:
(fontspec)
(fontspec)             - 'normal' (m/n) with NFSS spec.:
(fontspec)             <->"[/usr/share/texlive/texmf-dist/fonts/opentype/public
/tex-gyre/texgyreheros-regular.otf]/OT:script=latn;language=dflt;"
(fontspec)             - 'small caps'  (m/sc) with NFSS spec.:
(fontspec)             <->"[/usr/share/texlive/texmf-dist/fonts/opentype/public
/tex-gyre/texgyreheros-regular.otf]/OT:script=latn;language=dflt;+smcp;"
(fontspec)             - 'bold' (b/n) with NFSS spec.:
(fontspec)             <->"[/usr/share/texlive/texmf-dist/fonts/opentype/public
/tex-gyre/texgyreheros-bold.otf]/OT:script=latn;language=dflt;"
(fontspec)             - 'bold small caps'  (b/sc) with NFSS spec.:
(fontspec)             <->"[/usr/share/texlive/texmf-dist/fonts/opentype/public
/tex-gyre/texgyreheros-bold.otf]/OT:script=latn;language=dflt;+smcp;"
(fontspec)             - 'italic' (m/it) with NFSS spec.:
(fontspec)             <->"[/usr/share/texlive/texmf-dist/fonts/opentype/public
/tex-gyre/texgyreheros-italic.otf]/OT:script=latn;language=dflt;"
(fontspec)             - 'italic small caps'  (m/scit) with NFSS spec.:
(fontspec)             <->"[/usr/share/texlive/texmf-dist/fonts/opentype/public
/tex-gyre/texgyreheros-italic.otf]/OT:script=latn;language=dflt;+smcp;"
(fontspec)             - 'bold italic' (b/it) with NFSS spec.:
(fontspec)             <->"[/usr/share/texlive/texmf-dist/fonts/opentype/public
/tex-gyre/texgyreheros-bolditalic.otf]/OT:script=latn;language=dflt;"
(fontspec)             - 'bold italic small caps'  (b/scit) with NFSS spec.:
(fontspec)             <->"[/usr/share/texlive/texmf-dist/fonts/opentype/public
/tex-gyre/texgyreheros-bolditalic.otf]/OT:script=latn;language=dflt;+smcp;"

LaTeX Font Info:    Overwriting math alphabet `\mathsf' in version `normal'
(Font)                  OT1/cmss/m/n --> TU/texgyreheros-regular.otf(1)/m/n on
input line 17.
LaTeX Font Info:    Overwriting math alphabet `\mathsf' in version `bold'
(Font)                  OT1/cmss/bx/n --> TU/texgyreheros-regular.otf(1)/b/n on
 input line 17.

Package fontspec Info: Font family 'lmmono10-regular.otf(0)' created for font
(fontspec)             'lmmono10-regular.otf' with options
(fontspec)             [WordSpace={1,0,0},HyphenChar=None,PunctuationSpace=Word
Space,Path=/usr/share/texlive/texmf-dist/fonts/opentype/public/lm/,ItalicFont=l
mmono10-italic.otf].
(fontspec)
(fontspec)              This font family consists of the following NFSS
(fontspec)             series/shapes:
(fontspec)
(fontspec)             - 'normal' (m/n) with NFSS spec.:
(fontspec)             <->"[/usr/share/texlive/texmf-dist/fonts/opentype/public
/lm/lmmono10-regular.otf]/OT:script=latn;language=dflt;"
(fontspec)             - 'small caps'  (m/sc) with NFSS spec.:
(fontspec)             and font adjustment code:
(fontspec)             \fontdimen 2\font =1\fontdimen 2\font \fontdimen 3\font
(fontspec)             =0\fontdimen 3\font \fontdimen 4\font =0\fontdimen
(fontspec)             4\font \fontdimen 7\font =0\fontdimen 2\font
(fontspec)             \tex_hyphenchar:D \font =-1\scan_stop:
(fontspec)             - 'italic' (m/it) with NFSS spec.:
(fontspec)             <->"[/usr/share/texlive/texmf-dist/fonts/opentype/public
/lm/lmmono10-italic.otf]/OT:script=latn;language=dflt;"
(fontspec)             - 'italic small caps'  (m/scit) with NFSS spec.:
(fontspec)             and font adjustment code:
(fontspec)             \fontdimen 2\font =1\fontdimen 2\font \fontdimen 3\font
(fontspec)             =0\fontdimen 3\font \fontdimen 4\font =0\fontdimen
(fontspec)             4\font \fontdimen 7\font =0\fontdimen 2\font
(fontspec)             \tex_hyphenchar:D \font =-1\scan_stop:


Package fontspec Info: Font family 'lmmono10-regular.otf(1)' created for font
(fontspec)             'lmmono10-regular.otf' with options
(fontspec)             [Path=/usr/share/texlive/texmf-dist/fonts/opentype/publi
c/lm/,ItalicFont=lmmono10-italic.otf].
(fontspec)
(fontspec)              This font family consists of the following NFSS
(fontspec)             series/shapes:
(fontspec)
(fontspec)             - 'normal' (m/n) with NFSS spec.:
(fontspec)             <->"[/usr/share/texlive/texmf-dist/fonts/opentype/public
/lm/lmmono10-regular.otf]/OT:script=latn;language=dflt;"
(fontspec)             - 'small caps'  (m/sc) with NFSS spec.:
(fontspec)             - 'italic' (m/it) with NFSS spec.:
(fontspec)             <->"[/usr/share/texlive/texmf-dist/fonts/opentype/public
/lm/lmmono10-italic.otf]/OT:script=latn;language=dflt;"
(fontspec)             - 'italic small caps'  (m/scit) with NFSS spec.:

LaTeX Font Info:    Overwriting math alphabet `\mathtt' in version `normal'
(Font)                  OT1/cmtt/m/n --> TU/lmmono10-regular.otf(1)/m/n on inpu
t line 21.
LaTeX Font Info:    Overwriting math alphabet `\mathtt' in version `bold'
(Font)                  OT1/cmtt/m/n --> TU/lmmono10-regular.otf(1)/b/n on inpu
t line 21.

Package fontspec Info: Font family 'texgyretermes-math.otf(0)' created for
(fontspec)             font 'texgyretermes-math.otf' with options
(fontspec)             [BoldItalicFont={},ItalicFont={},SmallCapsFont={},Script
=Math,Path={/usr/share/texlive/texmf-dist/fonts/opentype/public/tex-gyre-math/}
].
(fontspec)
(fontspec)              This font family consists of the following NFSS
(fontspec)             series/shapes:
(fontspec)
(fontspec)             - 'normal' (m/n) with NFSS spec.:
(fontspec)             <->"[/usr/share/texlive/texmf-dist/fonts/opentype/public
/tex-gyre-math/texgyretermes-math.otf]/OT:script=math;language=dflt;"
(fontspec)             - 'small caps'  (m/sc) with NFSS spec.:


Package fontspec Info: Font family 'texgyretermes-math.otf(1)' created for
(fontspec)             font 'texgyretermes-math.otf' with options
(fontspec)             [BoldItalicFont={},ItalicFont={},SmallCapsFont={},Script
=Math,SizeFeatures={{Size=9.5265-},{Size=7.06275-9.5265,Font=texgyretermes-math
.otf,Style=MathScript},{Size=-7.06275,Font=texgyretermes-math.otf,Style=MathScr
iptScript}},Path={/usr/share/texlive/texmf-dist/fonts/opentype/public/tex-gyre-
math/}].
(fontspec)
(fontspec)              This font family consists of the following NFSS
(fontspec)             series/shapes:
(fontspec)
(fontspec)             - 'normal' (m/n) with NFSS spec.:
(fontspec)             <9.5265->"[/usr/share/texlive/texmf-dist/fonts/opentype/
public/tex-gyre-math/texgyretermes-math.otf]/OT:script=math;language=dflt;"<7.0
6275-9.5265>"[/usr/share/texlive/texmf-dist/fonts/opentype/public/tex-gyre-math
/texgyretermes-math.otf]/OT:script=math;language=dflt;+ssty=0;"<-7.06275>"[/usr
/share/texlive/texmf-dist/fonts/opentype/public/tex-gyre-math/texgyretermes-mat
h.otf]/OT:script=math;language=dflt;+ssty=1;"
(fontspec)             - 'small caps'  (m/sc) with NFSS spec.:

LaTeX Font Info:    Encoding `OT1' has changed to `TU' for symbol font
(Font)              `operators' in the math version `normal' on input line 24.
LaTeX Font Info:    Overwriting symbol font `operators' in version `normal'
(Font)                  OT1/cmr/m/n --> TU/texgyretermes-math.otf(1)/m/n on inp
ut line 24.
LaTeX Font Info:    Encoding `OT1' has changed to `TU' for symbol font
(Font)              `operators' in the math version `bold' on input line 24.
LaTeX Font Info:    Overwriting symbol font `operators' in version `bold'
(Font)                  OT1/cmr/bx/n --> TU/texgyretermes-math.otf(1)/b/n on in
put line 24.

Package fontspec Info: texgyretermes-math scale = 1.0001.


Package fontspec Info: texgyretermes-math scale = 1.0001.


Package fontspec Info: texgyretermes-math scale = 1.0001.


Package fontspec Info: texgyretermes-math scale = 1.0001.


Package fontspec Info: Font family 'texgyretermes-math.otf(2)' created for
(fontspec)             font 'texgyretermes-math.otf' with options
(fontspec)             [BoldItalicFont={},ItalicFont={},SmallCapsFont={},Script
=Math,SizeFeatures={{Size=9.5265-},{Size=7.06275-9.5265,Font=texgyretermes-math
.otf,Style=MathScript},{Size=-7.06275,Font=texgyretermes-math.otf,Style=MathScr
iptScript}},Path={/usr/share/texlive/texmf-dist/fonts/opentype/public/tex-gyre-
math/},ScaleAgain=1.0001,FontAdjustment={\fontdimen
(fontspec)             8\font =6.94229pt\relax \fontdimen 9\font
(fontspec)             =4.7085pt\relax \fontdimen 10\font =4.7085pt\relax
(fontspec)             \fontdimen 11\font =6.5481pt\relax \fontdimen 12\font
(fontspec)             =2.9127pt\relax \fontdimen 13\font =3.71205pt\relax
(fontspec)             \fontdimen 14\font =3.71205pt\relax \fontdimen 15\font
(fontspec)             =3.1098pt\relax \fontdimen 16\font =2.4309pt\relax
(fontspec)             \fontdimen 17\font =2.4309pt\relax \fontdimen 18\font
(fontspec)             =2.4309pt\relax \fontdimen 19\font =1.21545pt\relax
(fontspec)             \fontdimen 22\font =2.7375pt\relax \fontdimen 20\font
(fontspec)             =0pt\relax \fontdimen 21\font =0pt\relax }].
(fontspec)
(fontspec)              This font family consists of the following NFSS
(fontspec)             series/shapes:
(fontspec)
(fontspec)             - 'normal' (m/n) with NFSS spec.:
(fontspec)             <9.5265->s*[1.0001]"[/usr/share/texlive/texmf-dist/fonts
/opentype/public/tex-gyre-math/texgyretermes-math.otf]/OT:script=math;language=
dflt;"<7.06275-9.5265>s*[1.0001]"[/usr/share/texlive/texmf-dist/fonts/opentype/
public/tex-gyre-math/texgyretermes-math.otf]/OT:script=math;language=dflt;+ssty
=0;"<-7.06275>s*[1.0001]"[/usr/share/texlive/texmf-dist/fonts/opentype/public/t
ex-gyre-math/texgyretermes-math.otf]/OT:script=math;language=dflt;+ssty=1;"
(fontspec)             - 'small caps'  (m/sc) with NFSS spec.:
(fontspec)             and font adjustment code:
(fontspec)             \fontdimen 8\font =6.94229pt\relax \fontdimen 9\font
(fontspec)             =4.7085pt\relax \fontdimen 10\font =4.7085pt\relax
(fontspec)             \fontdimen 11\font =6.5481pt\relax \fontdimen 12\font
(fontspec)             =2.9127pt\relax \fontdimen 13\font =3.71205pt\relax
(fontspec)             \fontdimen 14\font =3.71205pt\relax \fontdimen 15\font
(fontspec)             =3.1098pt\relax \fontdimen 16\font =2.4309pt\relax
(fontspec)             \fontdimen 17\font =2.4309pt\relax \fontdimen 18\font
(fontspec)             =2.4309pt\relax \fontdimen 19\font =1.21545pt\relax
(fontspec)             \fontdimen 22\font =2.7375pt\relax \fontdimen 20\font
(fontspec)             =0pt\relax \fontdimen 21\font =0pt\relax

LaTeX Font Info:    Encoding `OMS' has changed to `TU' for symbol font
(Font)              `symbols' in the math version `normal' on input line 24.
LaTeX Font Info:    Overwriting symbol font `symbols' in version `normal'
(Font)                  OMS/cmsy/m/n --> TU/texgyretermes-math.otf(2)/m/n on in
put line 24.
LaTeX Font Info:    Encoding `OMS' has changed to `TU' for symbol font
(Font)              `symbols' in the math version `bold' on input line 24.
LaTeX Font Info:    Overwriting symbol font `symbols' in version `bold'
(Font)                  OMS/cmsy/b/n --> TU/texgyretermes-math.otf(2)/b/n on in
put line 24.

Package fontspec Info: texgyretermes-math scale = 0.9999.


Package fontspec Info: texgyretermes-math scale = 0.9999.


Package fontspec Info: texgyretermes-math scale = 0.9999.


Package fontspec Info: texgyretermes-math scale = 0.9999.


Package fontspec Info: Font family 'texgyretermes-math.otf(3)' created for
(fontspec)             font 'texgyretermes-math.otf' with options
(fontspec)             [BoldItalicFont={},ItalicFont={},SmallCapsFont={},Script
=Math,SizeFeatures={{Size=9.5265-},{Size=7.06275-9.5265,Font=texgyretermes-math
.otf,Style=MathScript},{Size=-7.06275,Font=texgyretermes-math.otf,Style=MathScr
iptScript}},Path={/usr/share/texlive/texmf-dist/fonts/opentype/public/tex-gyre-
math/},ScaleAgain=0.9999,FontAdjustment={\fontdimen
(fontspec)             8\font =0.5694pt\relax \fontdimen 9\font =1.095pt\relax
(fontspec)             \fontdimen 10\font =1.095pt\relax \fontdimen 11\font
(fontspec)             =1.095pt\relax \fontdimen 12\font =4.74135pt\relax
(fontspec)             \fontdimen 13\font =0pt\relax }].
(fontspec)
(fontspec)              This font family consists of the following NFSS
(fontspec)             series/shapes:
(fontspec)
(fontspec)             - 'normal' (m/n) with NFSS spec.:
(fontspec)             <9.5265->s*[0.9999]"[/usr/share/texlive/texmf-dist/fonts
/opentype/public/tex-gyre-math/texgyretermes-math.otf]/OT:script=math;language=
dflt;"<7.06275-9.5265>s*[0.9999]"[/usr/share/texlive/texmf-dist/fonts/opentype/
public/tex-gyre-math/texgyretermes-math.otf]/OT:script=math;language=dflt;+ssty
=0;"<-7.06275>s*[0.9999]"[/usr/share/texlive/texmf-dist/fonts/opentype/public/t
ex-gyre-math/texgyretermes-math.otf]/OT:script=math;language=dflt;+ssty=1;"
(fontspec)             - 'small caps'  (m/sc) with NFSS spec.:
(fontspec)             and font adjustment code:
(fontspec)             \fontdimen 8\font =0.5694pt\relax \fontdimen 9\font
(fontspec)             =1.095pt\relax \fontdimen 10\font =1.095pt\relax
(fontspec)             \fontdimen 11\font =1.095pt\relax \fontdimen 12\font
(fontspec)             =4.74135pt\relax \fontdimen 13\font =0pt\relax

LaTeX Font Info:    Encoding `OMX' has changed to `TU' for symbol font
(Font)              `largesymbols' in the math version `normal' on input line 2
4.
LaTeX Font Info:    Overwriting symbol font `largesymbols' in version `normal'
(Font)                  OMX/cmex/m/n --> TU/texgyretermes-math.otf(3)/m/n on in
put line 24.
LaTeX Font Info:    Encoding `OMX' has changed to `TU' for symbol font
(Font)              `largesymbols' in the math version `bold' on input line 24.

LaTeX Font Info:    Overwriting symbol font `largesymbols' in version `bold'
(Font)                  OMX/cmex/m/n --> TU/texgyretermes-math.otf(3)/b/n on in
put line 24.

Package fontspec Warning: Font "FandolSong-Regular" does not contain requested
(fontspec)                Script "CJK".


Package fontspec Info: Font family 'FandolSong-Regular.otf(0)' created for
(fontspec)             font 'FandolSong-Regular.otf' with options
(fontspec)             [Script={CJK},Path={/users/a/e/aereinh/render_resources/
chinese_math_pdf/texmf/fonts/opentype/public/fandol/},BoldFont={FandolSong-Bold
.otf},AutoFakeSlant={0.18}].
(fontspec)
(fontspec)              This font family consists of the following NFSS
(fontspec)             series/shapes:
(fontspec)
(fontspec)             - 'normal' (m/n) with NFSS spec.:
(fontspec)             <->"[/users/a/e/aereinh/render_resources/chinese_math_pd
f/texmf/fonts/opentype/public/fandol/FandolSong-Regular.otf]/OT:language=dflt;"

(fontspec)             - 'small caps'  (m/sc) with NFSS spec.:
(fontspec)             - 'bold' (b/n) with NFSS spec.:
(fontspec)             <->"[/users/a/e/aereinh/render_resources/chinese_math_pd
f/texmf/fonts/opentype/public/fandol/FandolSong-Bold.otf]/OT:language=dflt;"
(fontspec)             - 'bold small caps'  (b/sc) with NFSS spec.:
(fontspec)             - 'italic' (m/it) with NFSS spec.:
(fontspec)             <->"[/users/a/e/aereinh/render_resources/chinese_math_pd
f/texmf/fonts/opentype/public/fandol/FandolSong-Regular.otf]/OT:language=dflt;s
lant=0.18;"
(fontspec)             - 'italic small caps'  (m/scit) with NFSS spec.:

(/usr/share/texlive/texmf-dist/tex/latex/graphics/graphicx.sty
Package: graphicx 2020/09/09 v1.2b Enhanced LaTeX Graphics (DPC,SPQR)

(/usr/share/texlive/texmf-dist/tex/latex/graphics/graphics.sty
Package: graphics 2020/08/30 v1.4c Standard LaTeX Graphics (DPC,SPQR)

(/usr/share/texlive/texmf-dist/tex/latex/graphics/trig.sty
Package: trig 2016/01/03 v1.10 sin cos tan (DPC)
)
(/usr/share/texlive/texmf-dist/tex/latex/graphics-cfg/graphics.cfg
File: graphics.cfg 2016/06/04 v1.11 sample graphics configuration
)
Package graphics Info: Driver file: xetex.def on input line 105.

(/usr/share/texlive/texmf-dist/tex/latex/graphics-def/xetex.def
File: xetex.def 2020/08/26 v5.0i Graphics/color driver for xetex
))
\Gin@req@height=\dimen188
\Gin@req@width=\dimen189
)
(/usr/share/texlive/texmf-dist/tex/latex/tools/longtable.sty
Package: longtable 2020/01/07 v4.13 Multi-page Table package (DPC)
\LTleft=\skip59
\LTright=\skip60
\LTpre=\skip61
\LTpost=\skip62
\LTchunksize=\count296
\LTcapwidth=\dimen190
\LT@head=\box51
\LT@firsthead=\box52
\LT@foot=\box53
\LT@lastfoot=\box54
\LT@cols=\count297
\LT@rows=\count298
\c@LT@tables=\count299
\c@LT@chunks=\count300
\LT@p@ftn=\toks22
)
(/usr/share/texlive/texmf-dist/tex/latex/booktabs/booktabs.sty
Package: booktabs 2020/01/12 v1.61803398 Publication quality tables
\heavyrulewidth=\dimen191
\lightrulewidth=\dimen192
\cmidrulewidth=\dimen193
\belowrulesep=\dimen194
\belowbottomsep=\dimen195
\aboverulesep=\dimen196
\abovetopsep=\dimen197
\cmidrulesep=\dimen198
\cmidrulekern=\dimen199
\defaultaddspace=\dimen256
\@cmidla=\count301
\@cmidlb=\count302
\@aboverulesep=\dimen257
\@belowrulesep=\dimen258
\@thisruleclass=\count303
\@lastruleclass=\count304
\@thisrulewidth=\dimen259
)
(/usr/share/texlive/texmf-dist/tex/latex/xcolor/xcolor.sty
Package: xcolor 2016/05/11 v2.12 LaTeX color extensions (UK)

(/usr/share/texlive/texmf-dist/tex/latex/graphics-cfg/color.cfg
File: color.cfg 2016/01/02 v1.6 sample color configuration
)
Package xcolor Info: Driver file: xetex.def on input line 225.
Package xcolor Info: Model `cmy' substituted by `cmy0' on input line 1348.
Package xcolor Info: Model `RGB' extended on input line 1364.
Package xcolor Info: Model `HTML' substituted by `rgb' on input line 1366.
Package xcolor Info: Model `Hsb' substituted by `hsb' on input line 1367.
Package xcolor Info: Model `tHsb' substituted by `hsb' on input line 1368.
Package xcolor Info: Model `HSB' substituted by `hsb' on input line 1369.
Package xcolor Info: Model `Gray' substituted by `gray' on input line 1370.
Package xcolor Info: Model `wave' substituted by `hsb' on input line 1371.
)
(/usr/share/texlive/texmf-dist/tex/latex/hyperref/hyperref.sty
Package: hyperref 2021-02-27 v7.00k Hypertext links for LaTeX

(/usr/share/texlive/texmf-dist/tex/generic/ltxcmds/ltxcmds.sty
Package: ltxcmds 2020-05-10 v1.25 LaTeX kernel commands for general use (HO)
)
(/usr/share/texlive/texmf-dist/tex/generic/pdftexcmds/pdftexcmds.sty
Package: pdftexcmds 2020-06-27 v0.33 Utility functions of pdfTeX for LuaTeX (HO
)

(/usr/share/texlive/texmf-dist/tex/generic/infwarerr/infwarerr.sty
Package: infwarerr 2019/12/03 v1.5 Providing info/warning/error messages (HO)
)
Package pdftexcmds Info: \pdf@primitive is available.
Package pdftexcmds Info: \pdf@ifprimitive is available.
Package pdftexcmds Info: \pdfdraftmode not found.
)
(/usr/share/texlive/texmf-dist/tex/generic/kvsetkeys/kvsetkeys.sty
Package: kvsetkeys 2019/12/15 v1.18 Key value parser (HO)
)
(/usr/share/texlive/texmf-dist/tex/generic/kvdefinekeys/kvdefinekeys.sty
Package: kvdefinekeys 2019-12-19 v1.6 Define keys (HO)
)
(/usr/share/texlive/texmf-dist/tex/generic/pdfescape/pdfescape.sty
Package: pdfescape 2019/12/09 v1.15 Implements pdfTeX's escape features (HO)
)
(/usr/share/texlive/texmf-dist/tex/latex/hycolor/hycolor.sty
Package: hycolor 2020-01-27 v1.10 Color options for hyperref/bookmark (HO)
)
(/usr/share/texlive/texmf-dist/tex/latex/letltxmacro/letltxmacro.sty
Package: letltxmacro 2019/12/03 v1.6 Let assignment for LaTeX macros (HO)
)
(/usr/share/texlive/texmf-dist/tex/latex/auxhook/auxhook.sty
Package: auxhook 2019-12-17 v1.6 Hooks for auxiliary files (HO)
)
(/usr/share/texlive/texmf-dist/tex/latex/kvoptions/kvoptions.sty
Package: kvoptions 2020-10-07 v3.14 Key value format for package options (HO)
)
\@linkdim=\dimen260
\Hy@linkcounter=\count305
\Hy@pagecounter=\count306

(/usr/share/texlive/texmf-dist/tex/latex/hyperref/pd1enc.def
File: pd1enc.def 2021-02-27 v7.00k Hyperref: PDFDocEncoding definition (HO)
)
(/usr/share/texlive/texmf-dist/tex/latex/hyperref/hyperref-langpatches.def
File: hyperref-langpatches.def 2021-02-27 v7.00k Hyperref: patches for babel la
nguages
)
(/usr/share/texlive/texmf-dist/tex/generic/intcalc/intcalc.sty
Package: intcalc 2019/12/15 v1.3 Expandable calculations with integers (HO)
)
(/usr/share/texlive/texmf-dist/tex/generic/etexcmds/etexcmds.sty
Package: etexcmds 2019/12/15 v1.7 Avoid name clashes with e-TeX commands (HO)
)
\Hy@SavedSpaceFactor=\count307

(/usr/share/texlive/texmf-dist/tex/latex/hyperref/puenc.def
File: puenc.def 2021-02-27 v7.00k Hyperref: PDF Unicode definition (HO)
)
Package hyperref Info: Hyper figures OFF on input line 4192.
Package hyperref Info: Link nesting OFF on input line 4197.
Package hyperref Info: Hyper index ON on input line 4200.
Package hyperref Info: Plain pages OFF on input line 4207.
Package hyperref Info: Backreferencing OFF on input line 4212.
Package hyperref Info: Implicit mode ON; LaTeX internals redefined.
Package hyperref Info: Bookmarks ON on input line 4445.
\c@Hy@tempcnt=\count308

(/usr/share/texlive/texmf-dist/tex/latex/url/url.sty
\Urlmuskip=\muskip19
Package: url 2013/09/16  ver 3.4  Verb mode for urls, etc.
)
LaTeX Info: Redefining \url on input line 4804.
\XeTeXLinkMargin=\dimen261

(/usr/share/texlive/texmf-dist/tex/generic/bitset/bitset.sty
Package: bitset 2019/12/09 v1.3 Handle bit-vector datatype (HO)

(/usr/share/texlive/texmf-dist/tex/generic/bigintcalc/bigintcalc.sty
Package: bigintcalc 2019/12/15 v1.5 Expandable calculations on big integers (HO
)
))
\Fld@menulength=\count309
\Field@Width=\dimen262
\Fld@charsize=\dimen263
Package hyperref Info: Hyper figures OFF on input line 6075.
Package hyperref Info: Link nesting OFF on input line 6080.
Package hyperref Info: Hyper index ON on input line 6083.
Package hyperref Info: backreferencing OFF on input line 6090.
Package hyperref Info: Link coloring OFF on input line 6095.
Package hyperref Info: Link coloring with OCG OFF on input line 6100.
Package hyperref Info: PDF/A mode OFF on input line 6105.
LaTeX Info: Redefining \ref on input line 6145.
LaTeX Info: Redefining \pageref on input line 6149.

(/usr/share/texlive/texmf-dist/tex/latex/base/atbegshi-ltx.sty
Package: atbegshi-ltx 2020/08/17 v1.0a Emulation of the original atbegshi packa
ge
with kernel methods
)
\Hy@abspage=\count310
\c@Item=\count311
\c@Hfootnote=\count312
)
Package hyperref Info: Driver (autodetected): hxetex.

(/usr/share/texlive/texmf-dist/tex/latex/hyperref/hxetex.def
File: hxetex.def 2021-02-27 v7.00k Hyperref driver for XeTeX

(/usr/share/texlive/texmf-dist/tex/generic/stringenc/stringenc.sty
Package: stringenc 2019/11/29 v1.12 Convert strings between diff. encodings (HO
)
)
\pdfm@box=\box55
\c@Hy@AnnotLevel=\count313
\HyField@AnnotCount=\count314
\Fld@listcount=\count315
\c@bookmark@seq@number=\count316

(/usr/share/texlive/texmf-dist/tex/latex/rerunfilecheck/rerunfilecheck.sty
Package: rerunfilecheck 2019/12/05 v1.9 Rerun checks for auxiliary files (HO)

(/usr/share/texlive/texmf-dist/tex/latex/base/atveryend-ltx.sty
Package: atveryend-ltx 2020/08/19 v1.0a Emulation of the original atvery packag
e
with kernel methods
)
(/usr/share/texlive/texmf-dist/tex/generic/uniquecounter/uniquecounter.sty
Package: uniquecounter 2019/12/15 v1.4 Provide unlimited unique counter (HO)
)
Package uniquecounter Info: New unique counter `rerunfilecheck' on input line 2
86.
)
\Hy@SectionHShift=\skip63
)
Package hyperref Info: Option `colorlinks' set `true' on input line 43.

(./CARE_failure_forensics_20260730.aux)
\openout1 = `CARE_failure_forensics_20260730.aux'.

LaTeX Font Info:    Checking defaults for OML/cmm/m/it on input line 46.
LaTeX Font Info:    ... okay on input line 46.
LaTeX Font Info:    Checking defaults for OMS/cmsy/m/n on input line 46.
LaTeX Font Info:    ... okay on input line 46.
LaTeX Font Info:    Checking defaults for OT1/cmr/m/n on input line 46.
LaTeX Font Info:    ... okay on input line 46.
LaTeX Font Info:    Checking defaults for T1/cmr/m/n on input line 46.
LaTeX Font Info:    ... okay on input line 46.
LaTeX Font Info:    Checking defaults for TS1/cmr/m/n on input line 46.
LaTeX Font Info:    ... okay on input line 46.
LaTeX Font Info:    Checking defaults for TU/lmr/m/n on input line 46.
LaTeX Font Info:    ... okay on input line 46.
LaTeX Font Info:    Checking defaults for OMX/cmex/m/n on input line 46.
LaTeX Font Info:    ... okay on input line 46.
LaTeX Font Info:    Checking defaults for U/cmr/m/n on input line 46.
LaTeX Font Info:    ... okay on input line 46.
LaTeX Font Info:    Checking defaults for PD1/pdf/m/n on input line 46.
LaTeX Font Info:    ... okay on input line 46.
LaTeX Font Info:    Checking defaults for PU/pdf/m/n on input line 46.
LaTeX Font Info:    ... okay on input line 46.

*geometry* driver: auto-detecting
*geometry* detected driver: xetex
*geometry* verbose mode - [ preamble ] result:
* driver: xetex
* paper: a4paper
* layout: <same size as paper>
* layoutoffset:(h,v)=(0.0pt,0.0pt)
* modes:
* h-part:(L,W,R)=(51.21504pt, 495.07779pt, 51.21504pt)
* v-part:(T,H,B)=(51.21504pt, 742.61676pt, 51.21504pt)
* \paperwidth=597.50787pt
* \paperheight=845.04684pt
* \textwidth=495.07779pt
* \textheight=742.61676pt
* \oddsidemargin=-21.05495pt
* \evensidemargin=-21.05495pt
* \topmargin=-58.05495pt
* \headheight=12.0pt
* \headsep=25.0pt
* \topskip=11.0pt
* \footskip=30.0pt
* \marginparwidth=59.0pt
* \marginparsep=10.0pt
* \columnsep=10.0pt
* \skip\footins=10.0pt plus 4.0pt minus 2.0pt
* \hoffset=0.0pt
* \voffset=0.0pt
* \mag=1000
* \@twocolumnfalse
* \@twosidefalse
* \@mparswitchfalse
* \@reversemarginfalse
* (1in=72.27pt=25.4mm, 1cm=28.453pt)

Package hyperref Info: Link coloring ON on input line 46.
(/usr/share/texlive/texmf-dist/tex/latex/hyperref/nameref.sty
Package: nameref 2021-04-02 v2.47 Cross-referencing by name of section

(/usr/share/texlive/texmf-dist/tex/latex/refcount/refcount.sty
Package: refcount 2019/12/15 v3.6 Data extraction from label references (HO)
)
(/usr/share/texlive/texmf-dist/tex/generic/gettitlestring/gettitlestring.sty
Package: gettitlestring 2019/12/15 v1.6 Cleanup title references (HO)
)
\c@section@level=\count317
)
LaTeX Info: Redefining \ref on input line 46.
LaTeX Info: Redefining \pageref on input line 46.
LaTeX Info: Redefining \nameref on input line 46.

(./CARE_failure_forensics_20260730.out) (./CARE_failure_forensics_20260730.out)
\@outlinefile=\write3
\openout3 = `CARE_failure_forensics_20260730.out'.

[1

] (./CARE_failure_forensics_20260730.toc [1])
\tf@toc=\write4
\openout4 = `CARE_failure_forensics_20260730.toc'.

 [2]
File: generated_figures/evidence_grade_counts.png Graphic file (type bmp)
<generated_figures/evidence_grade_counts.png>
 [3

]
(./sections/section_01.tex [4

]) (./sections/section_02.tex
File: generated_figures/center_case_counts.png Graphic file (type bmp)
<generated_figures/center_case_counts.png>
File: generated_figures/pathology_volume_distribution.png Graphic file (type bm
p)
<generated_figures/pathology_volume_distribution.png>

Underfull \vbox (badness 10000) detected at line 17
 []

[5

]) (./sections/section_03.tex
Underfull \hbox (badness 10000) in paragraph at lines 12--13
[]|\TU/texgyretermes-regular.otf(0)/m/n/10.95 T2-present official
 []


Underfull \vbox (badness 10000) detected at line 15
 []

[6

]) (./sections/section_04.tex [7

]) (./sections/section_05.tex
Overfull \hbox (28.22359pt too wide) in paragraph at lines 11--11
[]|\TU/texgyretermes-regular.otf(0)/m/n/10.95 missing_modality_handling|
 []


Underfull \hbox (badness 10000) in paragraph at lines 13--13
[]|\TU/texgyretermes-regular.otf(0)/m/n/10.95 historical CARE
 []


Overfull \hbox (74.89247pt too wide) in paragraph at lines 13--13
[]|\TU/texgyretermes-regular.otf(0)/m/n/10.95 UNBOUND_OR_ROUTE_SPECIFIC|
 []


Underfull \hbox (badness 10000) in paragraph at lines 14--14
[]|\TU/texgyretermes-regular.otf(0)/m/n/10.95 historical CARE
 []


Overfull \hbox (74.89247pt too wide) in paragraph at lines 14--14
[]|\TU/texgyretermes-regular.otf(0)/m/n/10.95 UNBOUND_OR_ROUTE_SPECIFIC|
 []


Underfull \hbox (badness 10000) in paragraph at lines 15--15
[]|\TU/texgyretermes-regular.otf(0)/m/n/10.95 historical CARE
 []


Overfull \hbox (74.89247pt too wide) in paragraph at lines 15--15
[]|\TU/texgyretermes-regular.otf(0)/m/n/10.95 UNBOUND_OR_ROUTE_SPECIFIC|
 []


Underfull \hbox (badness 10000) in paragraph at lines 16--16
[]|\TU/texgyretermes-regular.otf(0)/m/n/10.95 historical CARE
 []


Overfull \hbox (74.89247pt too wide) in paragraph at lines 16--16
[]|\TU/texgyretermes-regular.otf(0)/m/n/10.95 UNBOUND_OR_ROUTE_SPECIFIC|
 []


Underfull \hbox (badness 10000) in paragraph at lines 17--17
[]|\TU/texgyretermes-regular.otf(0)/m/n/10.95 historical CARE
 []


Overfull \hbox (74.89247pt too wide) in paragraph at lines 17--17
[]|\TU/texgyretermes-regular.otf(0)/m/n/10.95 UNBOUND_OR_ROUTE_SPECIFIC|
 []


Overfull \hbox (35.2521pt too wide) in alignment at lines 9--19
 [] [] [] [] []
 []


Underfull \vbox (badness 10000) detected at line 19
 []

[8

]) (./sections/section_06.tex [9

]) (./sections/section_07.tex [10

])
(./sections/section_08.tex [11

]) (./sections/section_09.tex [12

])
(./sections/section_10.tex [13

]) (./sections/section_11.tex
Overfull \hbox (82.43701pt too wide) in paragraph at lines 13--13
[]|\TU/texgyretermes-regular.otf(0)/m/n/10.95 D0_FULL_PRETRAINED_IDENTITY|
 []


Underfull \vbox (badness 10000) detected at line 15
 []

[14

]) (./sections/section_12.tex
Underfull \vbox (badness 10000) detected at line 15
 []

[15

]) (./sections/section_13.tex [16

]) (./sections/section_14.tex [17

])
(./sections/section_15.tex [18

]) (./sections/section_16.tex
! Missing $ inserted.
<inserted text>
                $
l.7 病例 montage 的选择依赖 standardized_
                                  casewise_metrics。本包目前只生成 QA contact sheet，...
I've inserted a begin-math/end-math symbol since I think
you left one out. Proceed, with fingers crossed.

LaTeX Font Info:    Font shape `TU/texgyretermes-math.otf(2)/m/n' will be
(Font)              scaled to size 10.95116pt on input line 7.
LaTeX Font Info:    Font shape `TU/texgyretermes-math.otf(2)/m/n' will be
(Font)              scaled to size 8.10385pt on input line 7.
LaTeX Font Info:    Font shape `TU/texgyretermes-math.otf(2)/m/n' will be
(Font)              scaled to size 6.02315pt on input line 7.
LaTeX Font Info:    Font shape `TU/texgyretermes-math.otf(3)/m/n' will be
(Font)              scaled to size 10.94882pt on input line 7.
LaTeX Font Info:    Font shape `TU/texgyretermes-math.otf(3)/m/n' will be
(Font)              scaled to size 8.10213pt on input line 7.
LaTeX Font Info:    Font shape `TU/texgyretermes-math.otf(3)/m/n' will be
(Font)              scaled to size 6.02185pt on input line 7.
! Missing $ inserted.
<inserted text>
                $
l.8

I've inserted a begin-math/end-math symbol since I think
you left one out. Proceed, with fingers crossed.

Missing character: There is no 。 in font [/usr/share/texlive/texmf-dist/fonts/o
pentype/public/tex-gyre-math/texgyretermes-math.otf]/OT:script=math;language=df
lt;!
Missing character: There is no 本 in font [/usr/share/texlive/texmf-dist/fonts/o
pentype/public/tex-gyre-math/texgyretermes-math.otf]/OT:script=math;language=df
lt;!
Missing character: There is no 包 in font [/usr/share/texlive/texmf-dist/fonts/o
pentype/public/tex-gyre-math/texgyretermes-math.otf]/OT:script=math;language=df
lt;!
Missing character: There is no 目 in font [/usr/share/texlive/texmf-dist/fonts/o
pentype/public/tex-gyre-math/texgyretermes-math.otf]/OT:script=math;language=df
lt;!
Missing character: There is no 前 in font [/usr/share/texlive/texmf-dist/fonts/o
pentype/public/tex-gyre-math/texgyretermes-math.otf]/OT:script=math;language=df
lt;!
Missing character: There is no 只 in font [/usr/share/texlive/texmf-dist/fonts/o
pentype/public/tex-gyre-math/texgyretermes-math.otf]/OT:script=math;language=df
lt;!
Missing character: There is no 生 in font [/usr/share/texlive/texmf-dist/fonts/o
pentype/public/tex-gyre-math/texgyretermes-math.otf]/OT:script=math;language=df
lt;!
Missing character: There is no 成 in font [/usr/share/texlive/texmf-dist/fonts/o
pentype/public/tex-gyre-math/texgyretermes-math.otf]/OT:script=math;language=df
lt;!
Missing character: There is no ， in font [/usr/share/texlive/texmf-dist/fonts/o
pentype/public/tex-gyre-math/texgyretermes-math.otf]/OT:script=math;language=df
lt;!
Missing character: There is no 明 in font [/usr/share/texlive/texmf-dist/fonts/o
pentype/public/tex-gyre-math/texgyretermes-math.otf]/OT:script=math;language=df
lt;!
Missing character: There is no 确 in font [/usr/share/texlive/texmf-dist/fonts/o
pentype/public/tex-gyre-math/texgyretermes-math.otf]/OT:script=math;language=df
lt;!
Missing character: There is no 标 in font [/usr/share/texlive/texmf-dist/fonts/o
pentype/public/tex-gyre-math/texgyretermes-math.otf]/OT:script=math;language=df
lt;!
Missing character: There is no 注 in font [/usr/share/texlive/texmf-dist/fonts/o
pentype/public/tex-gyre-math/texgyretermes-math.otf]/OT:script=math;language=df
lt;!
Missing character: There is no 。 in font [/usr/share/texlive/texmf-dist/fonts/o
pentype/public/tex-gyre-math/texgyretermes-math.otf]/OT:script=math;language=df
lt;!

Overfull \hbox (81.9243pt too wide) in paragraph at lines 7--8
[]\TU/FandolSong-Regular.otf(0)/m/n/10.95 病 例 \TU/texgyretermes-regular.otf(0)/
m/n/10.95 montage \TU/FandolSong-Regular.otf(0)/m/n/10.95 的 选 择 依 赖 \TU/texgyre
termes-regular.otf(0)/m/n/10.95 standardized$[][][][][][][][][][][][][][][][][]
[][][][][][][][][][][][][][][][][][][][][][][][][][][][][][][][][][][][][][][][
][][][][][][][][][][][][][][][][]$
 []

[19

]) (./sections/section_17.tex [20

]) (./sections/section_18.tex
! Missing $ inserted.
<inserted text>
                $
l.7 ... 不能稳定超过 always-best-single-model，必须写 LOCAL_
                                                  EVIDENCE_DOES_NOT_SUPPORT_...
I've inserted a begin-math/end-math symbol since I think
you left one out. Proceed, with fingers crossed.

! Missing $ inserted.
<inserted text>
                $
l.8

I've inserted a begin-math/end-math symbol since I think
you left one out. Proceed, with fingers crossed.

Missing character: There is no 。 in font [/usr/share/texlive/texmf-dist/fonts/o
pentype/public/tex-gyre-math/texgyretermes-math.otf]/OT:script=math;language=df
lt;!
Missing character: There is no 当 in font [/usr/share/texlive/texmf-dist/fonts/o
pentype/public/tex-gyre-math/texgyretermes-math.otf]/OT:script=math;language=df
lt;!
Missing character: There is no 前 in font [/usr/share/texlive/texmf-dist/fonts/o
pentype/public/tex-gyre-math/texgyretermes-math.otf]/OT:script=math;language=df
lt;!
Missing character: There is no 尚 in font [/usr/share/texlive/texmf-dist/fonts/o
pentype/public/tex-gyre-math/texgyretermes-math.otf]/OT:script=math;language=df
lt;!
Missing character: There is no 未 in font [/usr/share/texlive/texmf-dist/fonts/o
pentype/public/tex-gyre-math/texgyretermes-math.otf]/OT:script=math;language=df
lt;!
Missing character: There is no 运 in font [/usr/share/texlive/texmf-dist/fonts/o
pentype/public/tex-gyre-math/texgyretermes-math.otf]/OT:script=math;language=df
lt;!
Missing character: There is no 行 in font [/usr/share/texlive/texmf-dist/fonts/o
pentype/public/tex-gyre-math/texgyretermes-math.otf]/OT:script=math;language=df
lt;!
Missing character: There is no 。 in font [/usr/share/texlive/texmf-dist/fonts/o
pentype/public/tex-gyre-math/texgyretermes-math.otf]/OT:script=math;language=df
lt;!

Overfull \hbox (240.39296pt too wide) in paragraph at lines 7--8
[]\TU/FandolSong-Regular.otf(0)/m/n/10.95 若 \TU/texgyretermes-regular.otf(0)/m/
n/10.95 selector nested CV \TU/FandolSong-Regular.otf(0)/m/n/10.95 不 能 稳 定 超 过
\TU/texgyretermes-regular.otf(0)/m/n/10.95 always-best-single-model\TU/FandolSo
ng-Regular.otf(0)/m/n/10.95 ，|  必 须 写 \TU/texgyretermes-regular.otf(0)/m/n/10.9
5 LOCAL$[][][][][][][][][][][][][][][][][][][][][][][][][][][][][][][][][][][][
][][][][][][][][][][][][][][][][][][][][][][][][][][]$
 []

[21

]) (./sections/section_19.tex [22

]) (./sections/section_20.tex
Underfull \vbox (badness 10000) detected at line 13
 []

[23

]) (./sections/section_21.tex [24

]) (./sections/section_22.tex [25

])
(./sections/section_23.tex [26

]) (./sections/section_24.tex [27

])
(./sections/section_25.tex [28

]) (./sections/section_26.tex
File: generated_figures/decision_state.png Graphic file (type bmp)
<generated_figures/decision_state.png>

Overfull \hbox (49.49944pt too wide) in paragraph at lines 13--13
[]|\TU/texgyretermes-regular.otf(0)/m/n/10.95 METRIC_IMPLEMENTATION|
 []


Underfull \hbox (badness 1127) in paragraph at lines 13--13
[]|\TU/texgyretermes-regular.otf(0)/m/n/10.95 remote FP \TU/FandolSong-Regular.
otf(0)/m/n/10.95 和 \TU/texgyretermes-regular.otf(0)/m/n/10.95 pure-
 []


Underfull \hbox (badness 10000) in paragraph at lines 13--13
\TU/texgyretermes-regular.otf(0)/m/n/10.95 edema/edema-zone
 []


Underfull \hbox (badness 3029) in paragraph at lines 13--13
\TU/FandolSong-Regular.otf(0)/m/n/10.95 语 义 已 有 \TU/texgyretermes-regular.otf(0
)/m/n/10.95 known-
 []


Overfull \hbox (39.16263pt too wide) in paragraph at lines 14--14
[]|\TU/texgyretermes-regular.otf(0)/m/n/10.95 CHECKPOINT_OR_RECIPE|
 []


Underfull \hbox (badness 10000) in paragraph at lines 14--14
[]|\TU/texgyretermes-regular.otf(0)/m/n/10.95 MoSAIC clean/full-
 []


Overfull \hbox (59.19019pt too wide) in paragraph at lines 15--15
[]|\TU/texgyretermes-regular.otf(0)/m/n/10.95 DECODER_CAPABILITY_LOSS|
 []


Overfull \hbox (43.0718pt too wide) in paragraph at lines 16--16
[]|\TU/texgyretermes-regular.otf(0)/m/n/10.95 COMPONENT_NOT_WIRED|
 []


Underfull \hbox (badness 10000) in paragraph at lines 16--16
[]|\TU/FandolSong-Regular.otf(0)/m/n/10.95 多 个 路 线 需
 []


Underfull \hbox (badness 10000) in paragraph at lines 16--16
\TU/texgyretermes-regular.otf(0)/m/n/10.95 forward/on-off
 []


Overfull \hbox (95.34706pt too wide) in paragraph at lines 17--17
[]|\TU/texgyretermes-regular.otf(0)/m/n/10.95 INSUFFICIENT_PATHOLOGY_SIGNAL|
 []


Underfull \hbox (badness 2884) in paragraph at lines 17--17
[]|\TU/texgyretermes-regular.otf(0)/m/n/10.95 feature probe \TU/FandolSong-Regu
lar.otf(0)/m/n/10.95 未 运
 []


Overfull \hbox (68.84808pt too wide) in paragraph at lines 18--18
[]|\TU/texgyretermes-regular.otf(0)/m/n/10.95 MULTIMODAL_MISALIGNMENT|
 []


Overfull \hbox (32.4503pt too wide) in paragraph at lines 19--19
[]|\TU/texgyretermes-regular.otf(0)/m/n/10.95 CINE_TASK_DEFINITION|
 []


Overfull \hbox (35.2521pt too wide) in alignment at lines 9--21
 [] [] [] [] []
 []


Underfull \vbox (badness 10000) detected at line 21
 []

[29

]) (./sections/section_27.tex
! You can't use `macro parameter character #' in vertical mode.
l.7 #
      Local Evidence Conclusions
Sorry, but I'm not programmed to handle this case;
I'll just pretend that you didn't ask for it.
If you're in the wrong mode, you might be able to
return to the right one by typing `I}' or `I$' or `I\par'.

[30

]) (./sections/section_28.tex [31

]) (./sections/section_29.tex [32

])
(./sections/section_30.tex
! You can't use `macro parameter character #' in vertical mode.
l.7 #
      Research Decision Tree
Sorry, but I'm not programmed to handle this case;
I'll just pretend that you didn't ask for it.
If you're in the wrong mode, you might be able to
return to the right one by typing `I}' or `I$' or `I\par'.

[33

]) (./sections/appendices.tex
Overfull \hbox (602.1458pt too wide) in paragraph at lines 7--7
[]|\TU/texgyretermes-regular.otf(0)/m/n/10.95 /users/a/e/aereinh/CARE/data/nnUN
et/nnUNet_results/Dataset502_CARECineMyoPS/nnUNetTrainer__nnUNetPlans__3d_fullr
es/fold_0/checkpoint_final.pth|
 []


Overfull \hbox (41.11174pt too wide) in paragraph at lines 7--8
[]|\TU/texgyretermes-regular.otf(0)/m/n/10.95 LARGE_METADATA_ONLY|
 []


Overfull \hbox (600.1529pt too wide) in paragraph at lines 8--8
[]|\TU/texgyretermes-regular.otf(0)/m/n/10.95 /users/a/e/aereinh/CARE/data/nnUN
et/nnUNet_results/Dataset502_CARECineMyoPS/nnUNetTrainer__nnUNetPlans__3d_fullr
es/fold_0/checkpoint_best.pth|
 []


Overfull \hbox (41.11174pt too wide) in paragraph at lines 8--9
[]|\TU/texgyretermes-regular.otf(0)/m/n/10.95 LARGE_METADATA_ONLY|
 []


Overfull \hbox (654.28969pt too wide) in paragraph at lines 9--9
[]|\TU/texgyretermes-regular.otf(0)/m/n/10.95 /users/a/e/aereinh/CARE/data/nnUN
et/nnUNet_results/Dataset502_CARECineMyoPS/nnUNetTrainer_500epochs__nnUNetPlans
__3d_fullres/fold_4/checkpoint_final.pth|
 []


Overfull \hbox (41.11174pt too wide) in paragraph at lines 9--10
[]|\TU/texgyretermes-regular.otf(0)/m/n/10.95 LARGE_METADATA_ONLY|
 []


Overfull \hbox (652.29678pt too wide) in paragraph at lines 10--10
[]|\TU/texgyretermes-regular.otf(0)/m/n/10.95 /users/a/e/aereinh/CARE/data/nnUN
et/nnUNet_results/Dataset502_CARECineMyoPS/nnUNetTrainer_500epochs__nnUNetPlans
__3d_fullres/fold_4/checkpoint_best.pth|
 []


Overfull \hbox (41.11174pt too wide) in paragraph at lines 10--11
[]|\TU/texgyretermes-regular.otf(0)/m/n/10.95 LARGE_METADATA_ONLY|
 []


Overfull \hbox (654.28969pt too wide) in paragraph at lines 11--11
[]|\TU/texgyretermes-regular.otf(0)/m/n/10.95 /users/a/e/aereinh/CARE/data/nnUN
et/nnUNet_results/Dataset502_CARECineMyoPS/nnUNetTrainer_500epochs__nnUNetPlans
__3d_fullres/fold_0/checkpoint_final.pth|
 []


Overfull \hbox (41.11174pt too wide) in paragraph at lines 11--12
[]|\TU/texgyretermes-regular.otf(0)/m/n/10.95 LARGE_METADATA_ONLY|
 []


Overfull \hbox (652.29678pt too wide) in paragraph at lines 12--12
[]|\TU/texgyretermes-regular.otf(0)/m/n/10.95 /users/a/e/aereinh/CARE/data/nnUN
et/nnUNet_results/Dataset502_CARECineMyoPS/nnUNetTrainer_500epochs__nnUNetPlans
__3d_fullres/fold_0/checkpoint_best.pth|
 []


Overfull \hbox (41.11174pt too wide) in paragraph at lines 12--13
[]|\TU/texgyretermes-regular.otf(0)/m/n/10.95 LARGE_METADATA_ONLY|
 []


Overfull \hbox (654.28969pt too wide) in paragraph at lines 13--13
[]|\TU/texgyretermes-regular.otf(0)/m/n/10.95 /users/a/e/aereinh/CARE/data/nnUN
et/nnUNet_results/Dataset502_CARECineMyoPS/nnUNetTrainer_500epochs__nnUNetPlans
__3d_fullres/fold_2/checkpoint_final.pth|
 []


Overfull \hbox (41.11174pt too wide) in paragraph at lines 13--14
[]|\TU/texgyretermes-regular.otf(0)/m/n/10.95 LARGE_METADATA_ONLY|
 []


Overfull \hbox (652.29678pt too wide) in paragraph at lines 14--14
[]|\TU/texgyretermes-regular.otf(0)/m/n/10.95 /users/a/e/aereinh/CARE/data/nnUN
et/nnUNet_results/Dataset502_CARECineMyoPS/nnUNetTrainer_500epochs__nnUNetPlans
__3d_fullres/fold_2/checkpoint_best.pth|
 []


Overfull \hbox (41.11174pt too wide) in paragraph at lines 14--15
[]|\TU/texgyretermes-regular.otf(0)/m/n/10.95 LARGE_METADATA_ONLY|
 []


Overfull \hbox (654.28969pt too wide) in paragraph at lines 15--15
[]|\TU/texgyretermes-regular.otf(0)/m/n/10.95 /users/a/e/aereinh/CARE/data/nnUN
et/nnUNet_results/Dataset502_CARECineMyoPS/nnUNetTrainer_500epochs__nnUNetPlans
__3d_fullres/fold_1/checkpoint_final.pth|
 []


Overfull \hbox (41.11174pt too wide) in paragraph at lines 15--16
[]|\TU/texgyretermes-regular.otf(0)/m/n/10.95 LARGE_METADATA_ONLY|
 []


Overfull \hbox (652.29678pt too wide) in paragraph at lines 16--16
[]|\TU/texgyretermes-regular.otf(0)/m/n/10.95 /users/a/e/aereinh/CARE/data/nnUN
et/nnUNet_results/Dataset502_CARECineMyoPS/nnUNetTrainer_500epochs__nnUNetPlans
__3d_fullres/fold_1/checkpoint_best.pth|
 []


Overfull \hbox (41.11174pt too wide) in paragraph at lines 16--17
[]|\TU/texgyretermes-regular.otf(0)/m/n/10.95 LARGE_METADATA_ONLY|
 []


Overfull \hbox (654.28969pt too wide) in paragraph at lines 17--17
[]|\TU/texgyretermes-regular.otf(0)/m/n/10.95 /users/a/e/aereinh/CARE/data/nnUN
et/nnUNet_results/Dataset502_CARECineMyoPS/nnUNetTrainer_500epochs__nnUNetPlans
__3d_fullres/fold_3/checkpoint_final.pth|
 []


Overfull \hbox (41.11174pt too wide) in paragraph at lines 17--18
[]|\TU/texgyretermes-regular.otf(0)/m/n/10.95 LARGE_METADATA_ONLY|
 []


Overfull \hbox (652.29678pt too wide) in paragraph at lines 18--18
[]|\TU/texgyretermes-regular.otf(0)/m/n/10.95 /users/a/e/aereinh/CARE/data/nnUN
et/nnUNet_results/Dataset502_CARECineMyoPS/nnUNetTrainer_500epochs__nnUNetPlans
__3d_fullres/fold_3/checkpoint_best.pth|
 []


Overfull \hbox (41.11174pt too wide) in paragraph at lines 18--19
[]|\TU/texgyretermes-regular.otf(0)/m/n/10.95 LARGE_METADATA_ONLY|
 []


Overfull \hbox (642.01474pt too wide) in paragraph at lines 19--19
[]|\TU/texgyretermes-regular.otf(0)/m/n/10.95 /users/a/e/aereinh/CARE/data/nnUN
et/nnUNet_results/nnUNet/2d/Task025_Cine_Seg/nnUNetTrainerV2__nnUNetPlansv2.1/f
old_0/model_final_checkpoint.model.pkl|
 []


Overfull \hbox (237.32474pt too wide) in paragraph at lines 19--19
[]|\TU/texgyretermes-regular.otf(0)/m/n/10.95 ea87fb6002a766379c529eaf0c5610711
3e17861efefac4e7b54d81c0ea5cc0b|
 []


Overfull \hbox (10.58316pt too wide) in paragraph at lines 19--20
[]|\TU/texgyretermes-regular.otf(0)/m/n/10.95 PREFIX_8192_BYTES|
 []


Overfull \hbox (625.28316pt too wide) in paragraph at lines 20--20
[]|\TU/texgyretermes-regular.otf(0)/m/n/10.95 /users/a/e/aereinh/CARE/data/nnUN
et/nnUNet_results/nnUNet/2d/Task025_Cine_Seg/nnUNetTrainerV2__nnUNetPlansv2.1/f
old_0/model_final_checkpoint.model|
 []


Overfull \hbox (41.11174pt too wide) in paragraph at lines 20--21
[]|\TU/texgyretermes-regular.otf(0)/m/n/10.95 LARGE_METADATA_ONLY|
 []


Overfull \hbox (706.75113pt too wide) in paragraph at lines 21--21
[]|\TU/texgyretermes-regular.otf(0)/m/n/10.95 /users/a/e/aereinh/CARE/data/nnUN
et/nnUNet_results/nnUNet/2d/Task026_Cine_4D_smoke/CARECineMyoPSTrainer__nnUNetP
lansv2.1/fold_0/model_final_checkpoint.model.pkl|
 []


Overfull \hbox (240.92728pt too wide) in paragraph at lines 21--21
[]|\TU/texgyretermes-regular.otf(0)/m/n/10.95 cdeca70da84be8d8db3471352c0728f07
3ab4ac911cff1ba34104206c565c5e9|
 []


Overfull \hbox (690.01955pt too wide) in paragraph at lines 22--22
[]|\TU/texgyretermes-regular.otf(0)/m/n/10.95 /users/a/e/aereinh/CARE/data/nnUN
et/nnUNet_results/nnUNet/2d/Task026_Cine_4D_smoke/CARECineMyoPSTrainer__nnUNetP
lansv2.1/fold_0/model_final_checkpoint.model|
 []


Overfull \hbox (41.11174pt too wide) in paragraph at lines 22--23
[]|\TU/texgyretermes-regular.otf(0)/m/n/10.95 LARGE_METADATA_ONLY|
 []


Overfull \hbox (476.31937pt too wide) in paragraph at lines 23--23
[]|\TU/texgyretermes-regular.otf(0)/m/n/10.95 /users/a/e/aereinh/CARE/results/2
0260726_care_fullinfo_nnunet_and_care_scf/care_scf_v1/mosaic_oof_checkpoint_man
ifest.csv|
 []


Overfull \hbox (236.66772pt too wide) in paragraph at lines 23--23
[]|\TU/texgyretermes-regular.otf(0)/m/n/10.95 b9ffabd601e3e9a502a4cf9be4fb602de
6029a0688591c7d39cf05af21683e09|
 []


Overfull \hbox (519.68135pt too wide) in paragraph at lines 24--24
[]|\TU/texgyretermes-regular.otf(0)/m/n/10.95 /users/a/e/aereinh/CARE/results/2
0260726_care_fullinfo_nnunet_and_care_scf/care_scf_v1/mosaic_oof/fold0/oof_chec
kpoint_manifest.csv|
 []


Overfull \hbox (240.43451pt too wide) in paragraph at lines 24--24
[]|\TU/texgyretermes-regular.otf(0)/m/n/10.95 86bdeb34e4b90695dcdcac41e55461ca9
12f060fccba84f8717a99d1cbdf2850|
 []


Overfull \hbox (672.90468pt too wide) in paragraph at lines 25--25
[]|\TU/texgyretermes-regular.otf(0)/m/n/10.95 /users/a/e/aereinh/CARE/data/nnUN
et/nnUNet_results/nnUNet/2d/Task026_Cine_4D/CARECineMyoPSTrainer__nnUNetPlansv2
.1/fold_0/model_final_checkpoint.model.pkl|
 []


Overfull \hbox (240.06223pt too wide) in paragraph at lines 25--25
[]|\TU/texgyretermes-regular.otf(0)/m/n/10.95 39b3eea294b9e0b04fee593f69189e461
d29b7f64ed4a13fd2c7579f7b64792e|
 []


Overfull \hbox (10.58316pt too wide) in paragraph at lines 25--26
[]|\TU/texgyretermes-regular.otf(0)/m/n/10.95 PREFIX_8192_BYTES|
 []


Overfull \hbox (35.2521pt too wide) in alignment at lines 3--26
 [] [] [] [] []
 []


Underfull \vbox (badness 10000) detected at line 26
 []


Overfull \hbox (656.1731pt too wide) in paragraph at lines 26--26
[]|\TU/texgyretermes-regular.otf(0)/m/n/10.95 /users/a/e/aereinh/CARE/data/nnUN
et/nnUNet_results/nnUNet/2d/Task026_Cine_4D/CARECineMyoPSTrainer__nnUNetPlansv2
.1/fold_0/model_final_checkpoint.model|
 []


Overfull \hbox (41.11174pt too wide) in paragraph at lines 26--27
[]|\TU/texgyretermes-regular.otf(0)/m/n/10.95 LARGE_METADATA_ONLY|
 []


Overfull \hbox (35.2521pt too wide) in alignment at lines 26--28
 [] [] [] [] []
 []


Underfull \hbox (badness 10000) in paragraph at lines 34--34
[]|\TU/FandolSong-Regular.otf(0)/m/n/10.95 本 包 读 取
 []


Underfull \hbox (badness 10000) in paragraph at lines 34--34
\TU/texgyretermes-regular.otf(0)/m/n/10.95 Dataset501 la-
 []


Overfull \hbox (8.46979pt too wide) in paragraph at lines 34--35
[]|\TU/texgyretermes-regular.otf(0)/m/n/10.95 data_case_manifest.csv|
 []


Underfull \hbox (badness 10000) in paragraph at lines 35--35
[]|\TU/texgyretermes-regular.otf(0)/m/n/10.95 reference metric
 []


Underfull \hbox (badness 10000) in paragraph at lines 35--35
\TU/texgyretermes-regular.otf(0)/m/n/10.95 known-bad fixtures
 []


Underfull \hbox (badness 10000) in paragraph at lines 35--35
\TU/texgyretermes-regular.otf(0)/m/n/10.95 pass for remote
 []


Underfull \hbox (badness 7925) in paragraph at lines 35--35
\TU/texgyretermes-regular.otf(0)/m/n/10.95 FP, spacing HD95,
 []


Underfull \hbox (badness 10000) in paragraph at lines 35--35
\TU/texgyretermes-regular.otf(0)/m/n/10.95 empty cases and
 []


Overfull \hbox (89.01799pt too wide) in paragraph at lines 35--36
[]|\TU/texgyretermes-regular.otf(0)/m/n/10.95 reference_metric_known_bad_report
.json|
 []


Underfull \hbox (badness 10000) in paragraph at lines 36--36
[]|\TU/texgyretermes-regular.otf(0)/m/n/10.95 full-data MoSAIC
 []


Underfull \hbox (badness 5504) in paragraph at lines 36--36
\TU/texgyretermes-regular.otf(0)/m/n/10.95 evidence cannot be
 []


Underfull \hbox (badness 1852) in paragraph at lines 36--36
\TU/texgyretermes-regular.otf(0)/m/n/10.95 used as clean fold0
 []


Overfull \hbox (39.44734pt too wide) in paragraph at lines 36--37
[]|\TU/texgyretermes-regular.otf(0)/m/n/10.95 mosaic_ablation_contract.json|
 []


Underfull \hbox (badness 10000) in paragraph at lines 37--37
[]|\TU/texgyretermes-regular.otf(0)/m/n/10.95 PRISM decoder-
 []


Underfull \hbox (badness 10000) in paragraph at lines 37--37
\TU/texgyretermes-regular.otf(0)/m/n/10.95 reset explanation
 []


Underfull \hbox (badness 10000) in paragraph at lines 37--37
\TU/texgyretermes-regular.otf(0)/m/n/10.95 remains unresolved
 []


Underfull \hbox (badness 10000) in paragraph at lines 37--37
\TU/texgyretermes-regular.otf(0)/m/n/10.95 until D0-D3 ter-
 []


Underfull \hbox (badness 10000) in paragraph at lines 37--37
\TU/texgyretermes-regular.otf(0)/m/n/10.95 minal diagnostics
 []


Overfull \hbox (65.69447pt too wide) in paragraph at lines 37--38
[]|\TU/texgyretermes-regular.otf(0)/m/n/10.95 decoder_reset_diagnostic_report.m
d|
 []


Underfull \hbox (badness 10000) in paragraph at lines 38--38
[]|\TU/texgyretermes-regular.otf(0)/m/n/10.95 Required diagnostic
 []


Underfull \hbox (badness 10000) in paragraph at lines 38--38
\TU/texgyretermes-regular.otf(0)/m/n/10.95 evidence item 5
 []


Underfull \hbox (badness 10000) in paragraph at lines 38--38
\TU/texgyretermes-regular.otf(0)/m/n/10.95 remains incomplete
 []


Overfull \hbox (24.90575pt too wide) in paragraph at lines 38--39
[]|\TU/texgyretermes-regular.otf(0)/m/n/10.95 strict_validator_report.json|
 []


Underfull \hbox (badness 10000) in paragraph at lines 39--39
[]|\TU/texgyretermes-regular.otf(0)/m/n/10.95 Required diagnostic
 []


Underfull \hbox (badness 10000) in paragraph at lines 39--39
\TU/texgyretermes-regular.otf(0)/m/n/10.95 evidence item 6
 []


Underfull \hbox (badness 10000) in paragraph at lines 39--39
\TU/texgyretermes-regular.otf(0)/m/n/10.95 remains incomplete
 []


Overfull \hbox (24.90575pt too wide) in paragraph at lines 39--40
[]|\TU/texgyretermes-regular.otf(0)/m/n/10.95 strict_validator_report.json|
 []


Underfull \hbox (badness 10000) in paragraph at lines 40--40
[]|\TU/texgyretermes-regular.otf(0)/m/n/10.95 Required diagnostic
 []


Underfull \hbox (badness 10000) in paragraph at lines 40--40
\TU/texgyretermes-regular.otf(0)/m/n/10.95 evidence item 7
 []


Underfull \hbox (badness 10000) in paragraph at lines 40--40
\TU/texgyretermes-regular.otf(0)/m/n/10.95 remains incomplete
 []


Overfull \hbox (24.90575pt too wide) in paragraph at lines 40--41
[]|\TU/texgyretermes-regular.otf(0)/m/n/10.95 strict_validator_report.json|
 []


Underfull \hbox (badness 10000) in paragraph at lines 41--41
[]|\TU/texgyretermes-regular.otf(0)/m/n/10.95 Required diagnostic
 []


Underfull \hbox (badness 10000) in paragraph at lines 41--41
\TU/texgyretermes-regular.otf(0)/m/n/10.95 evidence item 8
 []


Underfull \hbox (badness 10000) in paragraph at lines 41--41
\TU/texgyretermes-regular.otf(0)/m/n/10.95 remains incomplete
 []


Overfull \hbox (24.90575pt too wide) in paragraph at lines 41--42
[]|\TU/texgyretermes-regular.otf(0)/m/n/10.95 strict_validator_report.json|
 []


Underfull \hbox (badness 10000) in paragraph at lines 42--42
[]|\TU/texgyretermes-regular.otf(0)/m/n/10.95 Required diagnostic
 []


Underfull \hbox (badness 10000) in paragraph at lines 42--42
\TU/texgyretermes-regular.otf(0)/m/n/10.95 evidence item 9
 []


Underfull \hbox (badness 10000) in paragraph at lines 42--42
\TU/texgyretermes-regular.otf(0)/m/n/10.95 remains incomplete
 []


Overfull \hbox (24.90575pt too wide) in paragraph at lines 42--43
[]|\TU/texgyretermes-regular.otf(0)/m/n/10.95 strict_validator_report.json|
 []


Underfull \hbox (badness 10000) in paragraph at lines 43--43
[]|\TU/texgyretermes-regular.otf(0)/m/n/10.95 Required diagnostic
 []


Underfull \hbox (badness 10000) in paragraph at lines 43--43
\TU/texgyretermes-regular.otf(0)/m/n/10.95 evidence item 10
 []


Underfull \hbox (badness 10000) in paragraph at lines 43--43
\TU/texgyretermes-regular.otf(0)/m/n/10.95 remains incomplete
 []


Overfull \hbox (24.90575pt too wide) in paragraph at lines 43--44
[]|\TU/texgyretermes-regular.otf(0)/m/n/10.95 strict_validator_report.json|
 []


Underfull \hbox (badness 10000) in paragraph at lines 44--44
[]|\TU/texgyretermes-regular.otf(0)/m/n/10.95 Required diagnostic
 []


Underfull \hbox (badness 10000) in paragraph at lines 44--44
\TU/texgyretermes-regular.otf(0)/m/n/10.95 evidence item 11
 []


Underfull \hbox (badness 10000) in paragraph at lines 44--44
\TU/texgyretermes-regular.otf(0)/m/n/10.95 remains incomplete
 []


Overfull \hbox (24.90575pt too wide) in paragraph at lines 44--45
[]|\TU/texgyretermes-regular.otf(0)/m/n/10.95 strict_validator_report.json|
 []


Underfull \hbox (badness 10000) in paragraph at lines 45--45
[]|\TU/texgyretermes-regular.otf(0)/m/n/10.95 Required diagnostic
 []


Underfull \hbox (badness 10000) in paragraph at lines 45--45
\TU/texgyretermes-regular.otf(0)/m/n/10.95 evidence item 12
 []


Underfull \hbox (badness 10000) in paragraph at lines 45--45
\TU/texgyretermes-regular.otf(0)/m/n/10.95 remains incomplete
 []


Overfull \hbox (24.90575pt too wide) in paragraph at lines 45--46
[]|\TU/texgyretermes-regular.otf(0)/m/n/10.95 strict_validator_report.json|
 []


Underfull \hbox (badness 10000) in paragraph at lines 46--46
[]|\TU/texgyretermes-regular.otf(0)/m/n/10.95 Required diagnostic
 []


Underfull \hbox (badness 10000) in paragraph at lines 46--46
\TU/texgyretermes-regular.otf(0)/m/n/10.95 evidence item 13
 []


Underfull \hbox (badness 10000) in paragraph at lines 46--46
\TU/texgyretermes-regular.otf(0)/m/n/10.95 remains incomplete
 []


Overfull \hbox (24.90575pt too wide) in paragraph at lines 46--47
[]|\TU/texgyretermes-regular.otf(0)/m/n/10.95 strict_validator_report.json|
 []


Underfull \hbox (badness 10000) in paragraph at lines 47--47
[]|\TU/texgyretermes-regular.otf(0)/m/n/10.95 Required diagnostic
 []


Underfull \hbox (badness 10000) in paragraph at lines 47--47
\TU/texgyretermes-regular.otf(0)/m/n/10.95 evidence item 14
 []


Underfull \hbox (badness 10000) in paragraph at lines 47--47
\TU/texgyretermes-regular.otf(0)/m/n/10.95 remains incomplete
 []


Overfull \hbox (24.90575pt too wide) in paragraph at lines 47--48
[]|\TU/texgyretermes-regular.otf(0)/m/n/10.95 strict_validator_report.json|
 []


Underfull \hbox (badness 10000) in paragraph at lines 48--48
[]|\TU/texgyretermes-regular.otf(0)/m/n/10.95 Required diagnostic
 []


Underfull \hbox (badness 10000) in paragraph at lines 48--48
\TU/texgyretermes-regular.otf(0)/m/n/10.95 evidence item 15
 []


Underfull \hbox (badness 10000) in paragraph at lines 48--48
\TU/texgyretermes-regular.otf(0)/m/n/10.95 remains incomplete
 []


Overfull \hbox (24.90575pt too wide) in paragraph at lines 48--49
[]|\TU/texgyretermes-regular.otf(0)/m/n/10.95 strict_validator_report.json|
 []


Underfull \hbox (badness 10000) in paragraph at lines 49--49
[]|\TU/texgyretermes-regular.otf(0)/m/n/10.95 Required diagnostic
 []


Underfull \hbox (badness 10000) in paragraph at lines 49--49
\TU/texgyretermes-regular.otf(0)/m/n/10.95 evidence item 16
 []


Underfull \hbox (badness 10000) in paragraph at lines 49--49
\TU/texgyretermes-regular.otf(0)/m/n/10.95 remains incomplete
 []


Overfull \hbox (24.90575pt too wide) in paragraph at lines 49--50
[]|\TU/texgyretermes-regular.otf(0)/m/n/10.95 strict_validator_report.json|
 []


Underfull \hbox (badness 10000) in paragraph at lines 50--50
[]|\TU/texgyretermes-regular.otf(0)/m/n/10.95 Required diagnostic
 []


Underfull \hbox (badness 10000) in paragraph at lines 50--50
\TU/texgyretermes-regular.otf(0)/m/n/10.95 evidence item 17
 []


Underfull \hbox (badness 10000) in paragraph at lines 50--50
\TU/texgyretermes-regular.otf(0)/m/n/10.95 remains incomplete
 []


Overfull \hbox (24.90575pt too wide) in paragraph at lines 50--51
[]|\TU/texgyretermes-regular.otf(0)/m/n/10.95 strict_validator_report.json|
 []


Underfull \hbox (badness 10000) in paragraph at lines 51--51
[]|\TU/texgyretermes-regular.otf(0)/m/n/10.95 Required diagnostic
 []


Underfull \hbox (badness 10000) in paragraph at lines 51--51
\TU/texgyretermes-regular.otf(0)/m/n/10.95 evidence item 18
 []


Underfull \hbox (badness 10000) in paragraph at lines 51--51
\TU/texgyretermes-regular.otf(0)/m/n/10.95 remains incomplete
 []


Overfull \hbox (24.90575pt too wide) in paragraph at lines 51--52
[]|\TU/texgyretermes-regular.otf(0)/m/n/10.95 strict_validator_report.json|
 []


Underfull \hbox (badness 10000) in paragraph at lines 52--52
[]|\TU/texgyretermes-regular.otf(0)/m/n/10.95 Required diagnostic
 []


Underfull \hbox (badness 10000) in paragraph at lines 52--52
\TU/texgyretermes-regular.otf(0)/m/n/10.95 evidence item 19
 []


Underfull \hbox (badness 10000) in paragraph at lines 52--52
\TU/texgyretermes-regular.otf(0)/m/n/10.95 remains incomplete
 []


Overfull \hbox (24.90575pt too wide) in paragraph at lines 52--53
[]|\TU/texgyretermes-regular.otf(0)/m/n/10.95 strict_validator_report.json|
 []


Overfull \hbox (35.2521pt too wide) in alignment at lines 30--53
 [] [] [] [] []
 []


Underfull \vbox (badness 10000) detected at line 53
 []


Underfull \hbox (badness 10000) in paragraph at lines 53--53
[]|\TU/texgyretermes-regular.otf(0)/m/n/10.95 Required diagnostic
 []


Underfull \hbox (badness 10000) in paragraph at lines 53--53
\TU/texgyretermes-regular.otf(0)/m/n/10.95 evidence item 20
 []


Underfull \hbox (badness 10000) in paragraph at lines 53--53
\TU/texgyretermes-regular.otf(0)/m/n/10.95 remains incomplete
 []


Overfull \hbox (24.90575pt too wide) in paragraph at lines 53--54
[]|\TU/texgyretermes-regular.otf(0)/m/n/10.95 strict_validator_report.json|
 []


Overfull \hbox (35.2521pt too wide) in alignment at lines 53--55
 [] [] [] [] []
 []

[34

] [35]) [36] (./CARE_failure_forensics_20260730.aux)
Package rerunfilecheck Info: File `CARE_failure_forensics_20260730.out' has not
 changed.
(rerunfilecheck)             Checksum: CCC183D7C55F25095B4750CC73AA9F8C;5251.
 )
Here is how much of TeX's memory you used:
 17271 strings out of 478968
 341061 string characters out of 5868621
 843343 words of memory out of 5000000
 36779 multiletter control sequences out of 15000+600000
 405897 words of font info for 75 fonts, out of 8000000 for 9000
 14 hyphenation exceptions out of 8191
 97i,5n,116p,487b,442s stack positions out of 5000i,500n,10000p,200000b,80000s

Output written on CARE_failure_forensics_20260730.pdf (37 pages).
