This is XeTeX, Version 3.14159265-2.6-0.999992 (TeX Live 2020) (preloaded format=xelatex)
 restricted \write18 enabled.

kpathsea: Running mktexfmt xelatex.fmt
mktexfmt: mktexfmt is using the following fmtutil.cnf files (in precedence order):
mktexfmt:   /usr/share/texlive/texmf-dist/web2c/fmtutil.cnf
mktexfmt: mktexfmt is using the following fmtutil.cnf file for writing changes:
mktexfmt:   /users/a/e/aereinh/CARE/results/20260730_care_failure_forensics_deep_research_packet/.render_cache/texmf-config/web2c/fmtutil.cnf
mktexfmt [INFO]: writing formats under /users/a/e/aereinh/CARE/results/20260730_care_failure_forensics_deep_research_packet/.render_cache/texmf-var/web2c
mktexfmt [INFO]: --- remaking xelatex with xetex
mktexfmt: running `xetex -ini   -jobname=xelatex -progname=xelatex -etex xelatex.ini' ...
This is XeTeX, Version 3.14159265-2.6-0.999992 (TeX Live 2020) (INITEX)
 restricted \write18 enabled.
entering extended mode
(/usr/share/texlive/texmf-dist/tex/generic/tex-ini-files/xelatex.ini
(/usr/share/texlive/texmf-dist/tex/latex/base/latex.ltx
(/usr/share/texlive/texmf-dist/tex/latex/base/texsys.cfg)
./texsys.aux found


\@currdir set to: ./.


Assuming \openin and \input
have the same search path.


Defining UNIX/DOS style filename parser.

catcodes, registers, parameters,
LaTeX2e <2020-10-01> patch level 4
(/usr/share/texlive/texmf-dist/tex/latex/l3kernel/expl3.ltx
(/usr/share/texlive/texmf-dist/tex/latex/l3kernel/expl3-code.tex
(/usr/share/texlive/texmf-dist/tex/latex/l3kernel/l3deprecation.def)))
(/usr/share/texlive/texmf-dist/tex/latex/l3packages/xparse/xparse.ltx
(/usr/share/texlive/texmf-dist/tex/latex/l3packages/xparse/xparse-generic.tex))
 hacks, control, par, spacing, files, font encodings, lengths,
====================================

Local config file fonttext.cfg used

====================================
(/usr/share/texlive/texmf-dist/tex/latex/base/fonttext.cfg
(/usr/share/texlive/texmf-dist/tex/latex/base/fonttext.ltx
=== Don't modify this file, use a .cfg file instead ===

(/usr/share/texlive/texmf-dist/tex/latex/base/omlenc.def)
(/usr/share/texlive/texmf-dist/tex/latex/base/omsenc.def)
(/usr/share/texlive/texmf-dist/tex/latex/base/ot1enc.def)
(/usr/share/texlive/texmf-dist/tex/latex/base/t1enc.def)
(/usr/share/texlive/texmf-dist/tex/latex/base/ts1enc.def)
(/usr/share/texlive/texmf-dist/tex/latex/base/tuenc.def)
(/usr/share/texlive/texmf-dist/tex/latex/base/tulmr.fd)
(/usr/share/texlive/texmf-dist/tex/latex/base/tulmss.fd)
(/usr/share/texlive/texmf-dist/tex/latex/base/tulmtt.fd)
(/usr/share/texlive/texmf-dist/tex/latex/lm/ts1lmr.fd)
(/usr/share/texlive/texmf-dist/tex/latex/base/t1cmr.fd)
(/usr/share/texlive/texmf-dist/tex/latex/base/ot1cmr.fd)
(/usr/share/texlive/texmf-dist/tex/latex/base/ot1cmss.fd)
(/usr/share/texlive/texmf-dist/tex/latex/base/ot1cmtt.fd)))
====================================

Local config file fontmath.cfg used

====================================
(/usr/share/texlive/texmf-dist/tex/latex/base/fontmath.cfg
(/usr/share/texlive/texmf-dist/tex/latex/base/fontmath.ltx
=== Don't modify this file, use a .cfg file instead ===

(/usr/share/texlive/texmf-dist/tex/latex/base/omlcmm.fd)
(/usr/share/texlive/texmf-dist/tex/latex/base/omscmsy.fd)
(/usr/share/texlive/texmf-dist/tex/latex/base/omxcmex.fd)
(/usr/share/texlive/texmf-dist/tex/latex/base/ucmr.fd)))
====================================

Local config file preload.cfg used

=====================================
(/usr/share/texlive/texmf-dist/tex/latex/base/preload.cfg
(/usr/share/texlive/texmf-dist/tex/latex/base/preload.ltx)) page nos., x-ref,
environments, center, verbatim, math definitions, boxes, title, sectioning,
contents, floats, footnotes, index, bibliography, output,
 Unicode character data,
(/usr/share/texlive/texmf-dist/tex/generic/unicode-data/load-unicode-data.tex

load-unicode-data.tex v1.14 (2020-10-24)
Reading Unicode data
# UnicodeData-13.0.0.txt
# Modified 2020-03-12 11:00:00 GMT [JAW]
)
===========================================
Local configuration file hyphen.cfg used
===========================================
(/usr/share/texlive/texmf-dist/tex/generic/babel/hyphen.cfg
(/usr/share/texlive/texmf-dist/tex/generic/babel/xebabel.def)
(/usr/share/texlive/texmf-dist/tex/generic/hyphen/hyphen.tex)
(/usr/share/texlive/texmf-dist/tex/generic/hyphen/dumyhyph.tex)
(/usr/share/texlive/texmf-dist/tex/generic/hyphen/zerohyph.tex))
No file latex2e-first-aid-for-external-files.ltx.

 ) )
Beginning to dump on file xelatex.fmt
 (preloaded format=xelatex 2026.7.29)
86568 strings of total length 381379
287506 memory locations dumped; current usage is 299&284500
19931 multiletter control sequences
\font\nullfont=nullfont
\font\c__fp_exp_intarray=cmr10 at 0.00002pt
\font\c__fp_trig_intarray=cmr10 at 0.00003pt
\font\c_initex_cctab=cmr10 at 0.00005pt
\font\c_other_cctab=cmr10 at 0.00006pt
\font\c_str_cctab=cmr10 at 0.00008pt
\font\g__regex_state_active_intarray=cmr10 at 0.00009pt
\font\g__regex_thread_info_intarray=cmr10 at 0.0001pt
\font\g__regex_submatch_prev_intarray=cmr10 at 0.00012pt
\font\g__regex_submatch_begin_intarray=cmr10 at 0.00014pt
\font\g__regex_submatch_end_intarray=cmr10 at 0.00015pt
\font\g__regex_balance_intarray=cmr10 at 0.00017pt
\font\OMX/cmex/m/n/10=cmex10
\font\tenln=line10
\font\tenlnw=linew10
\font\tencirc=lcircle10
\font\tencircw=lcirclew10
\font\OT1/cmr/m/n/5=cmr5
\font\OT1/cmr/m/n/7=cmr7
\font\OT1/cmr/m/n/10=cmr10
\font\OML/cmm/m/it/5=cmmi5
\font\OML/cmm/m/it/7=cmmi7
\font\OML/cmm/m/it/10=cmmi10
\font\OMS/cmsy/m/n/5=cmsy5
\font\OMS/cmsy/m/n/7=cmsy7
\font\OMS/cmsy/m/n/10=cmsy10
\font\c_code_cctab=cmr10 at 0.00018pt
\font\c_document_cctab=cmr10 at 0.0002pt
403423 words of font info for 27 preloaded fonts
14 hyphenation exceptions
Hyphenation trie of length 6082 has 183 ops out of 35111
  2 for language 1
  181 for language 0
No pages of output.
Transcript written on xelatex.log.
mktexfmt [INFO]: log file copied to: /users/a/e/aereinh/CARE/results/20260730_care_failure_forensics_deep_research_packet/.render_cache/texmf-var/web2c/xetex/xelatex.log
mktexfmt [INFO]: /users/a/e/aereinh/CARE/results/20260730_care_failure_forensics_deep_research_packet/.render_cache/texmf-var/web2c/xetex/xelatex.fmt installed.
mktexfmt [INFO]: successfully rebuilt formats: 1
mktexfmt [INFO]: not selected formats: 19
mktexfmt [INFO]: total formats: 20
mktexfmt [INFO]: exiting with status 0
entering extended mode
(./CARE_failure_forensics_20260730.tex
LaTeX2e <2020-10-01> patch level 4
L3 programming layer <2021-02-18>
(/usr/share/texlive/texmf-dist/tex/latex/base/article.cls
Document Class: article 2020/04/10 v1.4m Standard LaTeX document class
(/usr/share/texlive/texmf-dist/tex/latex/base/size11.clo))
(/usr/share/texlive/texmf-dist/tex/latex/geometry/geometry.sty
(/usr/share/texlive/texmf-dist/tex/latex/graphics/keyval.sty)
(/usr/share/texlive/texmf-dist/tex/generic/iftex/ifvtex.sty
(/usr/share/texlive/texmf-dist/tex/generic/iftex/iftex.sty)))
(/usr/share/texlive/texmf-dist/tex/latex/fontspec/fontspec.sty
(/usr/share/texlive/texmf-dist/tex/latex/l3packages/xparse/xparse.sty
(/usr/share/texlive/texmf-dist/tex/latex/l3kernel/expl3.sty
(/usr/share/texlive/texmf-dist/tex/latex/l3backend/l3backend-xetex.def
(|extractbb --version)))
(/usr/share/texlive/texmf-dist/tex/latex/l3packages/xparse/xparse-2020-10-01.st
y (/usr/share/texlive/texmf-dist/tex/latex/l3packages/xparse/xparse-generic.tex
))) (/usr/share/texlive/texmf-dist/tex/latex/fontspec/fontspec-xetex.sty
(/usr/share/texlive/texmf-dist/tex/latex/base/fontenc.sty)
(/usr/share/texlive/texmf-dist/tex/latex/fontspec/fontspec.cfg)))
(/users/a/e/aereinh/render_resources/chinese_math_pdf/texmf/tex/xelatex/xecjk/x
eCJK.sty
(/usr/share/texlive/texmf-dist/tex/latex/l3packages/l3keys2e/l3keys2e.sty)
(/usr/share/texlive/texmf-dist/tex/latex/l3packages/xtemplate/xtemplate.sty)
(/users/a/e/aereinh/render_resources/chinese_math_pdf/texmf/tex/latex/ctex/ctex
hook.sty)
(/users/a/e/aereinh/render_resources/chinese_math_pdf/texmf/tex/xelatex/xecjk/x
eCJK.cfg))
(/usr/share/texlive/texmf-dist/tex/latex/unicode-math/unicode-math.sty
(/usr/share/texlive/texmf-dist/tex/latex/unicode-math/unicode-math-xetex.sty
(/usr/share/texlive/texmf-dist/tex/latex/base/fix-cm.sty
(/usr/share/texlive/texmf-dist/tex/latex/base/ts1enc.def))
(/usr/share/texlive/texmf-dist/tex/latex/amsmath/amsmath.sty
For additional information on amsmath, use the `?' option.
(/usr/share/texlive/texmf-dist/tex/latex/amsmath/amstext.sty
(/usr/share/texlive/texmf-dist/tex/latex/amsmath/amsgen.sty))
(/usr/share/texlive/texmf-dist/tex/latex/amsmath/amsbsy.sty)
(/usr/share/texlive/texmf-dist/tex/latex/amsmath/amsopn.sty))
(/usr/share/texlive/texmf-dist/tex/latex/unicode-math/unicode-math-table.tex)))

Package fontspec Warning: Font "FandolSong-Regular" does not contain requested
(fontspec)                Script "CJK".

(/usr/share/texlive/texmf-dist/tex/latex/graphics/graphicx.sty
(/usr/share/texlive/texmf-dist/tex/latex/graphics/graphics.sty
(/usr/share/texlive/texmf-dist/tex/latex/graphics/trig.sty)
(/usr/share/texlive/texmf-dist/tex/latex/graphics-cfg/graphics.cfg)
(/usr/share/texlive/texmf-dist/tex/latex/graphics-def/xetex.def)))
(/usr/share/texlive/texmf-dist/tex/latex/tools/longtable.sty)
(/usr/share/texlive/texmf-dist/tex/latex/booktabs/booktabs.sty)
(/usr/share/texlive/texmf-dist/tex/latex/xcolor/xcolor.sty
(/usr/share/texlive/texmf-dist/tex/latex/graphics-cfg/color.cfg))
(/usr/share/texlive/texmf-dist/tex/latex/hyperref/hyperref.sty
(/usr/share/texlive/texmf-dist/tex/generic/ltxcmds/ltxcmds.sty)
(/usr/share/texlive/texmf-dist/tex/generic/pdftexcmds/pdftexcmds.sty
(/usr/share/texlive/texmf-dist/tex/generic/infwarerr/infwarerr.sty))
(/usr/share/texlive/texmf-dist/tex/generic/kvsetkeys/kvsetkeys.sty)
(/usr/share/texlive/texmf-dist/tex/generic/kvdefinekeys/kvdefinekeys.sty)
(/usr/share/texlive/texmf-dist/tex/generic/pdfescape/pdfescape.sty)
(/usr/share/texlive/texmf-dist/tex/latex/hycolor/hycolor.sty)
(/usr/share/texlive/texmf-dist/tex/latex/letltxmacro/letltxmacro.sty)
(/usr/share/texlive/texmf-dist/tex/latex/auxhook/auxhook.sty)
(/usr/share/texlive/texmf-dist/tex/latex/kvoptions/kvoptions.sty)
(/usr/share/texlive/texmf-dist/tex/latex/hyperref/pd1enc.def)
(/usr/share/texlive/texmf-dist/tex/latex/hyperref/hyperref-langpatches.def)
(/usr/share/texlive/texmf-dist/tex/generic/intcalc/intcalc.sty)
(/usr/share/texlive/texmf-dist/tex/generic/etexcmds/etexcmds.sty)
(/usr/share/texlive/texmf-dist/tex/latex/hyperref/puenc.def)
(/usr/share/texlive/texmf-dist/tex/latex/url/url.sty)
(/usr/share/texlive/texmf-dist/tex/generic/bitset/bitset.sty
(/usr/share/texlive/texmf-dist/tex/generic/bigintcalc/bigintcalc.sty))
(/usr/share/texlive/texmf-dist/tex/latex/base/atbegshi-ltx.sty))
(/usr/share/texlive/texmf-dist/tex/latex/hyperref/hxetex.def
(/usr/share/texlive/texmf-dist/tex/generic/stringenc/stringenc.sty)
(/usr/share/texlive/texmf-dist/tex/latex/rerunfilecheck/rerunfilecheck.sty
(/usr/share/texlive/texmf-dist/tex/latex/base/atveryend-ltx.sty)
(/usr/share/texlive/texmf-dist/tex/generic/uniquecounter/uniquecounter.sty)))
No file CARE_failure_forensics_20260730.aux.
*geometry* driver: auto-detecting
*geometry* detected driver: xetex
(/usr/share/texlive/texmf-dist/tex/latex/hyperref/nameref.sty
(/usr/share/texlive/texmf-dist/tex/latex/refcount/refcount.sty)
(/usr/share/texlive/texmf-dist/tex/generic/gettitlestring/gettitlestring.sty))

Package hyperref Warning: Rerun to get /PageLabels entry.

[1] [1] [2] (./sections/section_01.tex [3]) (./sections/section_02.tex
Underfull \vbox (badness 10000) detected at line 17
[4]) (./sections/section_03.tex
Underfull \hbox (badness 10000) in paragraph at lines 12--13
[]|\TU/texgyretermes-regular.otf(0)/m/n/10.95 T2-present official

Underfull \vbox (badness 10000) detected at line 15
[5]) (./sections/section_04.tex [6]) (./sections/section_05.tex
Overfull \hbox (28.22359pt too wide) in paragraph at lines 11--11
[]|\TU/texgyretermes-regular.otf(0)/m/n/10.95 missing_modality_handling|

Underfull \hbox (badness 10000) in paragraph at lines 13--13
[]|\TU/texgyretermes-regular.otf(0)/m/n/10.95 historical CARE

Overfull \hbox (74.89247pt too wide) in paragraph at lines 13--13
[]|\TU/texgyretermes-regular.otf(0)/m/n/10.95 UNBOUND_OR_ROUTE_SPECIFIC|

Underfull \hbox (badness 10000) in paragraph at lines 14--14
[]|\TU/texgyretermes-regular.otf(0)/m/n/10.95 historical CARE

Overfull \hbox (74.89247pt too wide) in paragraph at lines 14--14
[]|\TU/texgyretermes-regular.otf(0)/m/n/10.95 UNBOUND_OR_ROUTE_SPECIFIC|

Underfull \hbox (badness 10000) in paragraph at lines 15--15
[]|\TU/texgyretermes-regular.otf(0)/m/n/10.95 historical CARE

Overfull \hbox (74.89247pt too wide) in paragraph at lines 15--15
[]|\TU/texgyretermes-regular.otf(0)/m/n/10.95 UNBOUND_OR_ROUTE_SPECIFIC|

Underfull \hbox (badness 10000) in paragraph at lines 16--16
[]|\TU/texgyretermes-regular.otf(0)/m/n/10.95 historical CARE

Overfull \hbox (74.89247pt too wide) in paragraph at lines 16--16
[]|\TU/texgyretermes-regular.otf(0)/m/n/10.95 UNBOUND_OR_ROUTE_SPECIFIC|

Underfull \hbox (badness 10000) in paragraph at lines 17--17
[]|\TU/texgyretermes-regular.otf(0)/m/n/10.95 historical CARE

Overfull \hbox (74.89247pt too wide) in paragraph at lines 17--17
[]|\TU/texgyretermes-regular.otf(0)/m/n/10.95 UNBOUND_OR_ROUTE_SPECIFIC|

Overfull \hbox (35.2521pt too wide) in alignment at lines 9--19
 [] [] [] [] []

Underfull \vbox (badness 10000) detected at line 19
[7]) (./sections/section_06.tex [8]) (./sections/section_07.tex [9])
(./sections/section_08.tex [10]) (./sections/section_09.tex [11])
(./sections/section_10.tex [12]) (./sections/section_11.tex
Overfull \hbox (82.43701pt too wide) in paragraph at lines 13--13
[]|\TU/texgyretermes-regular.otf(0)/m/n/10.95 D0_FULL_PRETRAINED_IDENTITY|

Underfull \vbox (badness 10000) detected at line 15
[13]) (./sections/section_12.tex
Underfull \vbox (badness 10000) detected at line 15
[14]) (./sections/section_13.tex [15]) (./sections/section_14.tex [16])
(./sections/section_15.tex [17]) (./sections/section_16.tex
! Missing $ inserted.
<inserted text>
                $
l.7 病例 montage 的选择依赖 standardized_
                                  casewise_metrics。本包目前只生成 QA contact sheet，...

! Missing $ inserted.
<inserted text>
                $
l.8


Overfull \hbox (81.9243pt too wide) in paragraph at lines 7--8
[]\TU/FandolSong-Regular.otf(0)/m/n/10.95 病 例 \TU/texgyretermes-regular.otf(0)/
m/n/10.95 montage \TU/FandolSong-Regular.otf(0)/m/n/10.95 的 选 择 依 赖 \TU/texgyre
termes-regular.otf(0)/m/n/10.95 standardized$[][][][][][][][][][][][][][][][][]
[][][][][][][][][][][][][][][][][][][][][][][][][][][][][][][][][][][][][][][][
][][][][][][][][][][][][][][][][]$
[18]) (./sections/section_17.tex [19]) (./sections/section_18.tex
! Missing $ inserted.
<inserted text>
                $
l.7 ... 不能稳定超过 always-best-single-model，必须写 LOCAL_
                                                  EVIDENCE_DOES_NOT_SUPPORT_...

! Missing $ inserted.
<inserted text>
                $
l.8


Overfull \hbox (240.39296pt too wide) in paragraph at lines 7--8
[]\TU/FandolSong-Regular.otf(0)/m/n/10.95 若 \TU/texgyretermes-regular.otf(0)/m/
n/10.95 selector nested CV \TU/FandolSong-Regular.otf(0)/m/n/10.95 不 能 稳 定 超 过
\TU/texgyretermes-regular.otf(0)/m/n/10.95 always-best-single-model\TU/FandolSo
ng-Regular.otf(0)/m/n/10.95 ，|  必 须 写 \TU/texgyretermes-regular.otf(0)/m/n/10.9
5 LOCAL$[][][][][][][][][][][][][][][][][][][][][][][][][][][][][][][][][][][][
][][][][][][][][][][][][][][][][][][][][][][][][][][]$
[20]) (./sections/section_19.tex [21]) (./sections/section_20.tex
Underfull \vbox (badness 10000) detected at line 13
[22]) (./sections/section_21.tex [23]) (./sections/section_22.tex [24])
(./sections/section_23.tex [25]) (./sections/section_24.tex [26])
(./sections/section_25.tex [27]) (./sections/section_26.tex
Overfull \hbox (49.49944pt too wide) in paragraph at lines 13--13
[]|\TU/texgyretermes-regular.otf(0)/m/n/10.95 METRIC_IMPLEMENTATION|

Underfull \hbox (badness 1127) in paragraph at lines 13--13
[]|\TU/texgyretermes-regular.otf(0)/m/n/10.95 remote FP \TU/FandolSong-Regular.
otf(0)/m/n/10.95 和 \TU/texgyretermes-regular.otf(0)/m/n/10.95 pure-

Underfull \hbox (badness 10000) in paragraph at lines 13--13
\TU/texgyretermes-regular.otf(0)/m/n/10.95 edema/edema-zone

Underfull \hbox (badness 3029) in paragraph at lines 13--13
\TU/FandolSong-Regular.otf(0)/m/n/10.95 语 义 已 有 \TU/texgyretermes-regular.otf(0
)/m/n/10.95 known-

Overfull \hbox (39.16263pt too wide) in paragraph at lines 14--14
[]|\TU/texgyretermes-regular.otf(0)/m/n/10.95 CHECKPOINT_OR_RECIPE|

Underfull \hbox (badness 10000) in paragraph at lines 14--14
[]|\TU/texgyretermes-regular.otf(0)/m/n/10.95 MoSAIC clean/full-

Overfull \hbox (59.19019pt too wide) in paragraph at lines 15--15
[]|\TU/texgyretermes-regular.otf(0)/m/n/10.95 DECODER_CAPABILITY_LOSS|

Overfull \hbox (43.0718pt too wide) in paragraph at lines 16--16
[]|\TU/texgyretermes-regular.otf(0)/m/n/10.95 COMPONENT_NOT_WIRED|

Underfull \hbox (badness 10000) in paragraph at lines 16--16
[]|\TU/FandolSong-Regular.otf(0)/m/n/10.95 多 个 路 线 需

Underfull \hbox (badness 10000) in paragraph at lines 16--16
\TU/texgyretermes-regular.otf(0)/m/n/10.95 forward/on-off

Overfull \hbox (95.34706pt too wide) in paragraph at lines 17--17
[]|\TU/texgyretermes-regular.otf(0)/m/n/10.95 INSUFFICIENT_PATHOLOGY_SIGNAL|

Underfull \hbox (badness 2884) in paragraph at lines 17--17
[]|\TU/texgyretermes-regular.otf(0)/m/n/10.95 feature probe \TU/FandolSong-Regu
lar.otf(0)/m/n/10.95 未 运

Overfull \hbox (68.84808pt too wide) in paragraph at lines 18--18
[]|\TU/texgyretermes-regular.otf(0)/m/n/10.95 MULTIMODAL_MISALIGNMENT|

Overfull \hbox (32.4503pt too wide) in paragraph at lines 19--19
[]|\TU/texgyretermes-regular.otf(0)/m/n/10.95 CINE_TASK_DEFINITION|

Overfull \hbox (35.2521pt too wide) in alignment at lines 9--21
 [] [] [] [] []

Underfull \vbox (badness 10000) detected at line 21
[28]) (./sections/section_27.tex
! You can't use `macro parameter character #' in vertical mode.
l.7 #
      Local Evidence Conclusions
[29]) (./sections/section_28.tex [30]) (./sections/section_29.tex [31])
(./sections/section_30.tex
! You can't use `macro parameter character #' in vertical mode.
l.7 #
      Research Decision Tree
[32]) (./sections/appendices.tex
Overfull \hbox (602.1458pt too wide) in paragraph at lines 7--7
[]|\TU/texgyretermes-regular.otf(0)/m/n/10.95 /users/a/e/aereinh/CARE/data/nnUN
et/nnUNet_results/Dataset502_CARECineMyoPS/nnUNetTrainer__nnUNetPlans__3d_fullr
es/fold_0/checkpoint_final.pth|

Overfull \hbox (41.11174pt too wide) in paragraph at lines 7--8
[]|\TU/texgyretermes-regular.otf(0)/m/n/10.95 LARGE_METADATA_ONLY|

Overfull \hbox (600.1529pt too wide) in paragraph at lines 8--8
[]|\TU/texgyretermes-regular.otf(0)/m/n/10.95 /users/a/e/aereinh/CARE/data/nnUN
et/nnUNet_results/Dataset502_CARECineMyoPS/nnUNetTrainer__nnUNetPlans__3d_fullr
es/fold_0/checkpoint_best.pth|

Overfull \hbox (41.11174pt too wide) in paragraph at lines 8--9
[]|\TU/texgyretermes-regular.otf(0)/m/n/10.95 LARGE_METADATA_ONLY|

Overfull \hbox (654.28969pt too wide) in paragraph at lines 9--9
[]|\TU/texgyretermes-regular.otf(0)/m/n/10.95 /users/a/e/aereinh/CARE/data/nnUN
et/nnUNet_results/Dataset502_CARECineMyoPS/nnUNetTrainer_500epochs__nnUNetPlans
__3d_fullres/fold_4/checkpoint_final.pth|

Overfull \hbox (41.11174pt too wide) in paragraph at lines 9--10
[]|\TU/texgyretermes-regular.otf(0)/m/n/10.95 LARGE_METADATA_ONLY|

Overfull \hbox (652.29678pt too wide) in paragraph at lines 10--10
[]|\TU/texgyretermes-regular.otf(0)/m/n/10.95 /users/a/e/aereinh/CARE/data/nnUN
et/nnUNet_results/Dataset502_CARECineMyoPS/nnUNetTrainer_500epochs__nnUNetPlans
__3d_fullres/fold_4/checkpoint_best.pth|

Overfull \hbox (41.11174pt too wide) in paragraph at lines 10--11
[]|\TU/texgyretermes-regular.otf(0)/m/n/10.95 LARGE_METADATA_ONLY|

Overfull \hbox (654.28969pt too wide) in paragraph at lines 11--11
[]|\TU/texgyretermes-regular.otf(0)/m/n/10.95 /users/a/e/aereinh/CARE/data/nnUN
et/nnUNet_results/Dataset502_CARECineMyoPS/nnUNetTrainer_500epochs__nnUNetPlans
__3d_fullres/fold_0/checkpoint_final.pth|

Overfull \hbox (41.11174pt too wide) in paragraph at lines 11--12
[]|\TU/texgyretermes-regular.otf(0)/m/n/10.95 LARGE_METADATA_ONLY|

Overfull \hbox (652.29678pt too wide) in paragraph at lines 12--12
[]|\TU/texgyretermes-regular.otf(0)/m/n/10.95 /users/a/e/aereinh/CARE/data/nnUN
et/nnUNet_results/Dataset502_CARECineMyoPS/nnUNetTrainer_500epochs__nnUNetPlans
__3d_fullres/fold_0/checkpoint_best.pth|

Overfull \hbox (41.11174pt too wide) in paragraph at lines 12--13
[]|\TU/texgyretermes-regular.otf(0)/m/n/10.95 LARGE_METADATA_ONLY|

Overfull \hbox (654.28969pt too wide) in paragraph at lines 13--13
[]|\TU/texgyretermes-regular.otf(0)/m/n/10.95 /users/a/e/aereinh/CARE/data/nnUN
et/nnUNet_results/Dataset502_CARECineMyoPS/nnUNetTrainer_500epochs__nnUNetPlans
__3d_fullres/fold_2/checkpoint_final.pth|

Overfull \hbox (41.11174pt too wide) in paragraph at lines 13--14
[]|\TU/texgyretermes-regular.otf(0)/m/n/10.95 LARGE_METADATA_ONLY|

Overfull \hbox (652.29678pt too wide) in paragraph at lines 14--14
[]|\TU/texgyretermes-regular.otf(0)/m/n/10.95 /users/a/e/aereinh/CARE/data/nnUN
et/nnUNet_results/Dataset502_CARECineMyoPS/nnUNetTrainer_500epochs__nnUNetPlans
__3d_fullres/fold_2/checkpoint_best.pth|

Overfull \hbox (41.11174pt too wide) in paragraph at lines 14--15
[]|\TU/texgyretermes-regular.otf(0)/m/n/10.95 LARGE_METADATA_ONLY|

Overfull \hbox (654.28969pt too wide) in paragraph at lines 15--15
[]|\TU/texgyretermes-regular.otf(0)/m/n/10.95 /users/a/e/aereinh/CARE/data/nnUN
et/nnUNet_results/Dataset502_CARECineMyoPS/nnUNetTrainer_500epochs__nnUNetPlans
__3d_fullres/fold_1/checkpoint_final.pth|

Overfull \hbox (41.11174pt too wide) in paragraph at lines 15--16
[]|\TU/texgyretermes-regular.otf(0)/m/n/10.95 LARGE_METADATA_ONLY|

Overfull \hbox (652.29678pt too wide) in paragraph at lines 16--16
[]|\TU/texgyretermes-regular.otf(0)/m/n/10.95 /users/a/e/aereinh/CARE/data/nnUN
et/nnUNet_results/Dataset502_CARECineMyoPS/nnUNetTrainer_500epochs__nnUNetPlans
__3d_fullres/fold_1/checkpoint_best.pth|

Overfull \hbox (41.11174pt too wide) in paragraph at lines 16--17
[]|\TU/texgyretermes-regular.otf(0)/m/n/10.95 LARGE_METADATA_ONLY|

Overfull \hbox (654.28969pt too wide) in paragraph at lines 17--17
[]|\TU/texgyretermes-regular.otf(0)/m/n/10.95 /users/a/e/aereinh/CARE/data/nnUN
et/nnUNet_results/Dataset502_CARECineMyoPS/nnUNetTrainer_500epochs__nnUNetPlans
__3d_fullres/fold_3/checkpoint_final.pth|

Overfull \hbox (41.11174pt too wide) in paragraph at lines 17--18
[]|\TU/texgyretermes-regular.otf(0)/m/n/10.95 LARGE_METADATA_ONLY|

Overfull \hbox (652.29678pt too wide) in paragraph at lines 18--18
[]|\TU/texgyretermes-regular.otf(0)/m/n/10.95 /users/a/e/aereinh/CARE/data/nnUN
et/nnUNet_results/Dataset502_CARECineMyoPS/nnUNetTrainer_500epochs__nnUNetPlans
__3d_fullres/fold_3/checkpoint_best.pth|

Overfull \hbox (41.11174pt too wide) in paragraph at lines 18--19
[]|\TU/texgyretermes-regular.otf(0)/m/n/10.95 LARGE_METADATA_ONLY|

Overfull \hbox (642.01474pt too wide) in paragraph at lines 19--19
[]|\TU/texgyretermes-regular.otf(0)/m/n/10.95 /users/a/e/aereinh/CARE/data/nnUN
et/nnUNet_results/nnUNet/2d/Task025_Cine_Seg/nnUNetTrainerV2__nnUNetPlansv2.1/f
old_0/model_final_checkpoint.model.pkl|

Overfull \hbox (237.32474pt too wide) in paragraph at lines 19--19
[]|\TU/texgyretermes-regular.otf(0)/m/n/10.95 ea87fb6002a766379c529eaf0c5610711
3e17861efefac4e7b54d81c0ea5cc0b|

Overfull \hbox (10.58316pt too wide) in paragraph at lines 19--20
[]|\TU/texgyretermes-regular.otf(0)/m/n/10.95 PREFIX_8192_BYTES|

Overfull \hbox (625.28316pt too wide) in paragraph at lines 20--20
[]|\TU/texgyretermes-regular.otf(0)/m/n/10.95 /users/a/e/aereinh/CARE/data/nnUN
et/nnUNet_results/nnUNet/2d/Task025_Cine_Seg/nnUNetTrainerV2__nnUNetPlansv2.1/f
old_0/model_final_checkpoint.model|

Overfull \hbox (41.11174pt too wide) in paragraph at lines 20--21
[]|\TU/texgyretermes-regular.otf(0)/m/n/10.95 LARGE_METADATA_ONLY|

Overfull \hbox (706.75113pt too wide) in paragraph at lines 21--21
[]|\TU/texgyretermes-regular.otf(0)/m/n/10.95 /users/a/e/aereinh/CARE/data/nnUN
et/nnUNet_results/nnUNet/2d/Task026_Cine_4D_smoke/CARECineMyoPSTrainer__nnUNetP
lansv2.1/fold_0/model_final_checkpoint.model.pkl|

Overfull \hbox (240.92728pt too wide) in paragraph at lines 21--21
[]|\TU/texgyretermes-regular.otf(0)/m/n/10.95 cdeca70da84be8d8db3471352c0728f07
3ab4ac911cff1ba34104206c565c5e9|

Overfull \hbox (690.01955pt too wide) in paragraph at lines 22--22
[]|\TU/texgyretermes-regular.otf(0)/m/n/10.95 /users/a/e/aereinh/CARE/data/nnUN
et/nnUNet_results/nnUNet/2d/Task026_Cine_4D_smoke/CARECineMyoPSTrainer__nnUNetP
lansv2.1/fold_0/model_final_checkpoint.model|

Overfull \hbox (41.11174pt too wide) in paragraph at lines 22--23
[]|\TU/texgyretermes-regular.otf(0)/m/n/10.95 LARGE_METADATA_ONLY|

Overfull \hbox (476.31937pt too wide) in paragraph at lines 23--23
[]|\TU/texgyretermes-regular.otf(0)/m/n/10.95 /users/a/e/aereinh/CARE/results/2
0260726_care_fullinfo_nnunet_and_care_scf/care_scf_v1/mosaic_oof_checkpoint_man
ifest.csv|

Overfull \hbox (236.66772pt too wide) in paragraph at lines 23--23
[]|\TU/texgyretermes-regular.otf(0)/m/n/10.95 b9ffabd601e3e9a502a4cf9be4fb602de
6029a0688591c7d39cf05af21683e09|

Overfull \hbox (519.68135pt too wide) in paragraph at lines 24--24
[]|\TU/texgyretermes-regular.otf(0)/m/n/10.95 /users/a/e/aereinh/CARE/results/2
0260726_care_fullinfo_nnunet_and_care_scf/care_scf_v1/mosaic_oof/fold0/oof_chec
kpoint_manifest.csv|

Overfull \hbox (240.43451pt too wide) in paragraph at lines 24--24
[]|\TU/texgyretermes-regular.otf(0)/m/n/10.95 86bdeb34e4b90695dcdcac41e55461ca9
12f060fccba84f8717a99d1cbdf2850|

Overfull \hbox (672.90468pt too wide) in paragraph at lines 25--25
[]|\TU/texgyretermes-regular.otf(0)/m/n/10.95 /users/a/e/aereinh/CARE/data/nnUN
et/nnUNet_results/nnUNet/2d/Task026_Cine_4D/CARECineMyoPSTrainer__nnUNetPlansv2
.1/fold_0/model_final_checkpoint.model.pkl|

Overfull \hbox (240.06223pt too wide) in paragraph at lines 25--25
[]|\TU/texgyretermes-regular.otf(0)/m/n/10.95 39b3eea294b9e0b04fee593f69189e461
d29b7f64ed4a13fd2c7579f7b64792e|

Overfull \hbox (10.58316pt too wide) in paragraph at lines 25--26
[]|\TU/texgyretermes-regular.otf(0)/m/n/10.95 PREFIX_8192_BYTES|

Overfull \hbox (35.2521pt too wide) in alignment at lines 3--26
 [] [] [] [] []

Underfull \vbox (badness 10000) detected at line 26

Overfull \hbox (656.1731pt too wide) in paragraph at lines 26--26
[]|\TU/texgyretermes-regular.otf(0)/m/n/10.95 /users/a/e/aereinh/CARE/data/nnUN
et/nnUNet_results/nnUNet/2d/Task026_Cine_4D/CARECineMyoPSTrainer__nnUNetPlansv2
.1/fold_0/model_final_checkpoint.model|

Overfull \hbox (41.11174pt too wide) in paragraph at lines 26--27
[]|\TU/texgyretermes-regular.otf(0)/m/n/10.95 LARGE_METADATA_ONLY|

Overfull \hbox (35.2521pt too wide) in alignment at lines 26--28
 [] [] [] [] []

Underfull \hbox (badness 10000) in paragraph at lines 34--34
[]|\TU/FandolSong-Regular.otf(0)/m/n/10.95 本 包 读 取

Underfull \hbox (badness 10000) in paragraph at lines 34--34
\TU/texgyretermes-regular.otf(0)/m/n/10.95 Dataset501 la-

Overfull \hbox (8.46979pt too wide) in paragraph at lines 34--35
[]|\TU/texgyretermes-regular.otf(0)/m/n/10.95 data_case_manifest.csv|

Underfull \hbox (badness 10000) in paragraph at lines 35--35
[]|\TU/texgyretermes-regular.otf(0)/m/n/10.95 reference metric

Underfull \hbox (badness 10000) in paragraph at lines 35--35
\TU/texgyretermes-regular.otf(0)/m/n/10.95 known-bad fixtures

Underfull \hbox (badness 10000) in paragraph at lines 35--35
\TU/texgyretermes-regular.otf(0)/m/n/10.95 pass for remote

Underfull \hbox (badness 7925) in paragraph at lines 35--35
\TU/texgyretermes-regular.otf(0)/m/n/10.95 FP, spacing HD95,

Underfull \hbox (badness 10000) in paragraph at lines 35--35
\TU/texgyretermes-regular.otf(0)/m/n/10.95 empty cases and

Overfull \hbox (89.01799pt too wide) in paragraph at lines 35--36
[]|\TU/texgyretermes-regular.otf(0)/m/n/10.95 reference_metric_known_bad_report
.json|

Underfull \hbox (badness 10000) in paragraph at lines 36--36
[]|\TU/texgyretermes-regular.otf(0)/m/n/10.95 full-data MoSAIC

Underfull \hbox (badness 5504) in paragraph at lines 36--36
\TU/texgyretermes-regular.otf(0)/m/n/10.95 evidence cannot be

Underfull \hbox (badness 1852) in paragraph at lines 36--36
\TU/texgyretermes-regular.otf(0)/m/n/10.95 used as clean fold0

Overfull \hbox (39.44734pt too wide) in paragraph at lines 36--37
[]|\TU/texgyretermes-regular.otf(0)/m/n/10.95 mosaic_ablation_contract.json|

Underfull \hbox (badness 10000) in paragraph at lines 37--37
[]|\TU/texgyretermes-regular.otf(0)/m/n/10.95 PRISM decoder-

Underfull \hbox (badness 10000) in paragraph at lines 37--37
\TU/texgyretermes-regular.otf(0)/m/n/10.95 reset explanation

Underfull \hbox (badness 10000) in paragraph at lines 37--37
\TU/texgyretermes-regular.otf(0)/m/n/10.95 remains unresolved

Underfull \hbox (badness 10000) in paragraph at lines 37--37
\TU/texgyretermes-regular.otf(0)/m/n/10.95 until D0-D3 ter-

Underfull \hbox (badness 10000) in paragraph at lines 37--37
\TU/texgyretermes-regular.otf(0)/m/n/10.95 minal diagnostics

Overfull \hbox (65.69447pt too wide) in paragraph at lines 37--38
[]|\TU/texgyretermes-regular.otf(0)/m/n/10.95 decoder_reset_diagnostic_report.m
d|

Underfull \hbox (badness 10000) in paragraph at lines 38--38
[]|\TU/texgyretermes-regular.otf(0)/m/n/10.95 Required diagnostic

Underfull \hbox (badness 10000) in paragraph at lines 38--38
\TU/texgyretermes-regular.otf(0)/m/n/10.95 evidence item 5

Underfull \hbox (badness 10000) in paragraph at lines 38--38
\TU/texgyretermes-regular.otf(0)/m/n/10.95 remains incomplete

Overfull \hbox (24.90575pt too wide) in paragraph at lines 38--39
[]|\TU/texgyretermes-regular.otf(0)/m/n/10.95 strict_validator_report.json|

Underfull \hbox (badness 10000) in paragraph at lines 39--39
[]|\TU/texgyretermes-regular.otf(0)/m/n/10.95 Required diagnostic

Underfull \hbox (badness 10000) in paragraph at lines 39--39
\TU/texgyretermes-regular.otf(0)/m/n/10.95 evidence item 6

Underfull \hbox (badness 10000) in paragraph at lines 39--39
\TU/texgyretermes-regular.otf(0)/m/n/10.95 remains incomplete

Overfull \hbox (24.90575pt too wide) in paragraph at lines 39--40
[]|\TU/texgyretermes-regular.otf(0)/m/n/10.95 strict_validator_report.json|

Underfull \hbox (badness 10000) in paragraph at lines 40--40
[]|\TU/texgyretermes-regular.otf(0)/m/n/10.95 Required diagnostic

Underfull \hbox (badness 10000) in paragraph at lines 40--40
\TU/texgyretermes-regular.otf(0)/m/n/10.95 evidence item 7

Underfull \hbox (badness 10000) in paragraph at lines 40--40
\TU/texgyretermes-regular.otf(0)/m/n/10.95 remains incomplete

Overfull \hbox (24.90575pt too wide) in paragraph at lines 40--41
[]|\TU/texgyretermes-regular.otf(0)/m/n/10.95 strict_validator_report.json|

Underfull \hbox (badness 10000) in paragraph at lines 41--41
[]|\TU/texgyretermes-regular.otf(0)/m/n/10.95 Required diagnostic

Underfull \hbox (badness 10000) in paragraph at lines 41--41
\TU/texgyretermes-regular.otf(0)/m/n/10.95 evidence item 8

Underfull \hbox (badness 10000) in paragraph at lines 41--41
\TU/texgyretermes-regular.otf(0)/m/n/10.95 remains incomplete

Overfull \hbox (24.90575pt too wide) in paragraph at lines 41--42
[]|\TU/texgyretermes-regular.otf(0)/m/n/10.95 strict_validator_report.json|

Underfull \hbox (badness 10000) in paragraph at lines 42--42
[]|\TU/texgyretermes-regular.otf(0)/m/n/10.95 Required diagnostic

Underfull \hbox (badness 10000) in paragraph at lines 42--42
\TU/texgyretermes-regular.otf(0)/m/n/10.95 evidence item 9

Underfull \hbox (badness 10000) in paragraph at lines 42--42
\TU/texgyretermes-regular.otf(0)/m/n/10.95 remains incomplete

Overfull \hbox (24.90575pt too wide) in paragraph at lines 42--43
[]|\TU/texgyretermes-regular.otf(0)/m/n/10.95 strict_validator_report.json|

Underfull \hbox (badness 10000) in paragraph at lines 43--43
[]|\TU/texgyretermes-regular.otf(0)/m/n/10.95 Required diagnostic

Underfull \hbox (badness 10000) in paragraph at lines 43--43
\TU/texgyretermes-regular.otf(0)/m/n/10.95 evidence item 10

Underfull \hbox (badness 10000) in paragraph at lines 43--43
\TU/texgyretermes-regular.otf(0)/m/n/10.95 remains incomplete

Overfull \hbox (24.90575pt too wide) in paragraph at lines 43--44
[]|\TU/texgyretermes-regular.otf(0)/m/n/10.95 strict_validator_report.json|

Underfull \hbox (badness 10000) in paragraph at lines 44--44
[]|\TU/texgyretermes-regular.otf(0)/m/n/10.95 Required diagnostic

Underfull \hbox (badness 10000) in paragraph at lines 44--44
\TU/texgyretermes-regular.otf(0)/m/n/10.95 evidence item 11

Underfull \hbox (badness 10000) in paragraph at lines 44--44
\TU/texgyretermes-regular.otf(0)/m/n/10.95 remains incomplete

Overfull \hbox (24.90575pt too wide) in paragraph at lines 44--45
[]|\TU/texgyretermes-regular.otf(0)/m/n/10.95 strict_validator_report.json|

Underfull \hbox (badness 10000) in paragraph at lines 45--45
[]|\TU/texgyretermes-regular.otf(0)/m/n/10.95 Required diagnostic

Underfull \hbox (badness 10000) in paragraph at lines 45--45
\TU/texgyretermes-regular.otf(0)/m/n/10.95 evidence item 12

Underfull \hbox (badness 10000) in paragraph at lines 45--45
\TU/texgyretermes-regular.otf(0)/m/n/10.95 remains incomplete

Overfull \hbox (24.90575pt too wide) in paragraph at lines 45--46
[]|\TU/texgyretermes-regular.otf(0)/m/n/10.95 strict_validator_report.json|

Underfull \hbox (badness 10000) in paragraph at lines 46--46
[]|\TU/texgyretermes-regular.otf(0)/m/n/10.95 Required diagnostic

Underfull \hbox (badness 10000) in paragraph at lines 46--46
\TU/texgyretermes-regular.otf(0)/m/n/10.95 evidence item 13

Underfull \hbox (badness 10000) in paragraph at lines 46--46
\TU/texgyretermes-regular.otf(0)/m/n/10.95 remains incomplete

Overfull \hbox (24.90575pt too wide) in paragraph at lines 46--47
[]|\TU/texgyretermes-regular.otf(0)/m/n/10.95 strict_validator_report.json|

Underfull \hbox (badness 10000) in paragraph at lines 47--47
[]|\TU/texgyretermes-regular.otf(0)/m/n/10.95 Required diagnostic

Underfull \hbox (badness 10000) in paragraph at lines 47--47
\TU/texgyretermes-regular.otf(0)/m/n/10.95 evidence item 14

Underfull \hbox (badness 10000) in paragraph at lines 47--47
\TU/texgyretermes-regular.otf(0)/m/n/10.95 remains incomplete

Overfull \hbox (24.90575pt too wide) in paragraph at lines 47--48
[]|\TU/texgyretermes-regular.otf(0)/m/n/10.95 strict_validator_report.json|

Underfull \hbox (badness 10000) in paragraph at lines 48--48
[]|\TU/texgyretermes-regular.otf(0)/m/n/10.95 Required diagnostic

Underfull \hbox (badness 10000) in paragraph at lines 48--48
\TU/texgyretermes-regular.otf(0)/m/n/10.95 evidence item 15

Underfull \hbox (badness 10000) in paragraph at lines 48--48
\TU/texgyretermes-regular.otf(0)/m/n/10.95 remains incomplete

Overfull \hbox (24.90575pt too wide) in paragraph at lines 48--49
[]|\TU/texgyretermes-regular.otf(0)/m/n/10.95 strict_validator_report.json|

Underfull \hbox (badness 10000) in paragraph at lines 49--49
[]|\TU/texgyretermes-regular.otf(0)/m/n/10.95 Required diagnostic

Underfull \hbox (badness 10000) in paragraph at lines 49--49
\TU/texgyretermes-regular.otf(0)/m/n/10.95 evidence item 16

Underfull \hbox (badness 10000) in paragraph at lines 49--49
\TU/texgyretermes-regular.otf(0)/m/n/10.95 remains incomplete

Overfull \hbox (24.90575pt too wide) in paragraph at lines 49--50
[]|\TU/texgyretermes-regular.otf(0)/m/n/10.95 strict_validator_report.json|

Underfull \hbox (badness 10000) in paragraph at lines 50--50
[]|\TU/texgyretermes-regular.otf(0)/m/n/10.95 Required diagnostic

Underfull \hbox (badness 10000) in paragraph at lines 50--50
\TU/texgyretermes-regular.otf(0)/m/n/10.95 evidence item 17

Underfull \hbox (badness 10000) in paragraph at lines 50--50
\TU/texgyretermes-regular.otf(0)/m/n/10.95 remains incomplete

Overfull \hbox (24.90575pt too wide) in paragraph at lines 50--51
[]|\TU/texgyretermes-regular.otf(0)/m/n/10.95 strict_validator_report.json|

Underfull \hbox (badness 10000) in paragraph at lines 51--51
[]|\TU/texgyretermes-regular.otf(0)/m/n/10.95 Required diagnostic

Underfull \hbox (badness 10000) in paragraph at lines 51--51
\TU/texgyretermes-regular.otf(0)/m/n/10.95 evidence item 18

Underfull \hbox (badness 10000) in paragraph at lines 51--51
\TU/texgyretermes-regular.otf(0)/m/n/10.95 remains incomplete

Overfull \hbox (24.90575pt too wide) in paragraph at lines 51--52
[]|\TU/texgyretermes-regular.otf(0)/m/n/10.95 strict_validator_report.json|

Underfull \hbox (badness 10000) in paragraph at lines 52--52
[]|\TU/texgyretermes-regular.otf(0)/m/n/10.95 Required diagnostic

Underfull \hbox (badness 10000) in paragraph at lines 52--52
\TU/texgyretermes-regular.otf(0)/m/n/10.95 evidence item 19

Underfull \hbox (badness 10000) in paragraph at lines 52--52
\TU/texgyretermes-regular.otf(0)/m/n/10.95 remains incomplete

Overfull \hbox (24.90575pt too wide) in paragraph at lines 52--53
[]|\TU/texgyretermes-regular.otf(0)/m/n/10.95 strict_validator_report.json|

Overfull \hbox (35.2521pt too wide) in alignment at lines 30--53
 [] [] [] [] []

Underfull \vbox (badness 10000) detected at line 53

Underfull \hbox (badness 10000) in paragraph at lines 53--53
[]|\TU/texgyretermes-regular.otf(0)/m/n/10.95 Required diagnostic

Underfull \hbox (badness 10000) in paragraph at lines 53--53
\TU/texgyretermes-regular.otf(0)/m/n/10.95 evidence item 20

Underfull \hbox (badness 10000) in paragraph at lines 53--53
\TU/texgyretermes-regular.otf(0)/m/n/10.95 remains incomplete

Overfull \hbox (24.90575pt too wide) in paragraph at lines 53--54
[]|\TU/texgyretermes-regular.otf(0)/m/n/10.95 strict_validator_report.json|

Overfull \hbox (35.2521pt too wide) in alignment at lines 53--55
 [] [] [] [] []
[33] [34]) [35] (./CARE_failure_forensics_20260730.aux)

Package rerunfilecheck Warning: File `CARE_failure_forensics_20260730.out' has
changed.
(rerunfilecheck)                Rerun to get outlines right
(rerunfilecheck)                or use package `bookmark'.

 )
(see the transcript file for additional information)
Output written on CARE_failure_forensics_20260730.pdf (36 pages).
Transcript written on CARE_failure_forensics_20260730.log.


This is XeTeX, Version 3.14159265-2.6-0.999992 (TeX Live 2020) (preloaded format=xelatex)
 restricted \write18 enabled.
entering extended mode
(./CARE_failure_forensics_20260730.tex
LaTeX2e <2020-10-01> patch level 4
L3 programming layer <2021-02-18>
(/usr/share/texlive/texmf-dist/tex/latex/base/article.cls
Document Class: article 2020/04/10 v1.4m Standard LaTeX document class
(/usr/share/texlive/texmf-dist/tex/latex/base/size11.clo))
(/usr/share/texlive/texmf-dist/tex/latex/geometry/geometry.sty
(/usr/share/texlive/texmf-dist/tex/latex/graphics/keyval.sty)
(/usr/share/texlive/texmf-dist/tex/generic/iftex/ifvtex.sty
(/usr/share/texlive/texmf-dist/tex/generic/iftex/iftex.sty)))
(/usr/share/texlive/texmf-dist/tex/latex/fontspec/fontspec.sty
(/usr/share/texlive/texmf-dist/tex/latex/l3packages/xparse/xparse.sty
(/usr/share/texlive/texmf-dist/tex/latex/l3kernel/expl3.sty
(/usr/share/texlive/texmf-dist/tex/latex/l3backend/l3backend-xetex.def
(|extractbb --version)))
(/usr/share/texlive/texmf-dist/tex/latex/l3packages/xparse/xparse-2020-10-01.st
y (/usr/share/texlive/texmf-dist/tex/latex/l3packages/xparse/xparse-generic.tex
))) (/usr/share/texlive/texmf-dist/tex/latex/fontspec/fontspec-xetex.sty
(/usr/share/texlive/texmf-dist/tex/latex/base/fontenc.sty)
(/usr/share/texlive/texmf-dist/tex/latex/fontspec/fontspec.cfg)))
(/users/a/e/aereinh/render_resources/chinese_math_pdf/texmf/tex/xelatex/xecjk/x
eCJK.sty
(/usr/share/texlive/texmf-dist/tex/latex/l3packages/l3keys2e/l3keys2e.sty)
(/usr/share/texlive/texmf-dist/tex/latex/l3packages/xtemplate/xtemplate.sty)
(/users/a/e/aereinh/render_resources/chinese_math_pdf/texmf/tex/latex/ctex/ctex
hook.sty)
(/users/a/e/aereinh/render_resources/chinese_math_pdf/texmf/tex/xelatex/xecjk/x
eCJK.cfg))
(/usr/share/texlive/texmf-dist/tex/latex/unicode-math/unicode-math.sty
(/usr/share/texlive/texmf-dist/tex/latex/unicode-math/unicode-math-xetex.sty
(/usr/share/texlive/texmf-dist/tex/latex/base/fix-cm.sty
(/usr/share/texlive/texmf-dist/tex/latex/base/ts1enc.def))
(/usr/share/texlive/texmf-dist/tex/latex/amsmath/amsmath.sty
For additional information on amsmath, use the `?' option.
(/usr/share/texlive/texmf-dist/tex/latex/amsmath/amstext.sty
(/usr/share/texlive/texmf-dist/tex/latex/amsmath/amsgen.sty))
(/usr/share/texlive/texmf-dist/tex/latex/amsmath/amsbsy.sty)
(/usr/share/texlive/texmf-dist/tex/latex/amsmath/amsopn.sty))
(/usr/share/texlive/texmf-dist/tex/latex/unicode-math/unicode-math-table.tex)))

Package fontspec Warning: Font "FandolSong-Regular" does not contain requested
(fontspec)                Script "CJK".

(/usr/share/texlive/texmf-dist/tex/latex/graphics/graphicx.sty
(/usr/share/texlive/texmf-dist/tex/latex/graphics/graphics.sty
(/usr/share/texlive/texmf-dist/tex/latex/graphics/trig.sty)
(/usr/share/texlive/texmf-dist/tex/latex/graphics-cfg/graphics.cfg)
(/usr/share/texlive/texmf-dist/tex/latex/graphics-def/xetex.def)))
(/usr/share/texlive/texmf-dist/tex/latex/tools/longtable.sty)
(/usr/share/texlive/texmf-dist/tex/latex/booktabs/booktabs.sty)
(/usr/share/texlive/texmf-dist/tex/latex/xcolor/xcolor.sty
(/usr/share/texlive/texmf-dist/tex/latex/graphics-cfg/color.cfg))
(/usr/share/texlive/texmf-dist/tex/latex/hyperref/hyperref.sty
(/usr/share/texlive/texmf-dist/tex/generic/ltxcmds/ltxcmds.sty)
(/usr/share/texlive/texmf-dist/tex/generic/pdftexcmds/pdftexcmds.sty
(/usr/share/texlive/texmf-dist/tex/generic/infwarerr/infwarerr.sty))
(/usr/share/texlive/texmf-dist/tex/generic/kvsetkeys/kvsetkeys.sty)
(/usr/share/texlive/texmf-dist/tex/generic/kvdefinekeys/kvdefinekeys.sty)
(/usr/share/texlive/texmf-dist/tex/generic/pdfescape/pdfescape.sty)
(/usr/share/texlive/texmf-dist/tex/latex/hycolor/hycolor.sty)
(/usr/share/texlive/texmf-dist/tex/latex/letltxmacro/letltxmacro.sty)
(/usr/share/texlive/texmf-dist/tex/latex/auxhook/auxhook.sty)
(/usr/share/texlive/texmf-dist/tex/latex/kvoptions/kvoptions.sty)
(/usr/share/texlive/texmf-dist/tex/latex/hyperref/pd1enc.def)
(/usr/share/texlive/texmf-dist/tex/latex/hyperref/hyperref-langpatches.def)
(/usr/share/texlive/texmf-dist/tex/generic/intcalc/intcalc.sty)
(/usr/share/texlive/texmf-dist/tex/generic/etexcmds/etexcmds.sty)
(/usr/share/texlive/texmf-dist/tex/latex/hyperref/puenc.def)
(/usr/share/texlive/texmf-dist/tex/latex/url/url.sty)
(/usr/share/texlive/texmf-dist/tex/generic/bitset/bitset.sty
(/usr/share/texlive/texmf-dist/tex/generic/bigintcalc/bigintcalc.sty))
(/usr/share/texlive/texmf-dist/tex/latex/base/atbegshi-ltx.sty))
(/usr/share/texlive/texmf-dist/tex/latex/hyperref/hxetex.def
(/usr/share/texlive/texmf-dist/tex/generic/stringenc/stringenc.sty)
(/usr/share/texlive/texmf-dist/tex/latex/rerunfilecheck/rerunfilecheck.sty
(/usr/share/texlive/texmf-dist/tex/latex/base/atveryend-ltx.sty)
(/usr/share/texlive/texmf-dist/tex/generic/uniquecounter/uniquecounter.sty)))
(./CARE_failure_forensics_20260730.aux)
*geometry* driver: auto-detecting
*geometry* detected driver: xetex
(/usr/share/texlive/texmf-dist/tex/latex/hyperref/nameref.sty
(/usr/share/texlive/texmf-dist/tex/latex/refcount/refcount.sty)
(/usr/share/texlive/texmf-dist/tex/generic/gettitlestring/gettitlestring.sty))
(./CARE_failure_forensics_20260730.out) (./CARE_failure_forensics_20260730.out)
[1] (./CARE_failure_forensics_20260730.toc [1]) [2] [3]
(./sections/section_01.tex [4]) (./sections/section_02.tex
Underfull \vbox (badness 10000) detected at line 17
[5]) (./sections/section_03.tex
Underfull \hbox (badness 10000) in paragraph at lines 12--13
[]|\TU/texgyretermes-regular.otf(0)/m/n/10.95 T2-present official

Underfull \vbox (badness 10000) detected at line 15
[6]) (./sections/section_04.tex [7]) (./sections/section_05.tex
Overfull \hbox (28.22359pt too wide) in paragraph at lines 11--11
[]|\TU/texgyretermes-regular.otf(0)/m/n/10.95 missing_modality_handling|

Underfull \hbox (badness 10000) in paragraph at lines 13--13
[]|\TU/texgyretermes-regular.otf(0)/m/n/10.95 historical CARE

Overfull \hbox (74.89247pt too wide) in paragraph at lines 13--13
[]|\TU/texgyretermes-regular.otf(0)/m/n/10.95 UNBOUND_OR_ROUTE_SPECIFIC|

Underfull \hbox (badness 10000) in paragraph at lines 14--14
[]|\TU/texgyretermes-regular.otf(0)/m/n/10.95 historical CARE

Overfull \hbox (74.89247pt too wide) in paragraph at lines 14--14
[]|\TU/texgyretermes-regular.otf(0)/m/n/10.95 UNBOUND_OR_ROUTE_SPECIFIC|

Underfull \hbox (badness 10000) in paragraph at lines 15--15
[]|\TU/texgyretermes-regular.otf(0)/m/n/10.95 historical CARE

Overfull \hbox (74.89247pt too wide) in paragraph at lines 15--15
[]|\TU/texgyretermes-regular.otf(0)/m/n/10.95 UNBOUND_OR_ROUTE_SPECIFIC|

Underfull \hbox (badness 10000) in paragraph at lines 16--16
[]|\TU/texgyretermes-regular.otf(0)/m/n/10.95 historical CARE

Overfull \hbox (74.89247pt too wide) in paragraph at lines 16--16
[]|\TU/texgyretermes-regular.otf(0)/m/n/10.95 UNBOUND_OR_ROUTE_SPECIFIC|

Underfull \hbox (badness 10000) in paragraph at lines 17--17
[]|\TU/texgyretermes-regular.otf(0)/m/n/10.95 historical CARE

Overfull \hbox (74.89247pt too wide) in paragraph at lines 17--17
[]|\TU/texgyretermes-regular.otf(0)/m/n/10.95 UNBOUND_OR_ROUTE_SPECIFIC|

Overfull \hbox (35.2521pt too wide) in alignment at lines 9--19
 [] [] [] [] []

Underfull \vbox (badness 10000) detected at line 19
[8]) (./sections/section_06.tex [9]) (./sections/section_07.tex [10])
(./sections/section_08.tex [11]) (./sections/section_09.tex [12])
(./sections/section_10.tex [13]) (./sections/section_11.tex
Overfull \hbox (82.43701pt too wide) in paragraph at lines 13--13
[]|\TU/texgyretermes-regular.otf(0)/m/n/10.95 D0_FULL_PRETRAINED_IDENTITY|

Underfull \vbox (badness 10000) detected at line 15
[14]) (./sections/section_12.tex
Underfull \vbox (badness 10000) detected at line 15
[15]) (./sections/section_13.tex [16]) (./sections/section_14.tex [17])
(./sections/section_15.tex [18]) (./sections/section_16.tex
! Missing $ inserted.
<inserted text>
                $
l.7 病例 montage 的选择依赖 standardized_
                                  casewise_metrics。本包目前只生成 QA contact sheet，...

! Missing $ inserted.
<inserted text>
                $
l.8


Overfull \hbox (81.9243pt too wide) in paragraph at lines 7--8
[]\TU/FandolSong-Regular.otf(0)/m/n/10.95 病 例 \TU/texgyretermes-regular.otf(0)/
m/n/10.95 montage \TU/FandolSong-Regular.otf(0)/m/n/10.95 的 选 择 依 赖 \TU/texgyre
termes-regular.otf(0)/m/n/10.95 standardized$[][][][][][][][][][][][][][][][][]
[][][][][][][][][][][][][][][][][][][][][][][][][][][][][][][][][][][][][][][][
][][][][][][][][][][][][][][][][]$
[19]) (./sections/section_17.tex [20]) (./sections/section_18.tex
! Missing $ inserted.
<inserted text>
                $
l.7 ... 不能稳定超过 always-best-single-model，必须写 LOCAL_
                                                  EVIDENCE_DOES_NOT_SUPPORT_...

! Missing $ inserted.
<inserted text>
                $
l.8


Overfull \hbox (240.39296pt too wide) in paragraph at lines 7--8
[]\TU/FandolSong-Regular.otf(0)/m/n/10.95 若 \TU/texgyretermes-regular.otf(0)/m/
n/10.95 selector nested CV \TU/FandolSong-Regular.otf(0)/m/n/10.95 不 能 稳 定 超 过
\TU/texgyretermes-regular.otf(0)/m/n/10.95 always-best-single-model\TU/FandolSo
ng-Regular.otf(0)/m/n/10.95 ，|  必 须 写 \TU/texgyretermes-regular.otf(0)/m/n/10.9
5 LOCAL$[][][][][][][][][][][][][][][][][][][][][][][][][][][][][][][][][][][][
][][][][][][][][][][][][][][][][][][][][][][][][][][]$
[21]) (./sections/section_19.tex [22]) (./sections/section_20.tex
Underfull \vbox (badness 10000) detected at line 13
[23]) (./sections/section_21.tex [24]) (./sections/section_22.tex [25])
(./sections/section_23.tex [26]) (./sections/section_24.tex [27])
(./sections/section_25.tex [28]) (./sections/section_26.tex
Overfull \hbox (49.49944pt too wide) in paragraph at lines 13--13
[]|\TU/texgyretermes-regular.otf(0)/m/n/10.95 METRIC_IMPLEMENTATION|

Underfull \hbox (badness 1127) in paragraph at lines 13--13
[]|\TU/texgyretermes-regular.otf(0)/m/n/10.95 remote FP \TU/FandolSong-Regular.
otf(0)/m/n/10.95 和 \TU/texgyretermes-regular.otf(0)/m/n/10.95 pure-

Underfull \hbox (badness 10000) in paragraph at lines 13--13
\TU/texgyretermes-regular.otf(0)/m/n/10.95 edema/edema-zone

Underfull \hbox (badness 3029) in paragraph at lines 13--13
\TU/FandolSong-Regular.otf(0)/m/n/10.95 语 义 已 有 \TU/texgyretermes-regular.otf(0
)/m/n/10.95 known-

Overfull \hbox (39.16263pt too wide) in paragraph at lines 14--14
[]|\TU/texgyretermes-regular.otf(0)/m/n/10.95 CHECKPOINT_OR_RECIPE|

Underfull \hbox (badness 10000) in paragraph at lines 14--14
[]|\TU/texgyretermes-regular.otf(0)/m/n/10.95 MoSAIC clean/full-

Overfull \hbox (59.19019pt too wide) in paragraph at lines 15--15
[]|\TU/texgyretermes-regular.otf(0)/m/n/10.95 DECODER_CAPABILITY_LOSS|

Overfull \hbox (43.0718pt too wide) in paragraph at lines 16--16
[]|\TU/texgyretermes-regular.otf(0)/m/n/10.95 COMPONENT_NOT_WIRED|

Underfull \hbox (badness 10000) in paragraph at lines 16--16
[]|\TU/FandolSong-Regular.otf(0)/m/n/10.95 多 个 路 线 需

Underfull \hbox (badness 10000) in paragraph at lines 16--16
\TU/texgyretermes-regular.otf(0)/m/n/10.95 forward/on-off

Overfull \hbox (95.34706pt too wide) in paragraph at lines 17--17
[]|\TU/texgyretermes-regular.otf(0)/m/n/10.95 INSUFFICIENT_PATHOLOGY_SIGNAL|

Underfull \hbox (badness 2884) in paragraph at lines 17--17
[]|\TU/texgyretermes-regular.otf(0)/m/n/10.95 feature probe \TU/FandolSong-Regu
lar.otf(0)/m/n/10.95 未 运

Overfull \hbox (68.84808pt too wide) in paragraph at lines 18--18
[]|\TU/texgyretermes-regular.otf(0)/m/n/10.95 MULTIMODAL_MISALIGNMENT|

Overfull \hbox (32.4503pt too wide) in paragraph at lines 19--19
[]|\TU/texgyretermes-regular.otf(0)/m/n/10.95 CINE_TASK_DEFINITION|

Overfull \hbox (35.2521pt too wide) in alignment at lines 9--21
 [] [] [] [] []

Underfull \vbox (badness 10000) detected at line 21
[29]) (./sections/section_27.tex
! You can't use `macro parameter character #' in vertical mode.
l.7 #
      Local Evidence Conclusions
[30]) (./sections/section_28.tex [31]) (./sections/section_29.tex [32])
(./sections/section_30.tex
! You can't use `macro parameter character #' in vertical mode.
l.7 #
      Research Decision Tree
[33]) (./sections/appendices.tex
Overfull \hbox (602.1458pt too wide) in paragraph at lines 7--7
[]|\TU/texgyretermes-regular.otf(0)/m/n/10.95 /users/a/e/aereinh/CARE/data/nnUN
et/nnUNet_results/Dataset502_CARECineMyoPS/nnUNetTrainer__nnUNetPlans__3d_fullr
es/fold_0/checkpoint_final.pth|

Overfull \hbox (41.11174pt too wide) in paragraph at lines 7--8
[]|\TU/texgyretermes-regular.otf(0)/m/n/10.95 LARGE_METADATA_ONLY|

Overfull \hbox (600.1529pt too wide) in paragraph at lines 8--8
[]|\TU/texgyretermes-regular.otf(0)/m/n/10.95 /users/a/e/aereinh/CARE/data/nnUN
et/nnUNet_results/Dataset502_CARECineMyoPS/nnUNetTrainer__nnUNetPlans__3d_fullr
es/fold_0/checkpoint_best.pth|

Overfull \hbox (41.11174pt too wide) in paragraph at lines 8--9
[]|\TU/texgyretermes-regular.otf(0)/m/n/10.95 LARGE_METADATA_ONLY|

Overfull \hbox (654.28969pt too wide) in paragraph at lines 9--9
[]|\TU/texgyretermes-regular.otf(0)/m/n/10.95 /users/a/e/aereinh/CARE/data/nnUN
et/nnUNet_results/Dataset502_CARECineMyoPS/nnUNetTrainer_500epochs__nnUNetPlans
__3d_fullres/fold_4/checkpoint_final.pth|

Overfull \hbox (41.11174pt too wide) in paragraph at lines 9--10
[]|\TU/texgyretermes-regular.otf(0)/m/n/10.95 LARGE_METADATA_ONLY|

Overfull \hbox (652.29678pt too wide) in paragraph at lines 10--10
[]|\TU/texgyretermes-regular.otf(0)/m/n/10.95 /users/a/e/aereinh/CARE/data/nnUN
et/nnUNet_results/Dataset502_CARECineMyoPS/nnUNetTrainer_500epochs__nnUNetPlans
__3d_fullres/fold_4/checkpoint_best.pth|

Overfull \hbox (41.11174pt too wide) in paragraph at lines 10--11
[]|\TU/texgyretermes-regular.otf(0)/m/n/10.95 LARGE_METADATA_ONLY|

Overfull \hbox (654.28969pt too wide) in paragraph at lines 11--11
[]|\TU/texgyretermes-regular.otf(0)/m/n/10.95 /users/a/e/aereinh/CARE/data/nnUN
et/nnUNet_results/Dataset502_CARECineMyoPS/nnUNetTrainer_500epochs__nnUNetPlans
__3d_fullres/fold_0/checkpoint_final.pth|

Overfull \hbox (41.11174pt too wide) in paragraph at lines 11--12
[]|\TU/texgyretermes-regular.otf(0)/m/n/10.95 LARGE_METADATA_ONLY|

Overfull \hbox (652.29678pt too wide) in paragraph at lines 12--12
[]|\TU/texgyretermes-regular.otf(0)/m/n/10.95 /users/a/e/aereinh/CARE/data/nnUN
et/nnUNet_results/Dataset502_CARECineMyoPS/nnUNetTrainer_500epochs__nnUNetPlans
__3d_fullres/fold_0/checkpoint_best.pth|

Overfull \hbox (41.11174pt too wide) in paragraph at lines 12--13
[]|\TU/texgyretermes-regular.otf(0)/m/n/10.95 LARGE_METADATA_ONLY|

Overfull \hbox (654.28969pt too wide) in paragraph at lines 13--13
[]|\TU/texgyretermes-regular.otf(0)/m/n/10.95 /users/a/e/aereinh/CARE/data/nnUN
et/nnUNet_results/Dataset502_CARECineMyoPS/nnUNetTrainer_500epochs__nnUNetPlans
__3d_fullres/fold_2/checkpoint_final.pth|

Overfull \hbox (41.11174pt too wide) in paragraph at lines 13--14
[]|\TU/texgyretermes-regular.otf(0)/m/n/10.95 LARGE_METADATA_ONLY|

Overfull \hbox (652.29678pt too wide) in paragraph at lines 14--14
[]|\TU/texgyretermes-regular.otf(0)/m/n/10.95 /users/a/e/aereinh/CARE/data/nnUN
et/nnUNet_results/Dataset502_CARECineMyoPS/nnUNetTrainer_500epochs__nnUNetPlans
__3d_fullres/fold_2/checkpoint_best.pth|

Overfull \hbox (41.11174pt too wide) in paragraph at lines 14--15
[]|\TU/texgyretermes-regular.otf(0)/m/n/10.95 LARGE_METADATA_ONLY|

Overfull \hbox (654.28969pt too wide) in paragraph at lines 15--15
[]|\TU/texgyretermes-regular.otf(0)/m/n/10.95 /users/a/e/aereinh/CARE/data/nnUN
et/nnUNet_results/Dataset502_CARECineMyoPS/nnUNetTrainer_500epochs__nnUNetPlans
__3d_fullres/fold_1/checkpoint_final.pth|

Overfull \hbox (41.11174pt too wide) in paragraph at lines 15--16
[]|\TU/texgyretermes-regular.otf(0)/m/n/10.95 LARGE_METADATA_ONLY|

Overfull \hbox (652.29678pt too wide) in paragraph at lines 16--16
[]|\TU/texgyretermes-regular.otf(0)/m/n/10.95 /users/a/e/aereinh/CARE/data/nnUN
et/nnUNet_results/Dataset502_CARECineMyoPS/nnUNetTrainer_500epochs__nnUNetPlans
__3d_fullres/fold_1/checkpoint_best.pth|

Overfull \hbox (41.11174pt too wide) in paragraph at lines 16--17
[]|\TU/texgyretermes-regular.otf(0)/m/n/10.95 LARGE_METADATA_ONLY|

Overfull \hbox (654.28969pt too wide) in paragraph at lines 17--17
[]|\TU/texgyretermes-regular.otf(0)/m/n/10.95 /users/a/e/aereinh/CARE/data/nnUN
et/nnUNet_results/Dataset502_CARECineMyoPS/nnUNetTrainer_500epochs__nnUNetPlans
__3d_fullres/fold_3/checkpoint_final.pth|

Overfull \hbox (41.11174pt too wide) in paragraph at lines 17--18
[]|\TU/texgyretermes-regular.otf(0)/m/n/10.95 LARGE_METADATA_ONLY|

Overfull \hbox (652.29678pt too wide) in paragraph at lines 18--18
[]|\TU/texgyretermes-regular.otf(0)/m/n/10.95 /users/a/e/aereinh/CARE/data/nnUN
et/nnUNet_results/Dataset502_CARECineMyoPS/nnUNetTrainer_500epochs__nnUNetPlans
__3d_fullres/fold_3/checkpoint_best.pth|

Overfull \hbox (41.11174pt too wide) in paragraph at lines 18--19
[]|\TU/texgyretermes-regular.otf(0)/m/n/10.95 LARGE_METADATA_ONLY|

Overfull \hbox (642.01474pt too wide) in paragraph at lines 19--19
[]|\TU/texgyretermes-regular.otf(0)/m/n/10.95 /users/a/e/aereinh/CARE/data/nnUN
et/nnUNet_results/nnUNet/2d/Task025_Cine_Seg/nnUNetTrainerV2__nnUNetPlansv2.1/f
old_0/model_final_checkpoint.model.pkl|

Overfull \hbox (237.32474pt too wide) in paragraph at lines 19--19
[]|\TU/texgyretermes-regular.otf(0)/m/n/10.95 ea87fb6002a766379c529eaf0c5610711
3e17861efefac4e7b54d81c0ea5cc0b|

Overfull \hbox (10.58316pt too wide) in paragraph at lines 19--20
[]|\TU/texgyretermes-regular.otf(0)/m/n/10.95 PREFIX_8192_BYTES|

Overfull \hbox (625.28316pt too wide) in paragraph at lines 20--20
[]|\TU/texgyretermes-regular.otf(0)/m/n/10.95 /users/a/e/aereinh/CARE/data/nnUN
et/nnUNet_results/nnUNet/2d/Task025_Cine_Seg/nnUNetTrainerV2__nnUNetPlansv2.1/f
old_0/model_final_checkpoint.model|

Overfull \hbox (41.11174pt too wide) in paragraph at lines 20--21
[]|\TU/texgyretermes-regular.otf(0)/m/n/10.95 LARGE_METADATA_ONLY|

Overfull \hbox (706.75113pt too wide) in paragraph at lines 21--21
[]|\TU/texgyretermes-regular.otf(0)/m/n/10.95 /users/a/e/aereinh/CARE/data/nnUN
et/nnUNet_results/nnUNet/2d/Task026_Cine_4D_smoke/CARECineMyoPSTrainer__nnUNetP
lansv2.1/fold_0/model_final_checkpoint.model.pkl|

Overfull \hbox (240.92728pt too wide) in paragraph at lines 21--21
[]|\TU/texgyretermes-regular.otf(0)/m/n/10.95 cdeca70da84be8d8db3471352c0728f07
3ab4ac911cff1ba34104206c565c5e9|

Overfull \hbox (690.01955pt too wide) in paragraph at lines 22--22
[]|\TU/texgyretermes-regular.otf(0)/m/n/10.95 /users/a/e/aereinh/CARE/data/nnUN
et/nnUNet_results/nnUNet/2d/Task026_Cine_4D_smoke/CARECineMyoPSTrainer__nnUNetP
lansv2.1/fold_0/model_final_checkpoint.model|

Overfull \hbox (41.11174pt too wide) in paragraph at lines 22--23
[]|\TU/texgyretermes-regular.otf(0)/m/n/10.95 LARGE_METADATA_ONLY|

Overfull \hbox (476.31937pt too wide) in paragraph at lines 23--23
[]|\TU/texgyretermes-regular.otf(0)/m/n/10.95 /users/a/e/aereinh/CARE/results/2
0260726_care_fullinfo_nnunet_and_care_scf/care_scf_v1/mosaic_oof_checkpoint_man
ifest.csv|

Overfull \hbox (236.66772pt too wide) in paragraph at lines 23--23
[]|\TU/texgyretermes-regular.otf(0)/m/n/10.95 b9ffabd601e3e9a502a4cf9be4fb602de
6029a0688591c7d39cf05af21683e09|

Overfull \hbox (519.68135pt too wide) in paragraph at lines 24--24
[]|\TU/texgyretermes-regular.otf(0)/m/n/10.95 /users/a/e/aereinh/CARE/results/2
0260726_care_fullinfo_nnunet_and_care_scf/care_scf_v1/mosaic_oof/fold0/oof_chec
kpoint_manifest.csv|

Overfull \hbox (240.43451pt too wide) in paragraph at lines 24--24
[]|\TU/texgyretermes-regular.otf(0)/m/n/10.95 86bdeb34e4b90695dcdcac41e55461ca9
12f060fccba84f8717a99d1cbdf2850|

Overfull \hbox (672.90468pt too wide) in paragraph at lines 25--25
[]|\TU/texgyretermes-regular.otf(0)/m/n/10.95 /users/a/e/aereinh/CARE/data/nnUN
et/nnUNet_results/nnUNet/2d/Task026_Cine_4D/CARECineMyoPSTrainer__nnUNetPlansv2
.1/fold_0/model_final_checkpoint.model.pkl|

Overfull \hbox (240.06223pt too wide) in paragraph at lines 25--25
[]|\TU/texgyretermes-regular.otf(0)/m/n/10.95 39b3eea294b9e0b04fee593f69189e461
d29b7f64ed4a13fd2c7579f7b64792e|

Overfull \hbox (10.58316pt too wide) in paragraph at lines 25--26
[]|\TU/texgyretermes-regular.otf(0)/m/n/10.95 PREFIX_8192_BYTES|

Overfull \hbox (35.2521pt too wide) in alignment at lines 3--26
 [] [] [] [] []

Underfull \vbox (badness 10000) detected at line 26

Overfull \hbox (656.1731pt too wide) in paragraph at lines 26--26
[]|\TU/texgyretermes-regular.otf(0)/m/n/10.95 /users/a/e/aereinh/CARE/data/nnUN
et/nnUNet_results/nnUNet/2d/Task026_Cine_4D/CARECineMyoPSTrainer__nnUNetPlansv2
.1/fold_0/model_final_checkpoint.model|

Overfull \hbox (41.11174pt too wide) in paragraph at lines 26--27
[]|\TU/texgyretermes-regular.otf(0)/m/n/10.95 LARGE_METADATA_ONLY|

Overfull \hbox (35.2521pt too wide) in alignment at lines 26--28
 [] [] [] [] []

Underfull \hbox (badness 10000) in paragraph at lines 34--34
[]|\TU/FandolSong-Regular.otf(0)/m/n/10.95 本 包 读 取

Underfull \hbox (badness 10000) in paragraph at lines 34--34
\TU/texgyretermes-regular.otf(0)/m/n/10.95 Dataset501 la-

Overfull \hbox (8.46979pt too wide) in paragraph at lines 34--35
[]|\TU/texgyretermes-regular.otf(0)/m/n/10.95 data_case_manifest.csv|

Underfull \hbox (badness 10000) in paragraph at lines 35--35
[]|\TU/texgyretermes-regular.otf(0)/m/n/10.95 reference metric

Underfull \hbox (badness 10000) in paragraph at lines 35--35
\TU/texgyretermes-regular.otf(0)/m/n/10.95 known-bad fixtures

Underfull \hbox (badness 10000) in paragraph at lines 35--35
\TU/texgyretermes-regular.otf(0)/m/n/10.95 pass for remote

Underfull \hbox (badness 7925) in paragraph at lines 35--35
\TU/texgyretermes-regular.otf(0)/m/n/10.95 FP, spacing HD95,

Underfull \hbox (badness 10000) in paragraph at lines 35--35
\TU/texgyretermes-regular.otf(0)/m/n/10.95 empty cases and

Overfull \hbox (89.01799pt too wide) in paragraph at lines 35--36
[]|\TU/texgyretermes-regular.otf(0)/m/n/10.95 reference_metric_known_bad_report
.json|

Underfull \hbox (badness 10000) in paragraph at lines 36--36
[]|\TU/texgyretermes-regular.otf(0)/m/n/10.95 full-data MoSAIC

Underfull \hbox (badness 5504) in paragraph at lines 36--36
\TU/texgyretermes-regular.otf(0)/m/n/10.95 evidence cannot be

Underfull \hbox (badness 1852) in paragraph at lines 36--36
\TU/texgyretermes-regular.otf(0)/m/n/10.95 used as clean fold0

Overfull \hbox (39.44734pt too wide) in paragraph at lines 36--37
[]|\TU/texgyretermes-regular.otf(0)/m/n/10.95 mosaic_ablation_contract.json|

Underfull \hbox (badness 10000) in paragraph at lines 37--37
[]|\TU/texgyretermes-regular.otf(0)/m/n/10.95 PRISM decoder-

Underfull \hbox (badness 10000) in paragraph at lines 37--37
\TU/texgyretermes-regular.otf(0)/m/n/10.95 reset explanation

Underfull \hbox (badness 10000) in paragraph at lines 37--37
\TU/texgyretermes-regular.otf(0)/m/n/10.95 remains unresolved

Underfull \hbox (badness 10000) in paragraph at lines 37--37
\TU/texgyretermes-regular.otf(0)/m/n/10.95 until D0-D3 ter-

Underfull \hbox (badness 10000) in paragraph at lines 37--37
\TU/texgyretermes-regular.otf(0)/m/n/10.95 minal diagnostics

Overfull \hbox (65.69447pt too wide) in paragraph at lines 37--38
[]|\TU/texgyretermes-regular.otf(0)/m/n/10.95 decoder_reset_diagnostic_report.m
d|

Underfull \hbox (badness 10000) in paragraph at lines 38--38
[]|\TU/texgyretermes-regular.otf(0)/m/n/10.95 Required diagnostic

Underfull \hbox (badness 10000) in paragraph at lines 38--38
\TU/texgyretermes-regular.otf(0)/m/n/10.95 evidence item 5

Underfull \hbox (badness 10000) in paragraph at lines 38--38
\TU/texgyretermes-regular.otf(0)/m/n/10.95 remains incomplete

Overfull \hbox (24.90575pt too wide) in paragraph at lines 38--39
[]|\TU/texgyretermes-regular.otf(0)/m/n/10.95 strict_validator_report.json|

Underfull \hbox (badness 10000) in paragraph at lines 39--39
[]|\TU/texgyretermes-regular.otf(0)/m/n/10.95 Required diagnostic

Underfull \hbox (badness 10000) in paragraph at lines 39--39
\TU/texgyretermes-regular.otf(0)/m/n/10.95 evidence item 6

Underfull \hbox (badness 10000) in paragraph at lines 39--39
\TU/texgyretermes-regular.otf(0)/m/n/10.95 remains incomplete

Overfull \hbox (24.90575pt too wide) in paragraph at lines 39--40
[]|\TU/texgyretermes-regular.otf(0)/m/n/10.95 strict_validator_report.json|

Underfull \hbox (badness 10000) in paragraph at lines 40--40
[]|\TU/texgyretermes-regular.otf(0)/m/n/10.95 Required diagnostic

Underfull \hbox (badness 10000) in paragraph at lines 40--40
\TU/texgyretermes-regular.otf(0)/m/n/10.95 evidence item 7

Underfull \hbox (badness 10000) in paragraph at lines 40--40
\TU/texgyretermes-regular.otf(0)/m/n/10.95 remains incomplete

Overfull \hbox (24.90575pt too wide) in paragraph at lines 40--41
[]|\TU/texgyretermes-regular.otf(0)/m/n/10.95 strict_validator_report.json|

Underfull \hbox (badness 10000) in paragraph at lines 41--41
[]|\TU/texgyretermes-regular.otf(0)/m/n/10.95 Required diagnostic

Underfull \hbox (badness 10000) in paragraph at lines 41--41
\TU/texgyretermes-regular.otf(0)/m/n/10.95 evidence item 8

Underfull \hbox (badness 10000) in paragraph at lines 41--41
\TU/texgyretermes-regular.otf(0)/m/n/10.95 remains incomplete

Overfull \hbox (24.90575pt too wide) in paragraph at lines 41--42
[]|\TU/texgyretermes-regular.otf(0)/m/n/10.95 strict_validator_report.json|

Underfull \hbox (badness 10000) in paragraph at lines 42--42
[]|\TU/texgyretermes-regular.otf(0)/m/n/10.95 Required diagnostic

Underfull \hbox (badness 10000) in paragraph at lines 42--42
\TU/texgyretermes-regular.otf(0)/m/n/10.95 evidence item 9

Underfull \hbox (badness 10000) in paragraph at lines 42--42
\TU/texgyretermes-regular.otf(0)/m/n/10.95 remains incomplete

Overfull \hbox (24.90575pt too wide) in paragraph at lines 42--43
[]|\TU/texgyretermes-regular.otf(0)/m/n/10.95 strict_validator_report.json|

Underfull \hbox (badness 10000) in paragraph at lines 43--43
[]|\TU/texgyretermes-regular.otf(0)/m/n/10.95 Required diagnostic

Underfull \hbox (badness 10000) in paragraph at lines 43--43
\TU/texgyretermes-regular.otf(0)/m/n/10.95 evidence item 10

Underfull \hbox (badness 10000) in paragraph at lines 43--43
\TU/texgyretermes-regular.otf(0)/m/n/10.95 remains incomplete

Overfull \hbox (24.90575pt too wide) in paragraph at lines 43--44
[]|\TU/texgyretermes-regular.otf(0)/m/n/10.95 strict_validator_report.json|

Underfull \hbox (badness 10000) in paragraph at lines 44--44
[]|\TU/texgyretermes-regular.otf(0)/m/n/10.95 Required diagnostic

Underfull \hbox (badness 10000) in paragraph at lines 44--44
\TU/texgyretermes-regular.otf(0)/m/n/10.95 evidence item 11

Underfull \hbox (badness 10000) in paragraph at lines 44--44
\TU/texgyretermes-regular.otf(0)/m/n/10.95 remains incomplete

Overfull \hbox (24.90575pt too wide) in paragraph at lines 44--45
[]|\TU/texgyretermes-regular.otf(0)/m/n/10.95 strict_validator_report.json|

Underfull \hbox (badness 10000) in paragraph at lines 45--45
[]|\TU/texgyretermes-regular.otf(0)/m/n/10.95 Required diagnostic

Underfull \hbox (badness 10000) in paragraph at lines 45--45
\TU/texgyretermes-regular.otf(0)/m/n/10.95 evidence item 12

Underfull \hbox (badness 10000) in paragraph at lines 45--45
\TU/texgyretermes-regular.otf(0)/m/n/10.95 remains incomplete

Overfull \hbox (24.90575pt too wide) in paragraph at lines 45--46
[]|\TU/texgyretermes-regular.otf(0)/m/n/10.95 strict_validator_report.json|

Underfull \hbox (badness 10000) in paragraph at lines 46--46
[]|\TU/texgyretermes-regular.otf(0)/m/n/10.95 Required diagnostic

Underfull \hbox (badness 10000) in paragraph at lines 46--46
\TU/texgyretermes-regular.otf(0)/m/n/10.95 evidence item 13

Underfull \hbox (badness 10000) in paragraph at lines 46--46
\TU/texgyretermes-regular.otf(0)/m/n/10.95 remains incomplete

Overfull \hbox (24.90575pt too wide) in paragraph at lines 46--47
[]|\TU/texgyretermes-regular.otf(0)/m/n/10.95 strict_validator_report.json|

Underfull \hbox (badness 10000) in paragraph at lines 47--47
[]|\TU/texgyretermes-regular.otf(0)/m/n/10.95 Required diagnostic

Underfull \hbox (badness 10000) in paragraph at lines 47--47
\TU/texgyretermes-regular.otf(0)/m/n/10.95 evidence item 14

Underfull \hbox (badness 10000) in paragraph at lines 47--47
\TU/texgyretermes-regular.otf(0)/m/n/10.95 remains incomplete

Overfull \hbox (24.90575pt too wide) in paragraph at lines 47--48
[]|\TU/texgyretermes-regular.otf(0)/m/n/10.95 strict_validator_report.json|

Underfull \hbox (badness 10000) in paragraph at lines 48--48
[]|\TU/texgyretermes-regular.otf(0)/m/n/10.95 Required diagnostic

Underfull \hbox (badness 10000) in paragraph at lines 48--48
\TU/texgyretermes-regular.otf(0)/m/n/10.95 evidence item 15

Underfull \hbox (badness 10000) in paragraph at lines 48--48
\TU/texgyretermes-regular.otf(0)/m/n/10.95 remains incomplete

Overfull \hbox (24.90575pt too wide) in paragraph at lines 48--49
[]|\TU/texgyretermes-regular.otf(0)/m/n/10.95 strict_validator_report.json|

Underfull \hbox (badness 10000) in paragraph at lines 49--49
[]|\TU/texgyretermes-regular.otf(0)/m/n/10.95 Required diagnostic

Underfull \hbox (badness 10000) in paragraph at lines 49--49
\TU/texgyretermes-regular.otf(0)/m/n/10.95 evidence item 16

Underfull \hbox (badness 10000) in paragraph at lines 49--49
\TU/texgyretermes-regular.otf(0)/m/n/10.95 remains incomplete

Overfull \hbox (24.90575pt too wide) in paragraph at lines 49--50
[]|\TU/texgyretermes-regular.otf(0)/m/n/10.95 strict_validator_report.json|

Underfull \hbox (badness 10000) in paragraph at lines 50--50
[]|\TU/texgyretermes-regular.otf(0)/m/n/10.95 Required diagnostic

Underfull \hbox (badness 10000) in paragraph at lines 50--50
\TU/texgyretermes-regular.otf(0)/m/n/10.95 evidence item 17

Underfull \hbox (badness 10000) in paragraph at lines 50--50
\TU/texgyretermes-regular.otf(0)/m/n/10.95 remains incomplete

Overfull \hbox (24.90575pt too wide) in paragraph at lines 50--51
[]|\TU/texgyretermes-regular.otf(0)/m/n/10.95 strict_validator_report.json|

Underfull \hbox (badness 10000) in paragraph at lines 51--51
[]|\TU/texgyretermes-regular.otf(0)/m/n/10.95 Required diagnostic

Underfull \hbox (badness 10000) in paragraph at lines 51--51
\TU/texgyretermes-regular.otf(0)/m/n/10.95 evidence item 18

Underfull \hbox (badness 10000) in paragraph at lines 51--51
\TU/texgyretermes-regular.otf(0)/m/n/10.95 remains incomplete

Overfull \hbox (24.90575pt too wide) in paragraph at lines 51--52
[]|\TU/texgyretermes-regular.otf(0)/m/n/10.95 strict_validator_report.json|

Underfull \hbox (badness 10000) in paragraph at lines 52--52
[]|\TU/texgyretermes-regular.otf(0)/m/n/10.95 Required diagnostic

Underfull \hbox (badness 10000) in paragraph at lines 52--52
\TU/texgyretermes-regular.otf(0)/m/n/10.95 evidence item 19

Underfull \hbox (badness 10000) in paragraph at lines 52--52
\TU/texgyretermes-regular.otf(0)/m/n/10.95 remains incomplete

Overfull \hbox (24.90575pt too wide) in paragraph at lines 52--53
[]|\TU/texgyretermes-regular.otf(0)/m/n/10.95 strict_validator_report.json|

Overfull \hbox (35.2521pt too wide) in alignment at lines 30--53
 [] [] [] [] []

Underfull \vbox (badness 10000) detected at line 53

Underfull \hbox (badness 10000) in paragraph at lines 53--53
[]|\TU/texgyretermes-regular.otf(0)/m/n/10.95 Required diagnostic

Underfull \hbox (badness 10000) in paragraph at lines 53--53
\TU/texgyretermes-regular.otf(0)/m/n/10.95 evidence item 20

Underfull \hbox (badness 10000) in paragraph at lines 53--53
\TU/texgyretermes-regular.otf(0)/m/n/10.95 remains incomplete

Overfull \hbox (24.90575pt too wide) in paragraph at lines 53--54
[]|\TU/texgyretermes-regular.otf(0)/m/n/10.95 strict_validator_report.json|

Overfull \hbox (35.2521pt too wide) in alignment at lines 53--55
 [] [] [] [] []
[34] [35]) [36] (./CARE_failure_forensics_20260730.aux) )
(see the transcript file for additional information)
Output written on CARE_failure_forensics_20260730.pdf (37 pages).
Transcript written on CARE_failure_forensics_20260730.log.
